[hackathon] train.csv: 9556 bbox, 1541 vehicle_id, 9556 кадров
[hackathon] камеры из CSV: 96 шт. — псевдокамера не нужна
[hackathon] протокол «track», fit: 7655 bbox / 1233 id; val query: 1213 (без пары: 243), gallery: 688
[val] маска «rand», боксов в кеше 10728/11416
[models] ft:hack_dinov2_b_336_distill20: vit_base_patch14_dinov2.lvd142m, D=1536, input=336, device=cuda

extract[query]:   0%|          | 0/19 [00:00<?, ?batch/s]
extract[query]:   5%|▌         | 1/19 [00:16<04:49, 16.11s/batch]
extract[query]:  11%|█         | 2/19 [00:16<01:55,  6.79s/batch]
extract[query]:  16%|█▌        | 3/19 [00:16<01:00,  3.81s/batch]
extract[query]:  21%|██        | 4/19 [00:16<00:36,  2.41s/batch]
extract[query]:  26%|██▋       | 5/19 [00:17<00:23,  1.64s/batch]
extract[query]:  32%|███▏      | 6/19 [00:17<00:15,  1.17s/batch]
extract[query]:  37%|███▋      | 7/19 [00:17<00:10,  1.14batch/s]
extract[query]:  42%|████▏     | 8/19 [00:17<00:07,  1.47batch/s]
extract[query]:  47%|████▋     | 9/19 [00:18<00:06,  1.50batch/s]
extract[query]:  53%|█████▎    | 10/19 [00:18<00:04,  1.84batch/s]
extract[query]:  58%|█████▊    | 11/19 [00:19<00:03,  2.19batch/s]
extract[query]:  63%|██████▎   | 12/19 [00:19<00:02,  2.52batch/s]
extract[query]:  68%|██████▊   | 13/19 [00:20<00:02,  2.04batch/s]
extract[query]:  74%|███████▎  | 14/19 [00:20<00:02,  2.38batch/s]
extract[query]:  79%|███████▉  | 15/19 [00:20<00:01,  2.68batch/s]
extract[query]:  84%|████████▍ | 16/19 [00:20<00:01,  2.95batch/s]
extract[query]:  89%|████████▉ | 17/19 [00:21<00:00,  2.61batch/s]
extract[query]:  95%|█████████▍| 18/19 [00:21<00:00,  2.89batch/s]
extract[query]: 100%|██████████| 19/19 [00:21<00:00,  3.16batch/s]
extract[query]: 100%|██████████| 19/19 [00:23<00:00,  1.22s/batch]
[extract] query: 19.1 мс/кроп всего = 4.4 сеть + 14.7 чтение кадров с диска
[extract] query: (1213, 1536) → runs\hack\ft_hack_dinov2_b_336_distill20\val_query_track_mask-rand.npz

extract[gallery]:   0%|          | 0/11 [00:00<?, ?batch/s]
extract[gallery]:   9%|▉         | 1/11 [00:15<02:36, 15.65s/batch]
extract[gallery]:  18%|█▊        | 2/11 [00:15<00:59,  6.60s/batch]
extract[gallery]:  27%|██▋       | 3/11 [00:16<00:29,  3.70s/batch]
extract[gallery]:  36%|███▋      | 4/11 [00:16<00:16,  2.34s/batch]
extract[gallery]:  45%|████▌     | 5/11 [00:17<00:10,  1.74s/batch]
extract[gallery]:  55%|█████▍    | 6/11 [00:17<00:06,  1.23s/batch]
extract[gallery]:  64%|██████▎   | 7/11 [00:17<00:03,  1.09batch/s]
extract[gallery]:  73%|███████▎  | 8/11 [00:17<00:02,  1.41batch/s]
extract[gallery]:  82%|████████▏ | 9/11 [00:18<00:01,  1.57batch/s]
extract[gallery]:  91%|█████████ | 10/11 [00:18<00:00,  1.92batch/s]
extract[gallery]: 100%|██████████| 11/11 [00:18<00:00,  2.37batch/s]
extract[gallery]: 100%|██████████| 11/11 [00:20<00:00,  1.82s/batch]
[extract] gallery: 29.1 мс/кроп всего = 4.1 сеть + 25.0 чтение кадров с диска
[extract] gallery: (688, 1536) → runs\hack\ft_hack_dinov2_b_336_distill20\val_gallery_track_mask-rand.npz
cross-cam [track] (метрика жюри): rank1= 72.1%  rank5= 87.3%  rank10= 93.1%  mAP@10= 73.9%  (queries 970/970, gallery 688)
standard               : rank1= 69.5%  rank5= 86.7%  rank10= 92.4%  mAP@10= 71.9%  (queries 970/970, gallery 688)
bits: tau=0.178, max 9.4 бит при галерее 688
     4.0–  4.8 бит  n=  167  rank-1 =  60.5%
     4.8–  5.1 бит  n=  209  rank-1 =  77.0%
     5.1–  5.3 бит  n=  205  rank-1 =  72.7%
     5.3–  5.6 бит  n=  229  rank-1 =  69.4%
     5.6–  6.0 бит  n=  182  rank-1 =  72.5%
     6.0–  9.4 бит  n=  194  rank-1 =  76.3%
режим отказа: запросов 1213, без пары 243, mINP=70.7%
  top1       порог=0.551  балл= 97.0  F1= 96.6%  P= 98.9%  R= 94.3%  TNR= 97.9%  accept=  76%
  margin     порог=0.187  балл= 93.4  F1= 91.1%  P= 99.6%  R= 83.9%  TNR= 98.8%  accept=  67%
  bits       порог=3.934  балл= 61.6  F1= 88.0%  P= 78.6%  R=100.0%  TNR=  0.0%  accept= 100%
  top1+bits  порог=0.665  балл= 96.8  F1= 96.3%  P= 99.1%  R= 93.7%  TNR= 97.9%  accept=  75%
  → лучшая уверенность: top1   (камера запроса не маскируется — как на тесте)
[val] → results\hack_ft_hack_dinov2_b_336_distill20_val_mask-rand.json
[W918 06:11:43.000000000 CudaIPCTypes.cpp:16] Producer process has been terminated before all shared CUDA tensors released. See Note [Sharing CUDA tensors]
