[hackathon] train.csv: 9556 bbox, 1541 vehicle_id, 9556 кадров
[hackathon] камеры из CSV: 96 шт. — псевдокамера не нужна
[hackathon] протокол «track», fit: 7655 bbox / 1233 id; val query: 1213 (без пары: 243), gallery: 688
[val] маска «det», боксов в кеше 10728/11416
[models] ft:hack_dinov2_b_336_distill20: vit_base_patch14_dinov2.lvd142m, D=1536, input=336, device=cuda

extract[query]:   0%|          | 0/19 [00:00<?, ?batch/s]
extract[query]:   5%|▌         | 1/19 [00:17<05:13, 17.39s/batch]
extract[query]:  11%|█         | 2/19 [00:17<02:04,  7.31s/batch]
extract[query]:  16%|█▌        | 3/19 [00:17<01:05,  4.09s/batch]
extract[query]:  21%|██        | 4/19 [00:18<00:38,  2.59s/batch]
extract[query]:  26%|██▋       | 5/19 [00:18<00:24,  1.77s/batch]
extract[query]:  32%|███▏      | 6/19 [00:18<00:16,  1.26s/batch]
extract[query]:  37%|███▋      | 7/19 [00:19<00:11,  1.07batch/s]
extract[query]:  42%|████▏     | 8/19 [00:19<00:07,  1.39batch/s]
extract[query]:  47%|████▋     | 9/19 [00:19<00:07,  1.41batch/s]
extract[query]:  53%|█████▎    | 10/19 [00:20<00:05,  1.75batch/s]
extract[query]:  58%|█████▊    | 11/19 [00:20<00:03,  2.10batch/s]
extract[query]:  63%|██████▎   | 12/19 [00:20<00:02,  2.44batch/s]
extract[query]:  68%|██████▊   | 13/19 [00:21<00:02,  2.16batch/s]
extract[query]:  74%|███████▎  | 14/19 [00:21<00:02,  2.49batch/s]
extract[query]:  79%|███████▉  | 15/19 [00:21<00:01,  2.78batch/s]
extract[query]:  84%|████████▍ | 16/19 [00:22<00:00,  3.03batch/s]
extract[query]:  89%|████████▉ | 17/19 [00:22<00:00,  2.64batch/s]
extract[query]:  95%|█████████▍| 18/19 [00:22<00:00,  2.91batch/s]
extract[query]: 100%|██████████| 19/19 [00:23<00:00,  3.18batch/s]
extract[query]: 100%|██████████| 19/19 [00:24<00:00,  1.28s/batch]
[extract] query: 20.1 мс/кроп всего = 4.5 сеть + 15.6 чтение кадров с диска
[extract] query: (1213, 1536) → runs\hack\ft_hack_dinov2_b_336_distill20\val_query_track_mask-det.npz

extract[gallery]:   0%|          | 0/11 [00:00<?, ?batch/s]
extract[gallery]:   9%|▉         | 1/11 [00:15<02:36, 15.68s/batch]
extract[gallery]:  18%|█▊        | 2/11 [00:15<00:59,  6.61s/batch]
extract[gallery]:  27%|██▋       | 3/11 [00:16<00:29,  3.71s/batch]
extract[gallery]:  36%|███▋      | 4/11 [00:16<00:16,  2.35s/batch]
extract[gallery]:  45%|████▌     | 5/11 [00:17<00:11,  1.85s/batch]
extract[gallery]:  55%|█████▍    | 6/11 [00:17<00:06,  1.31s/batch]
extract[gallery]:  64%|██████▎   | 7/11 [00:17<00:03,  1.03batch/s]
extract[gallery]:  73%|███████▎  | 8/11 [00:18<00:02,  1.35batch/s]
extract[gallery]:  82%|████████▏ | 9/11 [00:18<00:01,  1.52batch/s]
extract[gallery]:  91%|█████████ | 10/11 [00:18<00:00,  1.87batch/s]
extract[gallery]: 100%|██████████| 11/11 [00:19<00:00,  2.32batch/s]
extract[gallery]: 100%|██████████| 11/11 [00:20<00:00,  1.85s/batch]
[extract] gallery: 29.6 мс/кроп всего = 4.1 сеть + 25.6 чтение кадров с диска
[extract] gallery: (688, 1536) → runs\hack\ft_hack_dinov2_b_336_distill20\val_gallery_track_mask-det.npz
cross-cam [track] (метрика жюри): rank1= 71.0%  rank5= 88.0%  rank10= 93.3%  mAP@10= 73.3%  (queries 970/970, gallery 688)
standard               : rank1= 68.4%  rank5= 87.1%  rank10= 92.8%  mAP@10= 71.3%  (queries 970/970, gallery 688)
bits: tau=0.182, max 9.4 бит при галерее 688
     4.1–  5.0 бит  n=  186  rank-1 =  60.2%
     5.0–  5.3 бит  n=  224  rank-1 =  76.3%
     5.3–  5.5 бит  n=  218  rank-1 =  71.6%
     5.5–  5.7 бит  n=  170  rank-1 =  67.1%
     5.7–  6.1 бит  n=  211  rank-1 =  78.2%
     6.1–  9.4 бит  n=  195  rank-1 =  73.3%
режим отказа: запросов 1213, без пары 243, mINP=70.2%
  top1       порог=0.557  балл= 96.9  F1= 96.6%  P= 99.1%  R= 94.2%  TNR= 97.5%  accept=  76%
  margin     порог=0.163  балл= 94.1  F1= 92.6%  P= 99.3%  R= 86.7%  TNR= 97.5%  accept=  70%
  bits       порог=4.000  балл= 61.7  F1= 88.1%  P= 78.7%  R=100.0%  TNR=  0.0%  accept= 100%
  top1+bits  порог=0.696  балл= 97.0  F1= 95.9%  P= 99.8%  R= 92.3%  TNR= 99.6%  accept=  74%
  → лучшая уверенность: top1+bits   (камера запроса не маскируется — как на тесте)
[val] → results\hack_ft_hack_dinov2_b_336_distill20_val_mask-det.json
[W918 06:10:04.000000000 CudaIPCTypes.cpp:16] Producer process has been terminated before all shared CUDA tensors released. See Note [Sharing CUDA tensors]
