[hackathon] train.csv: 9556 bbox, 1541 vehicle_id, 9556 кадров
[hackathon] камеры из CSV: 96 шт. — псевдокамера не нужна
[hackathon] протокол «track», fit: 7655 bbox / 1233 id; val query: 1213 (без пары: 243), gallery: 688
[val] маска «band», боксов в кеше 0/11416
[models] ft:hack_dinov2_b_336_distill20: vit_base_patch14_dinov2.lvd142m, D=1536, input=336, device=cuda
python : 
строка:1 знак:1
+ python -m vreid.hack_cli val --config configs/hackathon.yaml --backbo ...
+ ~~~~~~~~~~~~~~~~~~~~~~~~~~~~~~~~~~~~~~~~~~~~~~~~~~~~~~~~~~~~~~~~~~~~~
    + CategoryInfo          : NotSpecified: (:String) [], RemoteException
    + FullyQualifiedErrorId : NativeCommandError
 
extract[query]:   0%|          | 0/19 [00:00<?, ?batch/s]
extract[query]:   5%|▌         | 1/19 [00:16<04:53, 16.30s/batch]
extract[query]:  11%|█         | 2/19 [00:16<01:56,  6.87s/batch]
extract[query]:  16%|█▌        | 3/19 [00:16<01:01,  3.85s/batch]
extract[query]:  21%|██        | 4/19 [00:17<00:36,  2.43s/batch]
extract[query]:  26%|██▋       | 5/19 [00:17<00:23,  1.65s/batch]
extract[query]:  32%|███▏      | 6/19 [00:17<00:15,  1.18s/batch]
extract[query]:  37%|███▋      | 7/19 [00:17<00:10,  1.14batch/s]
extract[query]:  42%|████▏     | 8/19 [00:18<00:07,  1.47batch/s]
extract[query]:  47%|████▋     | 9/19 [00:18<00:06,  1.51batch/s]
extract[query]:  53%|█████▎    | 10/19 [00:19<00:04,  1.86batch/s]
extract[query]:  58%|█████▊    | 11/19 [00:19<00:03,  2.21batch/s]
extract[query]:  63%|██████▎   | 12/19 [00:19<00:02,  2.54batch/s]
extract[query]:  68%|██████▊   | 13/19 [00:20<00:02,  2.19batch/s]
extract[query]:  74%|███████▎  | 14/19 [00:20<00:01,  2.52batch/s]
extract[query]:  79%|███████▉  | 15/19 [00:20<00:01,  2.81batch/s]
extract[query]:  84%|████████▍ | 16/19 [00:20<00:00,  3.06batch/s]
extract[query]:  89%|████████▉ | 17/19 [00:21<00:00,  2.44batch/s]
extract[query]:  95%|█████████▍| 18/19 [00:21<00:00,  2.74batch/s]
extract[query]: 100%|██████████| 19/19 [00:22<00:00,  3.04batch/s]
extract[query]: 100%|██████████| 19/19 [00:23<00:00,  1.22s/batch]
[extract] query: 19.1 мс/кроп всего = 4.4 сеть + 14.7 чтение кадров с диска
[extract] query: (1213, 1536) → runs\hack\ft_hack_dinov2_b_336_distill20\val_query_track_mask-band.npz

extract[gallery]:   0%|          | 0/11 [00:00<?, ?batch/s]
extract[gallery]:   9%|▉         | 1/11 [00:15<02:38, 15.84s/batch]
extract[gallery]:  18%|█▊        | 2/11 [00:16<01:00,  6.67s/batch]
extract[gallery]:  27%|██▋       | 3/11 [00:16<00:29,  3.75s/batch]
extract[gallery]:  36%|███▋      | 4/11 [00:16<00:16,  2.37s/batch]
extract[gallery]:  45%|████▌     | 5/11 [00:17<00:10,  1.81s/batch]
extract[gallery]:  55%|█████▍    | 6/11 [00:17<00:06,  1.28s/batch]
extract[gallery]:  64%|██████▎   | 7/11 [00:17<00:03,  1.05batch/s]
extract[gallery]:  73%|███████▎  | 8/11 [00:18<00:02,  1.37batch/s]
extract[gallery]:  82%|████████▏ | 9/11 [00:18<00:01,  1.58batch/s]
extract[gallery]:  91%|█████████ | 10/11 [00:18<00:00,  1.94batch/s]
extract[gallery]: 100%|██████████| 11/11 [00:19<00:00,  2.39batch/s]
extract[gallery]: 100%|██████████| 11/11 [00:20<00:00,  1.84s/batch]
[extract] gallery: 29.4 мс/кроп всего = 4.1 сеть + 25.3 чтение кадров с диска
[extract] gallery: (688, 1536) → runs\hack\ft_hack_dinov2_b_336_distill20\val_gallery_track_mask-band.npz
cross-cam [track] (метрика жюри): rank1= 65.1%  rank5= 83.5%  rank10= 89.3%  mAP@10= 66.4%  (queries 970/970, gallery 688)
standard               : rank1= 61.4%  rank5= 82.2%  rank10= 88.8%  mAP@10= 63.8%  (queries 970/970, gallery 688)
bits: tau=0.157, max 9.4 бит при галерее 688
     3.0–  3.8 бит  n=  167  rank-1 =  63.5%
     3.8–  4.0 бит  n=  179  rank-1 =  59.2%
     4.0–  4.2 бит  n=  178  rank-1 =  65.2%
     4.2–  4.5 бит  n=  206  rank-1 =  68.9%
     4.5–  4.8 бит  n=  179  rank-1 =  68.7%
     4.8–  6.8 бит  n=  176  rank-1 =  63.1%
режим отказа: запросов 1213, без пары 243, mINP=61.7%
  top1       порог=0.554  балл= 96.7  F1= 95.7%  P= 99.6%  R= 92.1%  TNR= 99.2%  accept=  74%
  margin     порог=0.155  балл= 94.4  F1= 92.9%  P= 99.1%  R= 87.4%  TNR= 97.9%  accept=  70%
  bits       порог=3.197  балл= 61.7  F1= 87.6%  P= 78.5%  R= 99.1%  TNR=  1.2%  accept=  99%
  top1+bits  порог=0.633  балл= 96.9  F1= 95.8%  P= 99.7%  R= 92.3%  TNR= 99.6%  accept=  74%
  → лучшая уверенность: top1+bits   (камера запроса не маскируется — как на тесте)
[val] → results\hack_ft_hack_dinov2_b_336_distill20_val_mask-band.json
[W917 21:13:17.000000000 CudaIPCTypes.cpp:16] Producer process has been terminated before all shared CUDA tensors 
released. See Note [Sharing CUDA tensors]
