[hackathon] train.csv: 9556 bbox, 1541 vehicle_id, 9556 кадров
[hackathon] камеры из CSV: 96 шт. — псевдокамера не нужна
[hackathon] протокол «track», fit: 7655 bbox / 1233 id; val query: 1213 (без пары: 243), gallery: 688
[val] маска «det», боксов в кеше 10728/11416
[models] ft:soup_b336_val: vit_base_patch14_dinov2.lvd142m, D=1536, input=336, device=cuda

extract[query]:   0%|          | 0/19 [00:00<?, ?batch/s]
extract[query]:   5%|▌         | 1/19 [00:23<07:05, 23.67s/batch]
extract[query]:  11%|█         | 2/19 [00:23<02:48,  9.90s/batch]
extract[query]:  16%|█▌        | 3/19 [00:24<01:28,  5.51s/batch]
extract[query]:  21%|██        | 4/19 [00:24<00:51,  3.44s/batch]
extract[query]:  26%|██▋       | 5/19 [00:28<00:50,  3.64s/batch]
extract[query]:  32%|███▏      | 6/19 [00:28<00:32,  2.49s/batch]
extract[query]:  37%|███▋      | 7/19 [00:29<00:21,  1.77s/batch]
extract[query]:  42%|████▏     | 8/19 [00:29<00:14,  1.29s/batch]
extract[query]:  47%|████▋     | 9/19 [00:33<00:21,  2.14s/batch]
extract[query]:  53%|█████▎    | 10/19 [00:33<00:14,  1.56s/batch]
extract[query]:  58%|█████▊    | 11/19 [00:33<00:09,  1.17s/batch]
extract[query]:  63%|██████▎   | 12/19 [00:34<00:06,  1.12batch/s]
extract[query]:  68%|██████▊   | 13/19 [00:39<00:12,  2.13s/batch]
extract[query]:  74%|███████▎  | 14/19 [00:39<00:07,  1.57s/batch]
extract[query]:  79%|███████▉  | 15/19 [00:39<00:04,  1.18s/batch]
extract[query]:  84%|████████▍ | 16/19 [00:39<00:02,  1.10batch/s]
extract[query]:  89%|████████▉ | 17/19 [00:43<00:03,  1.58s/batch]
extract[query]:  95%|█████████▍| 18/19 [00:43<00:01,  1.19s/batch]
extract[query]: 100%|██████████| 19/19 [00:43<00:00,  1.10batch/s]
extract[query]: 100%|██████████| 19/19 [00:45<00:00,  2.37s/batch]
[extract] query: 37.1 мс/кроп всего = 4.9 сеть + 32.2 чтение кадров с диска
[extract] query: (1213, 1536) → runs\hack\ft_soup_b336_val\val_query_track_mask-det.npz

extract[gallery]:   0%|          | 0/11 [00:00<?, ?batch/s]
extract[gallery]:   9%|▉         | 1/11 [00:24<04:02, 24.27s/batch]
extract[gallery]:  18%|█▊        | 2/11 [00:24<01:32, 10.25s/batch]
extract[gallery]:  27%|██▋       | 3/11 [00:24<00:45,  5.70s/batch]
extract[gallery]:  36%|███▋      | 4/11 [00:25<00:24,  3.56s/batch]
extract[gallery]:  45%|████▌     | 5/11 [00:29<00:22,  3.71s/batch]
extract[gallery]:  55%|█████▍    | 6/11 [00:29<00:13,  2.67s/batch]
extract[gallery]:  64%|██████▎   | 7/11 [00:30<00:07,  1.88s/batch]
extract[gallery]:  73%|███████▎  | 8/11 [00:30<00:04,  1.37s/batch]
extract[gallery]:  82%|████████▏ | 9/11 [00:33<00:03,  1.90s/batch]
extract[gallery]:  91%|█████████ | 10/11 [00:34<00:01,  1.47s/batch]
extract[gallery]: 100%|██████████| 11/11 [00:34<00:00,  1.09s/batch]
extract[gallery]: 100%|██████████| 11/11 [00:35<00:00,  3.23s/batch]
[extract] gallery: 51.6 мс/кроп всего = 4.4 сеть + 47.2 чтение кадров с диска
[extract] gallery: (688, 1536) → runs\hack\ft_soup_b336_val\val_gallery_track_mask-det.npz
[track] МЕТРИКА ЖЮРИ (убрано только vid+cam): rank1= 69.0%  rank5= 87.4%  rank10= 92.6%  mAP@10= 71.6%  (queries 970/970, gallery 688)
строгий cross-cam (диагностика, завышает): rank1= 71.0%  rank5= 88.7%  rank10= 93.0%  mAP@10= 73.4%  (queries 970/970, gallery 688)
bits: tau=0.202, max 9.4 бит при галерее 688
     4.2–  5.0 бит  n=  165  rank-1 =  61.2%
     5.0–  5.3 бит  n=  219  rank-1 =  70.8%
     5.3–  5.6 бит  n=  213  rank-1 =  77.0%
     5.6–  5.8 бит  n=  193  rank-1 =  73.1%
     5.8–  6.4 бит  n=  247  rank-1 =  73.3%
     6.4–  9.4 бит  n=  164  rank-1 =  73.8%
режим отказа: запросов 1213, без пары 243, mINP=70.3%
  top1       порог=0.593  балл= 97.2  F1= 96.1%  P= 99.7%  R= 92.9%  TNR= 99.6%  accept=  74%
  margin     порог=0.141  балл= 94.5  F1= 93.2%  P= 99.2%  R= 87.9%  TNR= 97.5%  accept=  71%
  bits       порог=4.104  балл= 61.7  F1= 88.2%  P= 78.8%  R=100.0%  TNR=  0.0%  accept= 100%
  top1+bits  порог=0.703  балл= 97.2  F1= 96.2%  P= 99.8%  R= 92.9%  TNR= 99.6%  accept=  74%
  → лучшая уверенность: top1+bits   (камера запроса не маскируется — как на тесте)
[val] → results\hack_ft_soup_b336_val_val_mask-det.json
[W918 18:59:02.000000000 CudaIPCTypes.cpp:16] Producer process has been terminated before all shared CUDA tensors released. See Note [Sharing CUDA tensors]
