#0 building with "desktop-linux" instance using docker driver

#1 [internal] load build definition from Dockerfile
#1 transferring dockerfile: 706B 0.0s done
#1 DONE 0.0s

#2 [internal] load metadata for docker.io/library/nginx:1.27.4-alpine
#2 DONE 0.2s

#3 [internal] load .dockerignore
#3 transferring context: 641B done
#3 DONE 0.0s

#4 [1/4] FROM docker.io/library/nginx:1.27.4-alpine@sha256:4ff102c5d78d254a6f0da062b3cf39eaf07f01eec0927fd21e219d0af8bc0591
#4 resolve docker.io/library/nginx:1.27.4-alpine@sha256:4ff102c5d78d254a6f0da062b3cf39eaf07f01eec0927fd21e219d0af8bc0591 0.0s done
#4 DONE 0.0s

#5 [internal] load build context
#5 transferring context: 1.91kB 0.1s done
#5 DONE 0.1s

#6 [2/4] COPY service/static/ /usr/share/nginx/html/static/
#6 CACHED

#7 [3/4] COPY service/static/index.html /usr/share/nginx/html/index.html
#7 CACHED

#8 [4/4] COPY web/nginx.conf /etc/nginx/conf.d/default.conf
#8 CACHED

#9 exporting to image
#9 exporting layers 0.0s done
#9 exporting manifest sha256:bc1ac01d31e0fc10dc5be54cc3b876aafa3b14d23a6527ddb27a52ef502940d8 done
#9 exporting config sha256:2a6bffb6f3986feaadbb2efc433a11b11749868256b5cc5662d2d22dc38a6361 done
#9 exporting attestation manifest sha256:4173fe341ab7e64eaa6836b0e95262ab7d0304f0b028141e69a420b816d9bdd0 0.0s done
#9 exporting manifest list sha256:ae5f8f4be73e5fcfd4668d34054c7e1b3e70c297e57749876f1a1ae8b42a3a73
#9 exporting manifest list sha256:ae5f8f4be73e5fcfd4668d34054c7e1b3e70c297e57749876f1a1ae8b42a3a73 0.0s done
#9 naming to docker.io/library/vreid-web:1.1 done
#9 unpacking to docker.io/library/vreid-web:1.1 0.0s done
#9 DONE 0.2s

View build details: docker-desktop://dashboard/build/desktop-linux/desktop-linux/ws1u7cvez5j1j4ydh42x7ytav
