#0 building with "desktop-linux" instance using docker driver

#1 [internal] load build definition from Dockerfile
#1 transferring dockerfile: 30B 0.0s
#1 transferring dockerfile: 3.71kB 0.1s done
#1 DONE 0.3s

#2 [internal] load metadata for docker.io/pytorch/pytorch@sha256:fc47f8018254e6df30f48c48f2db1c758d44de21a8c553de1a1c451a65baa70a
#2 DONE 1.5s

#3 [internal] load .dockerignore
#3 transferring context: 144B 0.1s done
#3 DONE 0.1s

#4 [internal] load build context
#4 DONE 0.0s

#5 [1/7] FROM docker.io/pytorch/pytorch@sha256:fc47f8018254e6df30f48c48f2db1c758d44de21a8c553de1a1c451a65baa70a
#5 resolve docker.io/pytorch/pytorch@sha256:fc47f8018254e6df30f48c48f2db1c758d44de21a8c553de1a1c451a65baa70a 0.0s done
#5 DONE 0.1s

#4 [internal] load build context
#4 transferring context: 7.49MB 4.9s
#4 transferring context: 29.61MB 9.9s
#4 transferring context: 119.03MB 15.0s
#4 transferring context: 172.32MB 17.7s done
#4 DONE 17.7s

#6 [2/7] WORKDIR /app
#6 CACHED

#7 [3/7] COPY requirements-infer.txt .
#7 CACHED

#8 [4/7] RUN pip install --no-cache-dir --break-system-packages -r requirements-infer.txt  || pip install --no-cache-dir -r requirements-infer.txt
#8 7.092 Collecting timm==1.0.20 (from -r requirements-infer.txt (line 4))
#8 7.395   Downloading timm-1.0.20-py3-none-any.whl.metadata (61 kB)
#8 7.480      ━━━━━━━━━━━━━━━━━━━━━━━━━━━━━━━━━━━━━━━ 61.7/61.7 kB 661.0 kB/s eta 0:00:00
#8 7.499 Requirement already satisfied: numpy==1.26.4 in /opt/conda/lib/python3.10/site-packages (from -r requirements-infer.txt (line 5)) (1.26.4)
#8 8.162 Collecting pillow==10.4.0 (from -r requirements-infer.txt (line 6))
#8 8.234   Downloading pillow-10.4.0-cp310-cp310-manylinux_2_28_x86_64.whl.metadata (9.2 kB)
#8 8.384 Collecting tqdm==4.66.5 (from -r requirements-infer.txt (line 7))
#8 8.456   Downloading tqdm-4.66.5-py3-none-any.whl.metadata (57 kB)
#8 8.474      ━━━━━━━━━━━━━━━━━━━━━━━━━━━━━━━━━━━━━━━━ 57.6/57.6 kB 3.3 MB/s eta 0:00:00
#8 8.479 Requirement already satisfied: torch in /opt/conda/lib/python3.10/site-packages (from timm==1.0.20->-r requirements-infer.txt (line 4)) (2.3.1)
#8 8.480 Requirement already satisfied: torchvision in /opt/conda/lib/python3.10/site-packages (from timm==1.0.20->-r requirements-infer.txt (line 4)) (0.18.1)
#8 8.480 Requirement already satisfied: pyyaml in /opt/conda/lib/python3.10/site-packages (from timm==1.0.20->-r requirements-infer.txt (line 4)) (6.0.1)
#8 8.650 Collecting huggingface_hub (from timm==1.0.20->-r requirements-infer.txt (line 4))
#8 8.718   Downloading huggingface_hub-1.32.0-py3-none-any.whl.metadata (16 kB)
#8 9.083 Collecting safetensors (from timm==1.0.20->-r requirements-infer.txt (line 4))
#8 9.153   Downloading safetensors-0.8.0-cp310-abi3-manylinux_2_17_x86_64.manylinux2014_x86_64.whl.metadata (4.2 kB)
#8 9.334 Collecting click<9.0.0,>=8.4.2 (from huggingface_hub->timm==1.0.20->-r requirements-infer.txt (line 4))
#8 9.403   Downloading click-8.5.0-py3-none-any.whl.metadata (2.6 kB)
#8 9.405 Requirement already satisfied: filelock>=3.10.0 in /opt/conda/lib/python3.10/site-packages (from huggingface_hub->timm==1.0.20->-r requirements-infer.txt (line 4)) (3.13.1)
#8 9.406 Requirement already satisfied: fsspec>=2023.5.0 in /opt/conda/lib/python3.10/site-packages (from huggingface_hub->timm==1.0.20->-r requirements-infer.txt (line 4)) (2024.6.0)
#8 9.542 Collecting hf-xet<2.0.0,>=1.5.2 (from huggingface_hub->timm==1.0.20->-r requirements-infer.txt (line 4))
#8 9.611   Downloading hf_xet-1.6.0-cp38-abi3-manylinux2014_x86_64.manylinux_2_17_x86_64.whl.metadata (4.9 kB)
#8 9.715 Collecting httpx<1,>=0.23.0 (from huggingface_hub->timm==1.0.20->-r requirements-infer.txt (line 4))
#8 9.783   Downloading httpx-0.28.1-py3-none-any.whl.metadata (7.1 kB)
#8 9.786 Requirement already satisfied: packaging>=20.9 in /opt/conda/lib/python3.10/site-packages (from huggingface_hub->timm==1.0.20->-r requirements-infer.txt (line 4)) (23.2)
#8 9.787 Requirement already satisfied: tomli>=1.1.0 in /opt/conda/lib/python3.10/site-packages (from huggingface_hub->timm==1.0.20->-r requirements-infer.txt (line 4)) (2.0.1)
#8 9.797 Requirement already satisfied: typing-extensions>=4.1.0 in /opt/conda/lib/python3.10/site-packages (from huggingface_hub->timm==1.0.20->-r requirements-infer.txt (line 4)) (4.11.0)
#8 9.848 Requirement already satisfied: sympy in /opt/conda/lib/python3.10/site-packages (from torch->timm==1.0.20->-r requirements-infer.txt (line 4)) (1.12.1)
#8 9.849 Requirement already satisfied: networkx in /opt/conda/lib/python3.10/site-packages (from torch->timm==1.0.20->-r requirements-infer.txt (line 4)) (3.2.1)
#8 9.849 Requirement already satisfied: jinja2 in /opt/conda/lib/python3.10/site-packages (from torch->timm==1.0.20->-r requirements-infer.txt (line 4)) (3.1.4)
#8 10.11 Collecting anyio (from httpx<1,>=0.23.0->huggingface_hub->timm==1.0.20->-r requirements-infer.txt (line 4))
#8 10.17   Downloading anyio-4.15.1-py3-none-any.whl.metadata (4.7 kB)
#8 10.18 Requirement already satisfied: certifi in /opt/conda/lib/python3.10/site-packages (from httpx<1,>=0.23.0->huggingface_hub->timm==1.0.20->-r requirements-infer.txt (line 4)) (2024.2.2)
#8 10.27 Collecting httpcore==1.* (from httpx<1,>=0.23.0->huggingface_hub->timm==1.0.20->-r requirements-infer.txt (line 4))
#8 10.34   Downloading httpcore-1.0.9-py3-none-any.whl.metadata (21 kB)
#8 10.35 Requirement already satisfied: idna in /opt/conda/lib/python3.10/site-packages (from httpx<1,>=0.23.0->huggingface_hub->timm==1.0.20->-r requirements-infer.txt (line 4)) (3.7)
#8 10.44 Collecting h11>=0.16 (from httpcore==1.*->httpx<1,>=0.23.0->huggingface_hub->timm==1.0.20->-r requirements-infer.txt (line 4))
#8 10.51   Downloading h11-0.16.0-py3-none-any.whl.metadata (8.3 kB)
#8 10.55 Requirement already satisfied: MarkupSafe>=2.0 in /opt/conda/lib/python3.10/site-packages (from jinja2->torch->timm==1.0.20->-r requirements-infer.txt (line 4)) (2.1.3)
#8 10.58 Requirement already satisfied: mpmath<1.4.0,>=1.1.0 in /opt/conda/lib/python3.10/site-packages (from sympy->torch->timm==1.0.20->-r requirements-infer.txt (line 4)) (1.3.0)
#8 10.59 Requirement already satisfied: exceptiongroup>=1.0.2 in /opt/conda/lib/python3.10/site-packages (from anyio->httpx<1,>=0.23.0->huggingface_hub->timm==1.0.20->-r requirements-infer.txt (line 4)) (1.2.0)
#8 10.69 Collecting typing-extensions>=4.1.0 (from huggingface_hub->timm==1.0.20->-r requirements-infer.txt (line 4))
#8 10.76   Downloading typing_extensions-4.16.0-py3-none-any.whl.metadata (3.3 kB)
#8 10.84 Downloading timm-1.0.20-py3-none-any.whl (2.5 MB)
#8 11.75    ━━━━━━━━━━━━━━━━━━━━━━━━━━━━━━━━━━━━━━━━ 2.5/2.5 MB 2.8 MB/s eta 0:00:00
#8 11.82 Downloading pillow-10.4.0-cp310-cp310-manylinux_2_28_x86_64.whl (4.5 MB)
#8 20.52    ━━━━━━━━━━━━━━━━━━━━━━━━━━━━━━━━━━━━━━━━ 4.5/4.5 MB 519.6 kB/s eta 0:00:00
#8 20.58 Downloading tqdm-4.66.5-py3-none-any.whl (78 kB)
#8 20.73    ━━━━━━━━━━━━━━━━━━━━━━━━━━━━━━━━━━━━━━━━ 78.4/78.4 kB 559.2 kB/s eta 0:00:00
#8 20.80 Downloading huggingface_hub-1.32.0-py3-none-any.whl (842 kB)
#8 22.04    ━━━━━━━━━━━━━━━━━━━━━━━━━━━━━━━━━━━━━━━ 842.9/842.9 kB 683.7 kB/s eta 0:00:00
#8 22.11 Downloading safetensors-0.8.0-cp310-abi3-manylinux_2_17_x86_64.manylinux2014_x86_64.whl (516 kB)
#8 22.73    ━━━━━━━━━━━━━━━━━━━━━━━━━━━━━━━━━━━━━━━ 516.0/516.0 kB 838.2 kB/s eta 0:00:00
#8 22.80 Downloading click-8.5.0-py3-none-any.whl (125 kB)
#8 22.94    ━━━━━━━━━━━━━━━━━━━━━━━━━━━━━━━━━━━━━━━ 125.3/125.3 kB 949.6 kB/s eta 0:00:00
#8 23.01 Downloading hf_xet-1.6.0-cp38-abi3-manylinux2014_x86_64.manylinux_2_17_x86_64.whl (4.5 MB)
#8 34.30    ━━━━━━━━━━━━━━━━━━━━━━━━━━━━━━━━━━━━━━━━ 4.5/4.5 MB 394.7 kB/s eta 0:00:00
#8 34.37 Downloading httpx-0.28.1-py3-none-any.whl (73 kB)
#8 34.55    ━━━━━━━━━━━━━━━━━━━━━━━━━━━━━━━━━━━━━━━━ 73.5/73.5 kB 439.8 kB/s eta 0:00:00
#8 34.62 Downloading httpcore-1.0.9-py3-none-any.whl (78 kB)
#8 34.88    ━━━━━━━━━━━━━━━━━━━━━━━━━━━━━━━━━━━━━━━━ 78.8/78.8 kB 383.4 kB/s eta 0:00:00
#8 34.95 Downloading anyio-4.15.1-py3-none-any.whl (132 kB)
#8 35.52    ━━━━━━━━━━━━━━━━━━━━━━━━━━━━━━━━━━━━━━━ 132.1/132.1 kB 246.0 kB/s eta 0:00:00
#8 35.59 Downloading typing_extensions-4.16.0-py3-none-any.whl (45 kB)
#8 35.75    ━━━━━━━━━━━━━━━━━━━━━━━━━━━━━━━━━━━━━━━━ 45.6/45.6 kB 394.3 kB/s eta 0:00:00
#8 35.82 Downloading h11-0.16.0-py3-none-any.whl (37 kB)
#8 36.47 Installing collected packages: typing-extensions, tqdm, safetensors, pillow, hf-xet, h11, click, httpcore, anyio, httpx, huggingface_hub, timm
#8 36.47   Attempting uninstall: typing-extensions
#8 36.47     Found existing installation: typing_extensions 4.11.0
#8 36.48     Uninstalling typing_extensions-4.11.0:
#8 41.10       Successfully uninstalled typing_extensions-4.11.0
#8 41.57   Attempting uninstall: tqdm
#8 41.57     Found existing installation: tqdm 4.66.4
#8 41.58     Uninstalling tqdm-4.66.4:
#8 42.48       Successfully uninstalled tqdm-4.66.4
#8 42.61   Attempting uninstall: pillow
#8 42.61     Found existing installation: pillow 10.3.0
#8 42.64     Uninstalling pillow-10.3.0:
#8 43.02       Successfully uninstalled pillow-10.3.0
#8 43.95   Attempting uninstall: click
#8 43.95     Found existing installation: click 8.1.7
#8 43.96     Uninstalling click-8.1.7:
#8 44.01       Successfully uninstalled click-8.1.7
#8 45.97 Successfully installed anyio-4.15.1 click-8.5.0 h11-0.16.0 hf-xet-1.6.0 httpcore-1.0.9 httpx-0.28.1 huggingface_hub-1.32.0 pillow-10.4.0 safetensors-0.8.0 timm-1.0.20 tqdm-4.66.5 typing-extensions-4.12.1
#8 45.97 WARNING: Running pip as the 'root' user can result in broken permissions and conflicting behaviour with the system package manager. It is recommended to use a virtual environment instead: https://pip.pypa.io/warnings/venv
#8 DONE 46.8s

#9 [5/7] COPY vreid/ /app/vreid/
#9 DONE 0.1s

#10 [6/7] COPY release/ /app/release/
#10 DONE 0.9s

#11 [7/7] RUN python -c "import json, pathlib, torch, timm; r = json.load(open('/app/release/recipe.json', encoding='utf-8')); mb = pathlib.Path('/app/release/model.pt').stat().st_size / 1024**2; print('[build] torch', torch.__version__, '| timm', timm.__version__); print('[build] recipe ok: threshold', round(r['threshold'], 4), '| weights', round(mb), 'MB / 2048 limit'); assert mb < 2048, 'weights exceed 2 GB'"
#11 5.412 [build] torch 2.3.1 | timm 1.0.20
#11 5.412 [build] recipe ok: threshold 0.6011 | weights 164 MB / 2048 limit
#11 DONE 6.4s

#12 exporting to image
#12 exporting layers
#12 exporting layers 11.7s done
#12 exporting manifest sha256:7aae4cc356c7215e3e89efa0d88be08e131a09a66679a224a755a6977c219dfd 0.0s done
#12 exporting config sha256:a759e2e28d3994d77ea014da81641a5c01c84f9e6f10f4a1be31ccc5597b55fa 0.0s done
#12 exporting attestation manifest sha256:7b99b24b9900e389e3f7684b41222e82d7578e085d5ef79103e5e7fdd7392fc6 0.0s done
#12 exporting manifest list sha256:ded173e410b4e18f15a32e38a86c81292df1940cd3a12662686041fcff5cdf40 0.0s done
#12 naming to docker.io/library/vreid-release:latest
#12 naming to docker.io/library/vreid-release:latest done
#12 unpacking to docker.io/library/vreid-release:latest
#12 unpacking to docker.io/library/vreid-release:latest 4.6s done
#12 DONE 16.4s

View build details: docker-desktop://dashboard/build/desktop-linux/desktop-linux/9ashri9hx9goc14xe7xl207ze
