#0 building with "desktop-linux" instance using docker driver

#1 [internal] load build definition from Dockerfile
#1 transferring dockerfile: 706B done
#1 DONE 0.0s

#2 [internal] load metadata for docker.io/library/nginx:1.27.4-alpine
#2 DONE 0.1s

#3 [internal] load .dockerignore
#3 transferring context: 641B done
#3 DONE 0.0s

#4 [internal] load build context
#4 transferring context: 1.91kB 0.0s done
#4 DONE 0.0s

#5 [1/4] FROM docker.io/library/nginx:1.27.4-alpine@sha256:4ff102c5d78d254a6f0da062b3cf39eaf07f01eec0927fd21e219d0af8bc0591
#5 resolve docker.io/library/nginx:1.27.4-alpine@sha256:4ff102c5d78d254a6f0da062b3cf39eaf07f01eec0927fd21e219d0af8bc0591 0.0s done
#5 DONE 0.0s

#6 [3/4] COPY service/static/index.html /usr/share/nginx/html/index.html
#6 CACHED

#7 [2/4] COPY service/static/ /usr/share/nginx/html/static/
#7 CACHED

#8 [4/4] COPY web/nginx.conf /etc/nginx/conf.d/default.conf
#8 CACHED

#9 exporting to image
#9 exporting layers 0.0s done
#9 exporting manifest sha256:bc1ac01d31e0fc10dc5be54cc3b876aafa3b14d23a6527ddb27a52ef502940d8 0.0s done
#9 exporting config sha256:2a6bffb6f3986feaadbb2efc433a11b11749868256b5cc5662d2d22dc38a6361 0.0s done
#9 exporting attestation manifest sha256:2af46b2c54955c9c52f91a4ac124078c89f0d02545a5fb83932c1b45f54b923e 0.0s done
#9 exporting manifest list sha256:6b6243248135f793c5ceef932169ecfd838e1ac8d95903c6dd07892d28b61408
#9 exporting manifest list sha256:6b6243248135f793c5ceef932169ecfd838e1ac8d95903c6dd07892d28b61408 0.0s done
#9 naming to docker.io/library/vreid-web:1.1 done
#9 unpacking to docker.io/library/vreid-web:1.1 0.0s done
#9 DONE 0.2s

View build details: docker-desktop://dashboard/build/desktop-linux/desktop-linux/tn3vrq2mjwmu3ox97kba5qyqa
