#0 building with "desktop-linux" instance using docker driver

#1 [internal] load build definition from Dockerfile
#1 transferring dockerfile: 4.90kB done
#1 DONE 0.0s

#2 [internal] load metadata for docker.io/pytorch/pytorch@sha256:fc47f8018254e6df30f48c48f2db1c758d44de21a8c553de1a1c451a65baa70a
#2 DONE 1.4s

#3 [internal] load .dockerignore
#3 transferring context: 641B done
#3 DONE 0.0s

#4 [1/8] FROM docker.io/pytorch/pytorch@sha256:fc47f8018254e6df30f48c48f2db1c758d44de21a8c553de1a1c451a65baa70a
#4 resolve docker.io/pytorch/pytorch@sha256:fc47f8018254e6df30f48c48f2db1c758d44de21a8c553de1a1c451a65baa70a 0.0s done
#4 DONE 0.0s

#5 [2/8] WORKDIR /app
#5 CACHED

#6 [internal] load build context
#6 transferring context: 50.42kB 0.0s done
#6 DONE 0.0s

#7 [3/8] COPY requirements-infer.txt requirements-infer-dev.txt ./
#7 DONE 0.0s

#8 [4/8] RUN python -m pip install --no-cache-dir --no-deps  -r requirements-infer.txt  && python -m pip check  && python -m pip freeze --all > /app/installed-packages.txt
#8 0.933 Requirement already satisfied: MarkupSafe==2.1.3 in /opt/conda/lib/python3.10/site-packages (from -r requirements-infer.txt (line 14)) (2.1.3)
#8 0.934 Requirement already satisfied: PyYAML==6.0.1 in /opt/conda/lib/python3.10/site-packages (from -r requirements-infer.txt (line 15)) (6.0.1)
#8 1.216 Collecting anyio==4.4.0 (from -r requirements-infer.txt (line 16))
#8 1.648   Downloading anyio-4.4.0-py3-none-any.whl.metadata (4.6 kB)
#8 1.650 Requirement already satisfied: certifi==2024.2.2 in /opt/conda/lib/python3.10/site-packages (from -r requirements-infer.txt (line 17)) (2024.2.2)
#8 1.751 Collecting click==8.5.0 (from -r requirements-infer.txt (line 18))
#8 1.822   Downloading click-8.5.0-py3-none-any.whl.metadata (2.6 kB)
#8 1.826 Requirement already satisfied: exceptiongroup==1.2.0 in /opt/conda/lib/python3.10/site-packages (from -r requirements-infer.txt (line 19)) (1.2.0)
#8 1.826 Requirement already satisfied: filelock==3.13.1 in /opt/conda/lib/python3.10/site-packages (from -r requirements-infer.txt (line 20)) (3.13.1)
#8 1.827 Requirement already satisfied: fsspec==2024.6.0 in /opt/conda/lib/python3.10/site-packages (from -r requirements-infer.txt (line 21)) (2024.6.0)
#8 1.909 Collecting h11==0.16.0 (from -r requirements-infer.txt (line 22))
#8 1.980   Downloading h11-0.16.0-py3-none-any.whl.metadata (8.3 kB)
#8 2.189 Collecting hf-xet==1.6.0 (from -r requirements-infer.txt (line 23))
#8 2.262   Downloading hf_xet-1.6.0-cp38-abi3-manylinux2014_x86_64.manylinux_2_17_x86_64.whl.metadata (4.9 kB)
#8 2.392 Collecting httpcore==1.0.9 (from -r requirements-infer.txt (line 24))
#8 2.466   Downloading httpcore-1.0.9-py3-none-any.whl.metadata (21 kB)
#8 2.594 Collecting httpx==0.28.1 (from -r requirements-infer.txt (line 25))
#8 2.667   Downloading httpx-0.28.1-py3-none-any.whl.metadata (7.1 kB)
#8 2.846 Collecting huggingface-hub==1.32.0 (from -r requirements-infer.txt (line 26))
#8 2.921   Downloading huggingface_hub-1.32.0-py3-none-any.whl.metadata (16 kB)
#8 2.933 Requirement already satisfied: idna==3.7 in /opt/conda/lib/python3.10/site-packages (from -r requirements-infer.txt (line 27)) (3.7)
#8 2.934 Requirement already satisfied: jinja2==3.1.4 in /opt/conda/lib/python3.10/site-packages (from -r requirements-infer.txt (line 28)) (3.1.4)
#8 2.934 Requirement already satisfied: mpmath==1.3.0 in /opt/conda/lib/python3.10/site-packages (from -r requirements-infer.txt (line 29)) (1.3.0)
#8 2.935 Requirement already satisfied: networkx==3.2.1 in /opt/conda/lib/python3.10/site-packages (from -r requirements-infer.txt (line 30)) (3.2.1)
#8 2.935 Requirement already satisfied: numpy==1.26.4 in /opt/conda/lib/python3.10/site-packages (from -r requirements-infer.txt (line 31)) (1.26.4)
#8 2.936 Requirement already satisfied: packaging==23.2 in /opt/conda/lib/python3.10/site-packages (from -r requirements-infer.txt (line 32)) (23.2)
#8 3.312 Collecting pillow==10.4.0 (from -r requirements-infer.txt (line 33))
#8 3.387   Downloading pillow-10.4.0-cp310-cp310-manylinux_2_28_x86_64.whl.metadata (9.2 kB)
#8 3.625 Collecting safetensors==0.8.0 (from -r requirements-infer.txt (line 34))
#8 3.698   Downloading safetensors-0.8.0-cp310-abi3-manylinux_2_17_x86_64.manylinux2014_x86_64.whl.metadata (4.2 kB)
#8 3.781 Collecting sniffio==1.3.1 (from -r requirements-infer.txt (line 35))
#8 3.853   Downloading sniffio-1.3.1-py3-none-any.whl.metadata (3.9 kB)
#8 3.862 Requirement already satisfied: sympy==1.12.1 in /opt/conda/lib/python3.10/site-packages (from -r requirements-infer.txt (line 36)) (1.12.1)
#8 3.961 Collecting timm==1.0.20 (from -r requirements-infer.txt (line 37))
#8 4.037   Downloading timm-1.0.20-py3-none-any.whl.metadata (61 kB)
#8 4.117      ━━━━━━━━━━━━━━━━━━━━━━━━━━━━━━━━━━━━━━━ 61.7/61.7 kB 897.7 kB/s eta 0:00:00
#8 4.119 Requirement already satisfied: tomli==2.0.1 in /opt/conda/lib/python3.10/site-packages (from -r requirements-infer.txt (line 38)) (2.0.1)
#8 4.241 Collecting tqdm==4.66.5 (from -r requirements-infer.txt (line 39))
#8 4.314   Downloading tqdm-4.66.5-py3-none-any.whl.metadata (57 kB)
#8 4.332      ━━━━━━━━━━━━━━━━━━━━━━━━━━━━━━━━━━━━━━━━ 57.6/57.6 kB 3.4 MB/s eta 0:00:00
#8 4.438 Downloading anyio-4.4.0-py3-none-any.whl (86 kB)
#8 4.461    ━━━━━━━━━━━━━━━━━━━━━━━━━━━━━━━━━━━━━━━━ 86.8/86.8 kB 4.7 MB/s eta 0:00:00
#8 4.532 Downloading click-8.5.0-py3-none-any.whl (125 kB)
#8 4.560    ━━━━━━━━━━━━━━━━━━━━━━━━━━━━━━━━━━━━━━━━ 125.3/125.3 kB 4.7 MB/s eta 0:00:00
#8 4.635 Downloading h11-0.16.0-py3-none-any.whl (37 kB)
#8 4.719 Downloading hf_xet-1.6.0-cp38-abi3-manylinux2014_x86_64.manylinux_2_17_x86_64.whl (4.5 MB)
#8 5.681    ━━━━━━━━━━━━━━━━━━━━━━━━━━━━━━━━━━━━━━━━ 4.5/4.5 MB 4.6 MB/s eta 0:00:00
#8 5.752 Downloading httpcore-1.0.9-py3-none-any.whl (78 kB)
#8 5.762    ━━━━━━━━━━━━━━━━━━━━━━━━━━━━━━━━━━━━━━━━ 78.8/78.8 kB 9.4 MB/s eta 0:00:00
#8 5.834 Downloading httpx-0.28.1-py3-none-any.whl (73 kB)
#8 5.842    ━━━━━━━━━━━━━━━━━━━━━━━━━━━━━━━━━━━━━━━━ 73.5/73.5 kB 13.2 MB/s eta 0:00:00
#8 5.916 Downloading huggingface_hub-1.32.0-py3-none-any.whl (842 kB)
#8 5.996    ━━━━━━━━━━━━━━━━━━━━━━━━━━━━━━━━━━━━━━━━ 842.9/842.9 kB 10.9 MB/s eta 0:00:00
#8 6.071 Downloading pillow-10.4.0-cp310-cp310-manylinux_2_28_x86_64.whl (4.5 MB)
#8 6.557    ━━━━━━━━━━━━━━━━━━━━━━━━━━━━━━━━━━━━━━━━ 4.5/4.5 MB 9.4 MB/s eta 0:00:00
#8 6.631 Downloading safetensors-0.8.0-cp310-abi3-manylinux_2_17_x86_64.manylinux2014_x86_64.whl (516 kB)
#8 6.675    ━━━━━━━━━━━━━━━━━━━━━━━━━━━━━━━━━━━━━━━━ 516.0/516.0 kB 13.0 MB/s eta 0:00:00
#8 6.748 Downloading sniffio-1.3.1-py3-none-any.whl (10 kB)
#8 6.821 Downloading timm-1.0.20-py3-none-any.whl (2.5 MB)
#8 7.096    ━━━━━━━━━━━━━━━━━━━━━━━━━━━━━━━━━━━━━━━━ 2.5/2.5 MB 9.2 MB/s eta 0:00:00
#8 7.179 Downloading tqdm-4.66.5-py3-none-any.whl (78 kB)
#8 7.186    ━━━━━━━━━━━━━━━━━━━━━━━━━━━━━━━━━━━━━━━━ 78.4/78.4 kB 18.0 MB/s eta 0:00:00
#8 7.208 Installing collected packages: tqdm, timm, sniffio, safetensors, pillow, huggingface-hub, httpx, httpcore, hf-xet, h11, click, anyio
#8 7.208   Attempting uninstall: tqdm
#8 7.210     Found existing installation: tqdm 4.66.4
#8 7.217     Uninstalling tqdm-4.66.4:
#8 7.274       Successfully uninstalled tqdm-4.66.4
#8 7.898   Attempting uninstall: pillow
#8 7.900     Found existing installation: pillow 10.3.0
#8 7.910     Uninstalling pillow-10.3.0:
#8 8.003       Successfully uninstalled pillow-10.3.0
#8 8.717   Attempting uninstall: click
#8 8.718     Found existing installation: click 8.1.7
#8 8.721     Uninstalling click-8.1.7:
#8 8.745       Successfully uninstalled click-8.1.7
#8 8.876 Successfully installed anyio-4.4.0 click-8.5.0 h11-0.16.0 hf-xet-1.6.0 httpcore-1.0.9 httpx-0.28.1 huggingface-hub-1.32.0 pillow-10.4.0 safetensors-0.8.0 sniffio-1.3.1 timm-1.0.20 tqdm-4.66.5
#8 8.877 WARNING: Running pip as the 'root' user can result in broken permissions and conflicting behaviour with the system package manager. It is recommended to use a virtual environment instead: https://pip.pypa.io/warnings/venv
#8 10.23 No broken requirements found.
#8 DONE 10.8s

#9 [5/8] COPY vreid/ /app/vreid/
#9 DONE 0.1s

#10 [6/8] COPY scripts/ /app/scripts/
#10 DONE 0.1s

#11 [7/8] COPY release/ /app/release/
#11 DONE 0.3s

#12 [8/8] RUN python -c "import torch, torchvision, timm; from vreid.artifacts import weight_inventory; from vreid.predict import load_recipe; print('[build] torch', torch.__version__, '| torchvision', torchvision.__version__, '| timm', timm.__version__); print('[build] weights:', weight_inventory('/app/release')); print('[build] recipe ok:', load_recipe('/app/release')['threshold'])"
#12 3.731 [build] torch 2.3.1 | torchvision 0.18.1 | timm 1.0.20
#12 3.835 [build] weights: {'files': [{'path': 'model.pt', 'bytes': 171995879, 'sha256': '608042f64c259b97590e57b81f6c03e7143fba43d9a9c320b4a2a346e9f5fd1c'}], 'total_bytes': 171995879, 'limit_bytes': 2000000000}
#12 3.835 [build] recipe ok: 0.55
#12 DONE 4.7s

#13 exporting to image
#13 exporting layers
#13 exporting layers 7.1s done
#13 exporting manifest sha256:eaf0586fbf7d28813628044590c9045fbb92201f5d8a7389cac2bb1c27eb548a 0.0s done
#13 exporting config sha256:c3bd49362a3d13873a2c192bbcab552316c86c16aa7ca2635268e25da41afba6 0.0s done
#13 exporting attestation manifest sha256:b8a5910b8a6e2d3057a020b2c7f939413926488e8a53ca1ec2cc9cb280686cf5 0.1s done
#13 exporting manifest list sha256:88de4c15dfa258836c852f3efa7109e981c9a41aecb8cc5000470fbbcf18bfdd
#13 exporting manifest list sha256:88de4c15dfa258836c852f3efa7109e981c9a41aecb8cc5000470fbbcf18bfdd 0.0s done
#13 naming to docker.io/library/vreid-release:latest done
#13 unpacking to docker.io/library/vreid-release:latest
#13 unpacking to docker.io/library/vreid-release:latest 5.2s done
#13 DONE 12.5s

View build details: docker-desktop://dashboard/build/desktop-linux/desktop-linux/irj3abkob61u6osbt2ij980yg
