#0 building with "desktop-linux" instance using docker driver

#1 [internal] load build definition from Dockerfile
#1 transferring dockerfile:
#1 transferring dockerfile: 4.90kB 0.6s done
#1 DONE 1.0s

#2 [internal] load metadata for docker.io/pytorch/pytorch@sha256:fc47f8018254e6df30f48c48f2db1c758d44de21a8c553de1a1c451a65baa70a
#2 DONE 3.8s

#3 [internal] load .dockerignore
#3 transferring context: 637B 0.1s
#3 transferring context: 641B 0.1s done
#3 DONE 0.1s

#4 [1/8] FROM docker.io/pytorch/pytorch@sha256:fc47f8018254e6df30f48c48f2db1c758d44de21a8c553de1a1c451a65baa70a
#4 resolve docker.io/pytorch/pytorch@sha256:fc47f8018254e6df30f48c48f2db1c758d44de21a8c553de1a1c451a65baa70a 0.0s done
#4 DONE 0.1s

#5 [internal] load build context
#5 transferring context: 237.26kB 0.5s done
#5 DONE 0.6s

#6 [3/8] COPY requirements-infer.txt requirements-infer-dev.txt ./
#6 CACHED

#7 [2/8] WORKDIR /app
#7 CACHED

#8 [4/8] RUN python -m pip install --no-cache-dir --no-deps  -r requirements-infer.txt  && python -m pip check  && python -m pip freeze --all > /app/installed-packages.txt
#8 CACHED

#9 [5/8] COPY vreid/ /app/vreid/
#9 DONE 1.0s

#10 [6/8] COPY scripts/ /app/scripts/
#10 DONE 0.7s

#11 [7/8] COPY release/ /app/release/
#11 DONE 17.8s

#12 [8/8] RUN python -c "import torch, torchvision, timm; from vreid.artifacts import weight_inventory; from vreid.predict import load_recipe; print('[build] torch', torch.__version__, '| torchvision', torchvision.__version__, '| timm', timm.__version__); print('[build] weights:', weight_inventory('/app/release')); print('[build] recipe ok:', load_recipe('/app/release')['threshold'])"
#12 19.50 [build] torch 2.3.1 | torchvision 0.18.1 | timm 1.0.20
#12 19.68 [build] weights: {'files': [{'path': 'model.pt', 'bytes': 171995879, 'sha256': '608042f64c259b97590e57b81f6c03e7143fba43d9a9c320b4a2a346e9f5fd1c'}], 'total_bytes': 171995879, 'limit_bytes': 2000000000}
#12 19.68 [build] recipe ok: 0.55
#12 DONE 20.8s

#13 exporting to image
#13 exporting layers
#13 exporting layers 26.8s done
#13 exporting manifest sha256:3e7c70e7878c6addab1d47d1a61a225fe9828df29bdbc5c14c38a39653ee9b42 0.0s done
#13 exporting config sha256:92e2ad652a9c21b0654937193f7ecc4c2091d06a06faf437de0f25d9b54f763e 0.0s done
#13 exporting attestation manifest sha256:0e6874e7ce4ef6a60e07974fe5d4daee858f1c94ec505cc58609e47cf540bb19
#13 exporting attestation manifest sha256:0e6874e7ce4ef6a60e07974fe5d4daee858f1c94ec505cc58609e47cf540bb19 0.1s done
#13 exporting manifest list sha256:2ffb14cb114014c53db551857f873150ed384a098a30e3b1936dad8f3f14c193 0.0s done
#13 naming to docker.io/library/vreid-release:latest done
#13 unpacking to docker.io/library/vreid-release:latest
#13 unpacking to docker.io/library/vreid-release:latest 9.1s done
#13 DONE 36.1s

View build details: docker-desktop://dashboard/build/desktop-linux/desktop-linux/qbul3odz2bu3qw9hpkuc8h0yx
