#0 building with "desktop-linux" instance using docker driver

#1 [internal] load build definition from Dockerfile.service
#1 DONE 0.0s

#1 [internal] load build definition from Dockerfile.service
#1 transferring dockerfile: 3.75kB done
#1 DONE 0.0s

#2 [internal] load metadata for docker.io/pytorch/pytorch:2.11.0-cuda12.8-cudnn9-runtime
#2 DONE 0.0s

#3 [internal] load .dockerignore
#3 transferring context: 641B done
#3 DONE 0.0s

#4 [ 1/11] FROM docker.io/pytorch/pytorch:2.11.0-cuda12.8-cudnn9-runtime@sha256:eee11b3b3872a8c838e35ef48f08b2d5def2080902c7f666831310ca1a0ef2be
#4 resolve docker.io/pytorch/pytorch:2.11.0-cuda12.8-cudnn9-runtime@sha256:eee11b3b3872a8c838e35ef48f08b2d5def2080902c7f666831310ca1a0ef2be 0.0s done
#4 DONE 0.0s

#5 [internal] load build context
#5 transferring context: 15.48MB 0.5s done
#5 DONE 0.5s

#6 [ 4/11] RUN python -m pip install --no-cache-dir --no-deps --break-system-packages -r requirements-infer-dev.txt  && python -m pip install --no-cache-dir --no-deps --break-system-packages -r requirements-service.txt  && python -m pip check  && python -m pip freeze --all > /app/installed-packages.txt
#6 CACHED

#7 [ 2/11] WORKDIR /app
#7 CACHED

#8 [ 3/11] COPY requirements-infer.txt requirements-infer-dev.txt requirements-service.txt ./
#8 CACHED

#9 [ 5/11] COPY vreid/ /app/vreid/
#9 CACHED

#10 [ 6/11] COPY scripts/ /app/scripts/
#10 DONE 0.1s

#11 [ 7/11] COPY service/ /app/service/
#11 DONE 0.1s

#12 [ 8/11] COPY release/ /app/release/
#12 DONE 0.3s

#13 [ 9/11] COPY demo/ /app/demo/
#13 DONE 0.1s

#14 [10/11] COPY results/ann_scalability.json /app/results/ann_scalability.json
#14 DONE 0.1s

#15 [11/11] RUN python -c "import fastapi, uvicorn, faiss, psycopg, torch, timm; from vreid.predict import load_recipe; print('[build] fastapi', fastapi.__version__, '| faiss', faiss.__version__, '| torch', torch.__version__); print('[build] recipe ok:', load_recipe('/app/release')['threshold'])"
#15 3.557 [build] fastapi 0.115.12 | faiss 1.9.0 | torch 2.11.0+cu128
#15 3.557 [build] recipe ok: 0.55
#15 DONE 4.3s

#16 exporting to image
#16 exporting layers
#16 exporting layers 7.5s done
#16 exporting manifest sha256:8bc94a838ae1fa3421ef05f9c271f599cf82c34f937393c73f4dce5f56190101 0.0s done
#16 exporting config sha256:e1f059c2fccad77049b25e52292a27f4885025164ce93daae2cca3dab7d72fa5 0.0s done
#16 exporting attestation manifest sha256:d5c5072afd92a59657e85eebee3d12e341b226410691777e38966615230a45c4 0.0s done
#16 exporting manifest list sha256:93061cde465e5c2e18311f73a5b92cd36b77145106f615ab9d3af64b78ad8164
#16 exporting manifest list sha256:93061cde465e5c2e18311f73a5b92cd36b77145106f615ab9d3af64b78ad8164 0.0s done
#16 naming to docker.io/library/vreid-api:1.1 done
#16 unpacking to docker.io/library/vreid-api:1.1
#16 unpacking to docker.io/library/vreid-api:1.1 3.8s done
#16 DONE 11.4s

View build details: docker-desktop://dashboard/build/desktop-linux/desktop-linux/impkq8asfz9gctu2p6f4lcx7q
