#0 building with "desktop-linux" instance using docker driver

#1 [internal] load build definition from Dockerfile
#1 DONE 0.1s

#1 [internal] load build definition from Dockerfile
#1 transferring dockerfile:
#1 transferring dockerfile: 4.05kB 0.8s done
#1 DONE 1.7s

#2 [internal] load metadata for docker.io/pytorch/pytorch@sha256:fc47f8018254e6df30f48c48f2db1c758d44de21a8c553de1a1c451a65baa70a
#2 DONE 4.4s

#3 [internal] load .dockerignore
#3 transferring context: 161B 0.1s
#3 transferring context: 165B 0.1s done
#3 DONE 0.1s

#4 [internal] load build context
#4 DONE 0.0s

#5 [1/8] FROM docker.io/pytorch/pytorch@sha256:fc47f8018254e6df30f48c48f2db1c758d44de21a8c553de1a1c451a65baa70a
#5 resolve docker.io/pytorch/pytorch@sha256:fc47f8018254e6df30f48c48f2db1c758d44de21a8c553de1a1c451a65baa70a
#5 resolve docker.io/pytorch/pytorch@sha256:fc47f8018254e6df30f48c48f2db1c758d44de21a8c553de1a1c451a65baa70a 0.5s done
#5 DONE 0.5s

#4 [internal] load build context
#4 transferring context: 229.58kB 1.6s done
#4 DONE 1.7s

#6 [2/8] WORKDIR /app
#6 CACHED

#7 [3/8] COPY requirements-infer.txt .
#7 DONE 1.0s

#8 [4/8] RUN python -m pip install --no-cache-dir --no-deps -r requirements-infer.txt  && python -m pip check  && python -m pip freeze --all > /app/installed-packages.txt
#8 35.82 Collecting timm==1.0.20 (from -r requirements-infer.txt (line 7))
#8 36.38   Downloading timm-1.0.20-py3-none-any.whl.metadata (61 kB)
#8 36.46      ━━━━━━━━━━━━━━━━━━━━━━━━━━━━━━━━━━━━━━━ 61.7/61.7 kB 729.3 kB/s eta 0:00:00
#8 36.50 Requirement already satisfied: numpy==1.26.4 in /opt/conda/lib/python3.10/site-packages (from -r requirements-infer.txt (line 8)) (1.26.4)
#8 38.57 Collecting pillow==10.4.0 (from -r requirements-infer.txt (line 9))
#8 38.63   Downloading pillow-10.4.0-cp310-cp310-manylinux_2_28_x86_64.whl.metadata (9.2 kB)
#8 38.81 Collecting tqdm==4.66.5 (from -r requirements-infer.txt (line 10))
#8 38.89   Downloading tqdm-4.66.5-py3-none-any.whl.metadata (57 kB)
#8 38.92      ━━━━━━━━━━━━━━━━━━━━━━━━━━━━━━━━━━━━━━━━ 57.6/57.6 kB 3.8 MB/s eta 0:00:00
#8 38.92 Requirement already satisfied: PyYAML==6.0.1 in /opt/conda/lib/python3.10/site-packages (from -r requirements-infer.txt (line 11)) (6.0.1)
#8 39.12 Collecting huggingface-hub==1.32.0 (from -r requirements-infer.txt (line 12))
#8 39.20   Downloading huggingface_hub-1.32.0-py3-none-any.whl.metadata (16 kB)
#8 39.59 Collecting safetensors==0.8.0 (from -r requirements-infer.txt (line 13))
#8 39.68   Downloading safetensors-0.8.0-cp310-abi3-manylinux_2_17_x86_64.manylinux2014_x86_64.whl.metadata (4.2 kB)
#8 39.82 Collecting hf-xet==1.6.0 (from -r requirements-infer.txt (line 14))
#8 39.89   Downloading hf_xet-1.6.0-cp38-abi3-manylinux2014_x86_64.manylinux_2_17_x86_64.whl.metadata (4.9 kB)
#8 40.00 Collecting anyio==4.15.1 (from -r requirements-infer.txt (line 15))
#8 40.08   Downloading anyio-4.15.1-py3-none-any.whl.metadata (4.7 kB)
#8 40.19 Collecting click==8.5.0 (from -r requirements-infer.txt (line 16))
#8 40.27   Downloading click-8.5.0-py3-none-any.whl.metadata (2.6 kB)
#8 40.36 Collecting h11==0.16.0 (from -r requirements-infer.txt (line 17))
#8 40.43   Downloading h11-0.16.0-py3-none-any.whl.metadata (8.3 kB)
#8 40.54 Collecting httpcore==1.0.9 (from -r requirements-infer.txt (line 18))
#8 40.64   Downloading httpcore-1.0.9-py3-none-any.whl.metadata (21 kB)
#8 40.81 Collecting httpx==0.28.1 (from -r requirements-infer.txt (line 19))
#8 40.92   Downloading httpx-0.28.1-py3-none-any.whl.metadata (7.1 kB)
#8 41.01 Collecting typing-extensions==4.16.0 (from -r requirements-infer.txt (line 20))
#8 41.11   Downloading typing_extensions-4.16.0-py3-none-any.whl.metadata (3.3 kB)
#8 41.13 Requirement already satisfied: filelock==3.13.1 in /opt/conda/lib/python3.10/site-packages (from -r requirements-infer.txt (line 21)) (3.13.1)
#8 41.13 Requirement already satisfied: fsspec==2024.6.0 in /opt/conda/lib/python3.10/site-packages (from -r requirements-infer.txt (line 22)) (2024.6.0)
#8 41.14 Requirement already satisfied: packaging==23.2 in /opt/conda/lib/python3.10/site-packages (from -r requirements-infer.txt (line 23)) (23.2)
#8 41.14 Requirement already satisfied: tomli==2.0.1 in /opt/conda/lib/python3.10/site-packages (from -r requirements-infer.txt (line 24)) (2.0.1)
#8 41.14 Requirement already satisfied: sympy==1.12.1 in /opt/conda/lib/python3.10/site-packages (from -r requirements-infer.txt (line 25)) (1.12.1)
#8 41.14 Requirement already satisfied: networkx==3.2.1 in /opt/conda/lib/python3.10/site-packages (from -r requirements-infer.txt (line 26)) (3.2.1)
#8 41.14 Requirement already satisfied: jinja2==3.1.4 in /opt/conda/lib/python3.10/site-packages (from -r requirements-infer.txt (line 27)) (3.1.4)
#8 41.14 Requirement already satisfied: certifi==2024.2.2 in /opt/conda/lib/python3.10/site-packages (from -r requirements-infer.txt (line 28)) (2024.2.2)
#8 41.14 Requirement already satisfied: idna==3.7 in /opt/conda/lib/python3.10/site-packages (from -r requirements-infer.txt (line 29)) (3.7)
#8 41.14 Requirement already satisfied: MarkupSafe==2.1.3 in /opt/conda/lib/python3.10/site-packages (from -r requirements-infer.txt (line 30)) (2.1.3)
#8 41.14 Requirement already satisfied: mpmath==1.3.0 in /opt/conda/lib/python3.10/site-packages (from -r requirements-infer.txt (line 31)) (1.3.0)
#8 41.14 Requirement already satisfied: exceptiongroup==1.2.0 in /opt/conda/lib/python3.10/site-packages (from -r requirements-infer.txt (line 32)) (1.2.0)
#8 41.36 Downloading timm-1.0.20-py3-none-any.whl (2.5 MB)
#8 41.96    ━━━━━━━━━━━━━━━━━━━━━━━━━━━━━━━━━━━━━━━━ 2.5/2.5 MB 4.2 MB/s eta 0:00:00
#8 42.03 Downloading pillow-10.4.0-cp310-cp310-manylinux_2_28_x86_64.whl (4.5 MB)
#8 43.03    ━━━━━━━━━━━━━━━━━━━━━━━━━━━━━━━━━━━━━━━━ 4.5/4.5 MB 4.5 MB/s eta 0:00:00
#8 43.12 Downloading tqdm-4.66.5-py3-none-any.whl (78 kB)
#8 43.15    ━━━━━━━━━━━━━━━━━━━━━━━━━━━━━━━━━━━━━━━━ 78.4/78.4 kB 3.0 MB/s eta 0:00:00
#8 43.23 Downloading huggingface_hub-1.32.0-py3-none-any.whl (842 kB)
#8 43.57    ━━━━━━━━━━━━━━━━━━━━━━━━━━━━━━━━━━━━━━━━ 842.9/842.9 kB 2.5 MB/s eta 0:00:00
#8 43.65 Downloading safetensors-0.8.0-cp310-abi3-manylinux_2_17_x86_64.manylinux2014_x86_64.whl (516 kB)
#8 43.84    ━━━━━━━━━━━━━━━━━━━━━━━━━━━━━━━━━━━━━━━━ 516.0/516.0 kB 2.9 MB/s eta 0:00:00
#8 43.92 Downloading hf_xet-1.6.0-cp38-abi3-manylinux2014_x86_64.manylinux_2_17_x86_64.whl (4.5 MB)
#8 45.58    ━━━━━━━━━━━━━━━━━━━━━━━━━━━━━━━━━━━━━━━━ 4.5/4.5 MB 2.7 MB/s eta 0:00:00
#8 45.65 Downloading anyio-4.15.1-py3-none-any.whl (132 kB)
#8 45.69    ━━━━━━━━━━━━━━━━━━━━━━━━━━━━━━━━━━━━━━━━ 132.1/132.1 kB 5.3 MB/s eta 0:00:00
#8 45.76 Downloading click-8.5.0-py3-none-any.whl (125 kB)
#8 45.80    ━━━━━━━━━━━━━━━━━━━━━━━━━━━━━━━━━━━━━━━━ 125.3/125.3 kB 3.4 MB/s eta 0:00:00
#8 45.88 Downloading h11-0.16.0-py3-none-any.whl (37 kB)
#8 45.99 Downloading httpcore-1.0.9-py3-none-any.whl (78 kB)
#8 46.02    ━━━━━━━━━━━━━━━━━━━━━━━━━━━━━━━━━━━━━━━━ 78.8/78.8 kB 3.6 MB/s eta 0:00:00
#8 46.09 Downloading httpx-0.28.1-py3-none-any.whl (73 kB)
#8 46.12    ━━━━━━━━━━━━━━━━━━━━━━━━━━━━━━━━━━━━━━━━ 73.5/73.5 kB 2.6 MB/s eta 0:00:00
#8 46.19 Downloading typing_extensions-4.16.0-py3-none-any.whl (45 kB)
#8 46.21    ━━━━━━━━━━━━━━━━━━━━━━━━━━━━━━━━━━━━━━━━ 45.6/45.6 kB 2.9 MB/s eta 0:00:00
#8 46.24 Installing collected packages: typing-extensions, tqdm, timm, safetensors, pillow, huggingface-hub, httpx, httpcore, hf-xet, h11, click, anyio
#8 46.24   Attempting uninstall: typing-extensions
#8 46.24     Found existing installation: typing_extensions 4.11.0
#8 46.24     Uninstalling typing_extensions-4.11.0:
#8 52.90       Successfully uninstalled typing_extensions-4.11.0
#8 52.96   Attempting uninstall: tqdm
#8 52.96     Found existing installation: tqdm 4.66.4
#8 53.08     Uninstalling tqdm-4.66.4:
#8 53.53       Successfully uninstalled tqdm-4.66.4
#8 55.68   Attempting uninstall: pillow
#8 55.68     Found existing installation: pillow 10.3.0
#8 55.92     Uninstalling pillow-10.3.0:
#8 56.54       Successfully uninstalled pillow-10.3.0
#8 58.91   Attempting uninstall: click
#8 58.91     Found existing installation: click 8.1.7
#8 58.92     Uninstalling click-8.1.7:
#8 59.08       Successfully uninstalled click-8.1.7
#8 59.43 Successfully installed anyio-4.15.1 click-8.5.0 h11-0.16.0 hf-xet-1.6.0 httpcore-1.0.9 httpx-0.28.1 huggingface-hub-1.32.0 pillow-10.4.0 safetensors-0.8.0 timm-1.0.20 tqdm-4.66.5 typing-extensions-4.12.1
#8 59.43 WARNING: Running pip as the 'root' user can result in broken permissions and conflicting behaviour with the system package manager. It is recommended to use a virtual environment instead: https://pip.pypa.io/warnings/venv
#8 61.01 anyio 4.15.1 has requirement typing_extensions>=4.16.0; python_version < "3.15", but you have typing-extensions 4.12.1.
#8 ERROR: process "/bin/sh -c python -m pip install --no-cache-dir --no-deps -r requirements-infer.txt  && python -m pip check  && python -m pip freeze --all > /app/installed-packages.txt" did not complete successfully: exit code: 1
------
 > [4/8] RUN python -m pip install --no-cache-dir --no-deps -r requirements-infer.txt  && python -m pip check  && python -m pip freeze --all > /app/installed-packages.txt:
55.68     Found existing installation: pillow 10.3.0
55.92     Uninstalling pillow-10.3.0:
56.54       Successfully uninstalled pillow-10.3.0
58.91   Attempting uninstall: click
58.91     Found existing installation: click 8.1.7
58.92     Uninstalling click-8.1.7:
59.08       Successfully uninstalled click-8.1.7
59.43 Successfully installed anyio-4.15.1 click-8.5.0 h11-0.16.0 hf-xet-1.6.0 httpcore-1.0.9 httpx-0.28.1 huggingface-hub-1.32.0 pillow-10.4.0 safetensors-0.8.0 timm-1.0.20 tqdm-4.66.5 typing-extensions-4.12.1
59.43 WARNING: Running pip as the 'root' user can result in broken permissions and conflicting behaviour with the system package manager. It is recommended to use a virtual environment instead: https://pip.pypa.io/warnings/venv
61.01 anyio 4.15.1 has requirement typing_extensions>=4.16.0; python_version < "3.15", but you have typing-extensions 4.12.1.
------
Dockerfile:34
--------------------
  33 |     COPY requirements-infer.txt .
  34 | >>> RUN python -m pip install --no-cache-dir --no-deps -r requirements-infer.txt \
  35 | >>>  && python -m pip check \
  36 | >>>  && python -m pip freeze --all > /app/installed-packages.txt
  37 |     
--------------------
ERROR: failed to build: failed to solve: process "/bin/sh -c python -m pip install --no-cache-dir --no-deps -r requirements-infer.txt  && python -m pip check  && python -m pip freeze --all > /app/installed-packages.txt" did not complete successfully: exit code: 1

View build details: docker-desktop://dashboard/build/desktop-linux/desktop-linux/71iyvpqzh50q8zoxnhb92v0sq
