2026/09/20 21:41:03 http2: server: error reading preface from client //./pipe/dockerDesktopLinuxEngine: file has already been closed
#0 building with "desktop-linux" instance using docker driver

#1 [internal] load build definition from Dockerfile
#1 transferring dockerfile: 4.05kB 0.0s done
#1 DONE 0.0s

#2 [internal] load metadata for docker.io/pytorch/pytorch@sha256:fc47f8018254e6df30f48c48f2db1c758d44de21a8c553de1a1c451a65baa70a
#2 DONE 1.6s

#3 [internal] load .dockerignore
#3 transferring context: 165B 0.0s done
#3 DONE 0.0s

#4 [1/8] FROM docker.io/pytorch/pytorch@sha256:fc47f8018254e6df30f48c48f2db1c758d44de21a8c553de1a1c451a65baa70a
#4 resolve docker.io/pytorch/pytorch@sha256:fc47f8018254e6df30f48c48f2db1c758d44de21a8c553de1a1c451a65baa70a 0.0s done
#4 DONE 0.0s

#5 [internal] load build context
#5 transferring context: 99.52MB 5.0s
#5 transferring context: 172.05MB 8.0s done
#5 DONE 8.0s

#6 [2/8] WORKDIR /app
#6 CACHED

#7 [3/8] COPY requirements-infer.txt .
#7 DONE 0.2s

#8 [4/8] RUN python -m pip install --no-cache-dir --no-deps -r requirements-infer.txt  && python -m pip check  && python -m pip freeze --all > /app/installed-packages.txt
#8 2.149 Collecting timm==1.0.20 (from -r requirements-infer.txt (line 14))
#8 2.639   Downloading timm-1.0.20-py3-none-any.whl.metadata (61 kB)
#8 2.742      ━━━━━━━━━━━━━━━━━━━━━━━━━━━━━━━━━━━━━━━ 61.7/61.7 kB 536.6 kB/s eta 0:00:00
#8 2.744 Requirement already satisfied: numpy==1.26.4 in /opt/conda/lib/python3.10/site-packages (from -r requirements-infer.txt (line 15)) (1.26.4)
#8 3.271 Collecting pillow==10.4.0 (from -r requirements-infer.txt (line 16))
#8 3.364   Downloading pillow-10.4.0-cp310-cp310-manylinux_2_28_x86_64.whl.metadata (9.2 kB)
#8 3.485 Collecting tqdm==4.66.5 (from -r requirements-infer.txt (line 17))
#8 3.575   Downloading tqdm-4.66.5-py3-none-any.whl.metadata (57 kB)
#8 3.609      ━━━━━━━━━━━━━━━━━━━━━━━━━━━━━━━━━━━━━━━━ 57.6/57.6 kB 2.5 MB/s eta 0:00:00
#8 3.612 Requirement already satisfied: PyYAML==6.0.1 in /opt/conda/lib/python3.10/site-packages (from -r requirements-infer.txt (line 18)) (6.0.1)
#8 3.771 Collecting huggingface-hub==1.32.0 (from -r requirements-infer.txt (line 19))
#8 3.860   Downloading huggingface_hub-1.32.0-py3-none-any.whl.metadata (16 kB)
#8 4.116 Collecting safetensors==0.8.0 (from -r requirements-infer.txt (line 20))
#8 4.208   Downloading safetensors-0.8.0-cp310-abi3-manylinux_2_17_x86_64.manylinux2014_x86_64.whl.metadata (4.2 kB)
#8 4.327 Collecting hf-xet==1.6.0 (from -r requirements-infer.txt (line 21))
#8 4.417   Downloading hf_xet-1.6.0-cp38-abi3-manylinux2014_x86_64.manylinux_2_17_x86_64.whl.metadata (4.9 kB)
#8 4.513 Collecting click==8.5.0 (from -r requirements-infer.txt (line 22))
#8 4.602   Downloading click-8.5.0-py3-none-any.whl.metadata (2.6 kB)
#8 4.604 Requirement already satisfied: filelock==3.13.1 in /opt/conda/lib/python3.10/site-packages (from -r requirements-infer.txt (line 23)) (3.13.1)
#8 4.604 Requirement already satisfied: fsspec==2024.6.0 in /opt/conda/lib/python3.10/site-packages (from -r requirements-infer.txt (line 24)) (2024.6.0)
#8 4.605 Requirement already satisfied: packaging==23.2 in /opt/conda/lib/python3.10/site-packages (from -r requirements-infer.txt (line 25)) (23.2)
#8 4.605 Requirement already satisfied: tomli==2.0.1 in /opt/conda/lib/python3.10/site-packages (from -r requirements-infer.txt (line 26)) (2.0.1)
#8 4.606 Requirement already satisfied: sympy==1.12.1 in /opt/conda/lib/python3.10/site-packages (from -r requirements-infer.txt (line 27)) (1.12.1)
#8 4.607 Requirement already satisfied: networkx==3.2.1 in /opt/conda/lib/python3.10/site-packages (from -r requirements-infer.txt (line 28)) (3.2.1)
#8 4.607 Requirement already satisfied: jinja2==3.1.4 in /opt/conda/lib/python3.10/site-packages (from -r requirements-infer.txt (line 29)) (3.1.4)
#8 4.608 Requirement already satisfied: certifi==2024.2.2 in /opt/conda/lib/python3.10/site-packages (from -r requirements-infer.txt (line 30)) (2024.2.2)
#8 4.608 Requirement already satisfied: idna==3.7 in /opt/conda/lib/python3.10/site-packages (from -r requirements-infer.txt (line 31)) (3.7)
#8 4.609 Requirement already satisfied: MarkupSafe==2.1.3 in /opt/conda/lib/python3.10/site-packages (from -r requirements-infer.txt (line 32)) (2.1.3)
#8 4.609 Requirement already satisfied: mpmath==1.3.0 in /opt/conda/lib/python3.10/site-packages (from -r requirements-infer.txt (line 33)) (1.3.0)
#8 4.610 Requirement already satisfied: exceptiongroup==1.2.0 in /opt/conda/lib/python3.10/site-packages (from -r requirements-infer.txt (line 34)) (1.2.0)
#8 4.720 Downloading timm-1.0.20-py3-none-any.whl (2.5 MB)
#8 5.676    ━━━━━━━━━━━━━━━━━━━━━━━━━━━━━━━━━━━━━━━━ 2.5/2.5 MB 2.6 MB/s eta 0:00:00
#8 5.766 Downloading pillow-10.4.0-cp310-cp310-manylinux_2_28_x86_64.whl (4.5 MB)
#8 6.351    ━━━━━━━━━━━━━━━━━━━━━━━━━━━━━━━━━━━━━━━━ 4.5/4.5 MB 7.8 MB/s eta 0:00:00
#8 6.441 Downloading tqdm-4.66.5-py3-none-any.whl (78 kB)
#8 6.450    ━━━━━━━━━━━━━━━━━━━━━━━━━━━━━━━━━━━━━━━━ 78.4/78.4 kB 11.9 MB/s eta 0:00:00
#8 6.538 Downloading huggingface_hub-1.32.0-py3-none-any.whl (842 kB)
#8 6.628    ━━━━━━━━━━━━━━━━━━━━━━━━━━━━━━━━━━━━━━━━ 842.9/842.9 kB 9.6 MB/s eta 0:00:00
#8 6.716 Downloading safetensors-0.8.0-cp310-abi3-manylinux_2_17_x86_64.manylinux2014_x86_64.whl (516 kB)
#8 6.764    ━━━━━━━━━━━━━━━━━━━━━━━━━━━━━━━━━━━━━━━━ 516.0/516.0 kB 15.9 MB/s eta 0:00:00
#8 6.851 Downloading hf_xet-1.6.0-cp38-abi3-manylinux2014_x86_64.manylinux_2_17_x86_64.whl (4.5 MB)
#8 7.326    ━━━━━━━━━━━━━━━━━━━━━━━━━━━━━━━━━━━━━━━━ 4.5/4.5 MB 9.4 MB/s eta 0:00:00
#8 7.416 Downloading click-8.5.0-py3-none-any.whl (125 kB)
#8 7.429    ━━━━━━━━━━━━━━━━━━━━━━━━━━━━━━━━━━━━━━━━ 125.3/125.3 kB 11.7 MB/s eta 0:00:00
#8 7.450 Installing collected packages: tqdm, timm, safetensors, pillow, huggingface-hub, hf-xet, click
#8 7.450   Attempting uninstall: tqdm
#8 7.452     Found existing installation: tqdm 4.66.4
#8 7.459     Uninstalling tqdm-4.66.4:
#8 7.545       Successfully uninstalled tqdm-4.66.4
#8 8.524   Attempting uninstall: pillow
#8 8.526     Found existing installation: pillow 10.3.0
#8 8.574     Uninstalling pillow-10.3.0:
#8 8.777       Successfully uninstalled pillow-10.3.0
#8 10.84   Attempting uninstall: click
#8 10.84     Found existing installation: click 8.1.7
#8 10.86     Uninstalling click-8.1.7:
#8 10.91       Successfully uninstalled click-8.1.7
#8 10.98 Successfully installed click-8.5.0 hf-xet-1.6.0 huggingface-hub-1.32.0 pillow-10.4.0 safetensors-0.8.0 timm-1.0.20 tqdm-4.66.5
#8 10.98 WARNING: Running pip as the 'root' user can result in broken permissions and conflicting behaviour with the system package manager. It is recommended to use a virtual environment instead: https://pip.pypa.io/warnings/venv
#8 12.32 huggingface-hub 1.32.0 requires httpx, which is not installed.
#8 ERROR: process "/bin/sh -c python -m pip install --no-cache-dir --no-deps -r requirements-infer.txt  && python -m pip check  && python -m pip freeze --all > /app/installed-packages.txt" did not complete successfully: exit code: 1
------
 > [4/8] RUN python -m pip install --no-cache-dir --no-deps -r requirements-infer.txt  && python -m pip check  && python -m pip freeze --all > /app/installed-packages.txt:
8.526     Found existing installation: pillow 10.3.0
8.574     Uninstalling pillow-10.3.0:
8.777       Successfully uninstalled pillow-10.3.0
10.84   Attempting uninstall: click
10.84     Found existing installation: click 8.1.7
10.86     Uninstalling click-8.1.7:
10.91       Successfully uninstalled click-8.1.7
10.98 Successfully installed click-8.5.0 hf-xet-1.6.0 huggingface-hub-1.32.0 pillow-10.4.0 safetensors-0.8.0 timm-1.0.20 tqdm-4.66.5
10.98 WARNING: Running pip as the 'root' user can result in broken permissions and conflicting behaviour with the system package manager. It is recommended to use a virtual environment instead: https://pip.pypa.io/warnings/venv
12.32 huggingface-hub 1.32.0 requires httpx, which is not installed.
------
Dockerfile:34
--------------------
  33 |     COPY requirements-infer.txt .
  34 | >>> RUN python -m pip install --no-cache-dir --no-deps -r requirements-infer.txt \
  35 | >>>  && python -m pip check \
  36 | >>>  && python -m pip freeze --all > /app/installed-packages.txt
  37 |     
--------------------
ERROR: failed to build: failed to solve: process "/bin/sh -c python -m pip install --no-cache-dir --no-deps -r requirements-infer.txt  && python -m pip check  && python -m pip freeze --all > /app/installed-packages.txt" did not complete successfully: exit code: 1

View build details: docker-desktop://dashboard/build/desktop-linux/desktop-linux/lcqf1g6i4q29dftx2usaloxbr
