#0 building with "desktop-linux" instance using docker driver

#1 [internal] load build definition from Dockerfile
#1 transferring dockerfile: 4.90kB done
#1 DONE 0.0s

#2 [internal] load metadata for docker.io/pytorch/pytorch@sha256:fc47f8018254e6df30f48c48f2db1c758d44de21a8c553de1a1c451a65baa70a
#2 DONE 1.4s

#3 [internal] load .dockerignore
#3 transferring context: 641B done
#3 DONE 0.0s

#4 [1/8] FROM docker.io/pytorch/pytorch@sha256:fc47f8018254e6df30f48c48f2db1c758d44de21a8c553de1a1c451a65baa70a
#4 resolve docker.io/pytorch/pytorch@sha256:fc47f8018254e6df30f48c48f2db1c758d44de21a8c553de1a1c451a65baa70a 0.0s done
#4 DONE 0.0s

#5 [internal] load build context
#5 transferring context: 168.84MB 5.0s
#5 transferring context: 172.47MB 5.1s done
#5 DONE 5.1s

#6 [2/8] WORKDIR /app
#6 CACHED

#7 [3/8] COPY requirements-infer.txt requirements-infer-dev.txt ./
#7 CACHED

#8 [4/8] RUN python -m pip install --no-cache-dir --no-deps  -r requirements-infer.txt  && python -m pip check  && python -m pip freeze --all > /app/installed-packages.txt
#8 CACHED

#9 [5/8] COPY vreid/ /app/vreid/
#9 DONE 0.1s

#10 [6/8] COPY scripts/ /app/scripts/
#10 DONE 0.1s

#11 [7/8] COPY release/ /app/release/
#11 DONE 0.2s

#12 [8/8] RUN python -c "import torch, torchvision, timm; from vreid.artifacts import weight_inventory; from vreid.predict import load_recipe; print('[build] torch', torch.__version__, '| torchvision', torchvision.__version__, '| timm', timm.__version__); print('[build] weights:', weight_inventory('/app/release')); print('[build] recipe ok:', load_recipe('/app/release')['threshold'])"
#12 2.406 [build] torch 2.3.1 | torchvision 0.18.1 | timm 1.0.20
#12 2.507 [build] weights: {'files': [{'path': 'model.pt', 'bytes': 171995879, 'sha256': '608042f64c259b97590e57b81f6c03e7143fba43d9a9c320b4a2a346e9f5fd1c'}], 'total_bytes': 171995879, 'limit_bytes': 2000000000}
#12 2.507 [build] recipe ok: 0.55
#12 DONE 3.0s

#13 exporting to image
#13 exporting layers
#13 exporting layers 6.1s done
#13 exporting manifest sha256:f2fdf242bc986591df741333e2f42d59df0ca68e58bb13df96ed7373994b3003 0.0s done
#13 exporting config sha256:5ae6ce235a3edb18160516a800b1b4bc7ed0b94ea36d479bda94a81d85f00307 0.0s done
#13 exporting attestation manifest sha256:03bcbb4dcbb858a08127386b83932c36b23703ac8600a4d45f2d2a6bad54dbaa 0.0s done
#13 exporting manifest list sha256:8adea514a10b268e65490bbaf51798ab447275e1c91294434ee69266601e0839 0.0s done
#13 naming to docker.io/library/vreid-release:latest
#13 naming to docker.io/library/vreid-release:latest done
#13 unpacking to docker.io/library/vreid-release:latest
#13 unpacking to docker.io/library/vreid-release:latest 2.5s done
#13 DONE 8.8s

View build details: docker-desktop://dashboard/build/desktop-linux/desktop-linux/n2y4ofweay2o1p15mtvsc2e7n
