#0 building with "desktop-linux" instance using docker driver

#1 [internal] load build definition from Dockerfile
#1 DONE 0.0s

#1 [internal] load build definition from Dockerfile
#1 transferring dockerfile: 706B done
#1 DONE 0.0s

#2 [internal] load metadata for docker.io/library/nginx:1.27.4-alpine
#2 DONE 0.1s

#3 [internal] load .dockerignore
#3 transferring context: 641B done
#3 DONE 0.0s

#4 [1/4] FROM docker.io/library/nginx:1.27.4-alpine@sha256:4ff102c5d78d254a6f0da062b3cf39eaf07f01eec0927fd21e219d0af8bc0591
#4 resolve docker.io/library/nginx:1.27.4-alpine@sha256:4ff102c5d78d254a6f0da062b3cf39eaf07f01eec0927fd21e219d0af8bc0591 0.0s done
#4 DONE 0.0s

#5 [internal] load build context
#5 transferring context: 1.91kB 0.0s done
#5 DONE 0.0s

#6 [2/4] COPY service/static/ /usr/share/nginx/html/static/
#6 CACHED

#7 [3/4] COPY service/static/index.html /usr/share/nginx/html/index.html
#7 CACHED

#8 [4/4] COPY web/nginx.conf /etc/nginx/conf.d/default.conf
#8 CACHED

#9 exporting to image
#9 exporting layers done
#9 exporting manifest sha256:bc1ac01d31e0fc10dc5be54cc3b876aafa3b14d23a6527ddb27a52ef502940d8 done
#9 exporting config sha256:2a6bffb6f3986feaadbb2efc433a11b11749868256b5cc5662d2d22dc38a6361 done
#9 exporting attestation manifest sha256:6c9c177405390599c1473c7006b038670c3ec0d7fc723800d5050a0a7ec3f00b 0.0s done
#9 exporting manifest list sha256:04218f29182fe24da6f8d0811c2a8638899671d89477bf7b5ab9e1403d722ce1 0.0s done
#9 naming to docker.io/library/vreid-web:1.1 done
#9 unpacking to docker.io/library/vreid-web:1.1 0.0s done
#9 DONE 0.2s

View build details: docker-desktop://dashboard/build/desktop-linux/desktop-linux/ymw4s9ku4xki3aflqjtg3cuc0
