#0 building with "desktop-linux" instance using docker driver

#1 [internal] load build definition from Dockerfile
#1 transferring dockerfile: 4.90kB 0.0s done
#1 DONE 0.0s

#2 [internal] load metadata for docker.io/pytorch/pytorch@sha256:fc47f8018254e6df30f48c48f2db1c758d44de21a8c553de1a1c451a65baa70a
#2 DONE 2.9s

#3 [internal] load .dockerignore
#3 transferring context: 641B done
#3 DONE 0.0s

#4 [1/8] FROM docker.io/pytorch/pytorch@sha256:fc47f8018254e6df30f48c48f2db1c758d44de21a8c553de1a1c451a65baa70a
#4 resolve docker.io/pytorch/pytorch@sha256:fc47f8018254e6df30f48c48f2db1c758d44de21a8c553de1a1c451a65baa70a 0.0s done
#4 DONE 0.0s

#5 [2/8] WORKDIR /app
#5 CACHED

#6 [internal] load build context
#6 transferring context: 170.51MB 5.0s
#6 transferring context: 172.47MB 5.1s done
#6 DONE 5.1s

#7 [3/8] COPY requirements-infer.txt requirements-infer-dev.txt ./
#7 DONE 0.1s

#8 [4/8] RUN python -m pip install --no-cache-dir --no-deps  -r requirements-infer.txt  && python -m pip check  && python -m pip freeze --all > /app/installed-packages.txt
#8 0.888 Requirement already satisfied: MarkupSafe==2.1.3 in /opt/conda/lib/python3.10/site-packages (from -r requirements-infer.txt (line 14)) (2.1.3)
#8 0.888 Requirement already satisfied: PyYAML==6.0.1 in /opt/conda/lib/python3.10/site-packages (from -r requirements-infer.txt (line 15)) (6.0.1)
#8 6.701 Collecting anyio==4.4.0 (from -r requirements-infer.txt (line 16))
#8 9.141   Downloading anyio-4.4.0-py3-none-any.whl.metadata (4.6 kB)
#8 9.143 Requirement already satisfied: certifi==2024.2.2 in /opt/conda/lib/python3.10/site-packages (from -r requirements-infer.txt (line 17)) (2024.2.2)
#8 10.97 Collecting click==8.5.0 (from -r requirements-infer.txt (line 18))
#8 11.05   Downloading click-8.5.0-py3-none-any.whl.metadata (2.6 kB)
#8 11.12 Requirement already satisfied: exceptiongroup==1.2.0 in /opt/conda/lib/python3.10/site-packages (from -r requirements-infer.txt (line 19)) (1.2.0)
#8 11.12 Requirement already satisfied: filelock==3.13.1 in /opt/conda/lib/python3.10/site-packages (from -r requirements-infer.txt (line 20)) (3.13.1)
#8 11.12 Requirement already satisfied: fsspec==2024.6.0 in /opt/conda/lib/python3.10/site-packages (from -r requirements-infer.txt (line 21)) (2024.6.0)
#8 11.33 Collecting h11==0.16.0 (from -r requirements-infer.txt (line 22))
#8 11.40   Downloading h11-0.16.0-py3-none-any.whl.metadata (8.3 kB)
#8 12.45 Collecting hf-xet==1.6.0 (from -r requirements-infer.txt (line 23))
#8 12.56   Downloading hf_xet-1.6.0-cp38-abi3-manylinux2014_x86_64.manylinux_2_17_x86_64.whl.metadata (4.9 kB)
#8 12.81 Collecting httpcore==1.0.9 (from -r requirements-infer.txt (line 24))
#8 12.89   Downloading httpcore-1.0.9-py3-none-any.whl.metadata (21 kB)
#8 13.27 Collecting httpx==0.28.1 (from -r requirements-infer.txt (line 25))
#8 13.35   Downloading httpx-0.28.1-py3-none-any.whl.metadata (7.1 kB)
#8 14.00 Collecting huggingface-hub==1.32.0 (from -r requirements-infer.txt (line 26))
#8 14.09   Downloading huggingface_hub-1.32.0-py3-none-any.whl.metadata (16 kB)
#8 14.12 Requirement already satisfied: idna==3.7 in /opt/conda/lib/python3.10/site-packages (from -r requirements-infer.txt (line 27)) (3.7)
#8 14.12 Requirement already satisfied: jinja2==3.1.4 in /opt/conda/lib/python3.10/site-packages (from -r requirements-infer.txt (line 28)) (3.1.4)
#8 14.13 Requirement already satisfied: mpmath==1.3.0 in /opt/conda/lib/python3.10/site-packages (from -r requirements-infer.txt (line 29)) (1.3.0)
#8 14.13 Requirement already satisfied: networkx==3.2.1 in /opt/conda/lib/python3.10/site-packages (from -r requirements-infer.txt (line 30)) (3.2.1)
#8 14.13 Requirement already satisfied: numpy==1.26.4 in /opt/conda/lib/python3.10/site-packages (from -r requirements-infer.txt (line 31)) (1.26.4)
#8 14.13 Requirement already satisfied: packaging==23.2 in /opt/conda/lib/python3.10/site-packages (from -r requirements-infer.txt (line 32)) (23.2)
#8 16.12 Collecting pillow==10.4.0 (from -r requirements-infer.txt (line 33))
#8 16.20   Downloading pillow-10.4.0-cp310-cp310-manylinux_2_28_x86_64.whl.metadata (9.2 kB)
#8 17.24 Collecting safetensors==0.8.0 (from -r requirements-infer.txt (line 34))
#8 17.33   Downloading safetensors-0.8.0-cp310-abi3-manylinux_2_17_x86_64.manylinux2014_x86_64.whl.metadata (4.2 kB)
#8 17.44 Collecting sniffio==1.3.1 (from -r requirements-infer.txt (line 35))
#8 17.53   Downloading sniffio-1.3.1-py3-none-any.whl.metadata (3.9 kB)
#8 17.53 Requirement already satisfied: sympy==1.12.1 in /opt/conda/lib/python3.10/site-packages (from -r requirements-infer.txt (line 36)) (1.12.1)
#8 17.70 Collecting timm==1.0.20 (from -r requirements-infer.txt (line 37))
#8 17.77   Downloading timm-1.0.20-py3-none-any.whl.metadata (61 kB)
#8 17.94      ━━━━━━━━━━━━━━━━━━━━━━━━━━━━━━━━━━━━━━━ 61.7/61.7 kB 418.4 kB/s eta 0:00:00
#8 17.94 Requirement already satisfied: tomli==2.0.1 in /opt/conda/lib/python3.10/site-packages (from -r requirements-infer.txt (line 38)) (2.0.1)
#8 18.19 Collecting tqdm==4.66.5 (from -r requirements-infer.txt (line 39))
#8 18.26   Downloading tqdm-4.66.5-py3-none-any.whl.metadata (57 kB)
#8 18.43      ━━━━━━━━━━━━━━━━━━━━━━━━━━━━━━━━━━━━━━━ 57.6/57.6 kB 386.5 kB/s eta 0:00:00
#8 18.55 Downloading anyio-4.4.0-py3-none-any.whl (86 kB)
#8 18.77    ━━━━━━━━━━━━━━━━━━━━━━━━━━━━━━━━━━━━━━━━ 86.8/86.8 kB 421.6 kB/s eta 0:00:00
#8 18.86 Downloading click-8.5.0-py3-none-any.whl (125 kB)
#8 19.14    ━━━━━━━━━━━━━━━━━━━━━━━━━━━━━━━━━━━━━━━ 125.3/125.3 kB 458.7 kB/s eta 0:00:00
#8 19.22 Downloading h11-0.16.0-py3-none-any.whl (37 kB)
#8 19.39 Downloading hf_xet-1.6.0-cp38-abi3-manylinux2014_x86_64.manylinux_2_17_x86_64.whl (4.5 MB)
#8 25.57    ━━━━━━━━━━━━━━━━━━━━━━━━━━━━━━━━━━━━━━━━ 4.5/4.5 MB 724.7 kB/s eta 0:00:00
#8 25.70 Downloading httpcore-1.0.9-py3-none-any.whl (78 kB)
#8 25.87    ━━━━━━━━━━━━━━━━━━━━━━━━━━━━━━━━━━━━━━━━ 78.8/78.8 kB 496.8 kB/s eta 0:00:00
#8 25.95 Downloading httpx-0.28.1-py3-none-any.whl (73 kB)
#8 26.09    ━━━━━━━━━━━━━━━━━━━━━━━━━━━━━━━━━━━━━━━━ 73.5/73.5 kB 542.5 kB/s eta 0:00:00
#8 26.16 Downloading huggingface_hub-1.32.0-py3-none-any.whl (842 kB)
#8 27.60    ━━━━━━━━━━━━━━━━━━━━━━━━━━━━━━━━━━━━━━━ 842.9/842.9 kB 592.2 kB/s eta 0:00:00
#8 27.69 Downloading pillow-10.4.0-cp310-cp310-manylinux_2_28_x86_64.whl (4.5 MB)
#8 32.41    ━━━━━━━━━━━━━━━━━━━━━━━━━━━━━━━━━━━━━━━━ 4.5/4.5 MB 960.3 kB/s eta 0:00:00
#8 32.49 Downloading safetensors-0.8.0-cp310-abi3-manylinux_2_17_x86_64.manylinux2014_x86_64.whl (516 kB)
#8 32.99    ━━━━━━━━━━━━━━━━━━━━━━━━━━━━━━━━━━━━━━━━ 516.0/516.0 kB 1.0 MB/s eta 0:00:00
#8 33.07 Downloading sniffio-1.3.1-py3-none-any.whl (10 kB)
#8 33.16 Downloading timm-1.0.20-py3-none-any.whl (2.5 MB)
#8 35.23    ━━━━━━━━━━━━━━━━━━━━━━━━━━━━━━━━━━━━━━━━ 2.5/2.5 MB 1.2 MB/s eta 0:00:00
#8 35.31 Downloading tqdm-4.66.5-py3-none-any.whl (78 kB)
#8 35.36    ━━━━━━━━━━━━━━━━━━━━━━━━━━━━━━━━━━━━━━━━ 78.4/78.4 kB 1.6 MB/s eta 0:00:00
#8 35.39 Installing collected packages: tqdm, timm, sniffio, safetensors, pillow, huggingface-hub, httpx, httpcore, hf-xet, h11, click, anyio
#8 35.39   Attempting uninstall: tqdm
#8 35.39     Found existing installation: tqdm 4.66.4
#8 35.39     Uninstalling tqdm-4.66.4:
#8 35.44       Successfully uninstalled tqdm-4.66.4
#8 36.07   Attempting uninstall: pillow
#8 36.07     Found existing installation: pillow 10.3.0
#8 36.08     Uninstalling pillow-10.3.0:
#8 36.18       Successfully uninstalled pillow-10.3.0
#8 36.87   Attempting uninstall: click
#8 36.87     Found existing installation: click 8.1.7
#8 36.87     Uninstalling click-8.1.7:
#8 36.90       Successfully uninstalled click-8.1.7
#8 37.03 Successfully installed anyio-4.4.0 click-8.5.0 h11-0.16.0 hf-xet-1.6.0 httpcore-1.0.9 httpx-0.28.1 huggingface-hub-1.32.0 pillow-10.4.0 safetensors-0.8.0 sniffio-1.3.1 timm-1.0.20 tqdm-4.66.5
#8 37.03 WARNING: Running pip as the 'root' user can result in broken permissions and conflicting behaviour with the system package manager. It is recommended to use a virtual environment instead: https://pip.pypa.io/warnings/venv
#8 38.35 No broken requirements found.
#8 DONE 38.9s

#9 [5/8] COPY vreid/ /app/vreid/
#9 DONE 0.1s

#10 [6/8] COPY scripts/ /app/scripts/
#10 DONE 0.1s

#11 [7/8] COPY release/ /app/release/
#11 DONE 0.2s

#12 [8/8] RUN python -c "import torch, torchvision, timm; from vreid.artifacts import weight_inventory; from vreid.predict import load_recipe; print('[build] torch', torch.__version__, '| torchvision', torchvision.__version__, '| timm', timm.__version__); print('[build] weights:', weight_inventory('/app/release')); print('[build] recipe ok:', load_recipe('/app/release')['threshold'])"
#12 3.622 [build] torch 2.3.1 | torchvision 0.18.1 | timm 1.0.20
#12 3.725 [build] weights: {'files': [{'path': 'model.pt', 'bytes': 171995879, 'sha256': '608042f64c259b97590e57b81f6c03e7143fba43d9a9c320b4a2a346e9f5fd1c'}], 'total_bytes': 171995879, 'limit_bytes': 2000000000}
#12 3.725 [build] recipe ok: 0.55
#12 DONE 4.6s

#13 exporting to image
#13 exporting layers
#13 exporting layers 6.3s done
#13 exporting manifest sha256:5d85da3a59178925a107e001a2ba0b10921b469c9db3d97f7eb0594337fb3917 0.0s done
#13 exporting config sha256:bb680dee6c1781461d48826a70d9f9079cfaaf53e28267c5175b51ca1330d143 0.0s done
#13 exporting attestation manifest sha256:f2432f11faad9a068263660cade786ffc564d23badcf50a09e5fa925e376b970 0.0s done
#13 exporting manifest list sha256:d9c2b4107096f708df9e7e76a17d7c5adb24a2844472fd1f901b00f427da19bf 0.0s done
#13 naming to docker.io/library/vreid-clean-test:latest
#13 naming to docker.io/library/vreid-clean-test:latest done
#13 unpacking to docker.io/library/vreid-clean-test:latest
#13 unpacking to docker.io/library/vreid-clean-test:latest 4.9s done
#13 DONE 11.3s

View build details: docker-desktop://dashboard/build/desktop-linux/desktop-linux/7mltdzdy5wuf07qqhsid2rhqn
