[predict] рецепт: порог=0.5500 по «top1», TTA flip=False, быстрый декод=True, DBA k=0, k-reciprocal=True (6/2)
[predict] запросов 1110, галерея 750
[models] ft:release: vit_base_patch14_dinov2.lvd142m, D=1536, input=336, device=cuda

extract[query]:   0%|          | 0/35 [00:00<?, ?batch/s]
extract[query]:   3%|▎         | 1/35 [00:02<01:28,  2.60s/batch]
extract[query]:   6%|▌         | 2/35 [00:02<00:37,  1.15s/batch]
extract[query]:   9%|▊         | 3/35 [00:02<00:21,  1.46batch/s]
extract[query]:  11%|█▏        | 4/35 [00:02<00:14,  2.16batch/s]
extract[query]:  14%|█▍        | 5/35 [00:03<00:10,  2.92batch/s]
extract[query]:  17%|█▋        | 6/35 [00:03<00:07,  3.71batch/s]
extract[query]:  20%|██        | 7/35 [00:03<00:06,  4.47batch/s]
extract[query]:  23%|██▎       | 8/35 [00:03<00:05,  5.16batch/s]
extract[query]:  26%|██▌       | 9/35 [00:03<00:04,  5.77batch/s]
extract[query]:  29%|██▊       | 10/35 [00:03<00:03,  6.29batch/s]
extract[query]:  31%|███▏      | 11/35 [00:03<00:03,  6.69batch/s]
extract[query]:  34%|███▍      | 12/35 [00:04<00:03,  7.00batch/s]
extract[query]:  37%|███▋      | 13/35 [00:04<00:03,  7.21batch/s]
extract[query]:  40%|████      | 14/35 [00:04<00:04,  4.62batch/s]
extract[query]:  43%|████▎     | 15/35 [00:04<00:04,  4.27batch/s]
extract[query]:  46%|████▌     | 16/35 [00:04<00:03,  4.95batch/s]
extract[query]:  49%|████▊     | 17/35 [00:05<00:03,  5.58batch/s]
extract[query]:  51%|█████▏    | 18/35 [00:05<00:03,  4.39batch/s]
extract[query]:  54%|█████▍    | 19/35 [00:05<00:04,  3.56batch/s]
extract[query]:  57%|█████▋    | 20/35 [00:05<00:03,  4.15batch/s]
extract[query]:  60%|██████    | 21/35 [00:06<00:02,  4.79batch/s]
extract[query]:  63%|██████▎   | 22/35 [00:06<00:02,  4.72batch/s]
extract[query]:  66%|██████▌   | 23/35 [00:06<00:03,  3.21batch/s]
extract[query]:  69%|██████▊   | 24/35 [00:06<00:02,  3.86batch/s]
extract[query]:  71%|███████▏  | 25/35 [00:07<00:02,  4.50batch/s]
extract[query]:  74%|███████▍  | 26/35 [00:07<00:02,  4.22batch/s]
extract[query]:  77%|███████▋  | 27/35 [00:07<00:02,  3.23batch/s]
extract[query]:  80%|████████  | 28/35 [00:08<00:01,  3.90batch/s]
extract[query]:  83%|████████▎ | 29/35 [00:08<00:01,  4.54batch/s]
extract[query]:  86%|████████▌ | 30/35 [00:08<00:01,  4.11batch/s]
extract[query]:  89%|████████▊ | 31/35 [00:08<00:01,  3.18batch/s]
extract[query]:  91%|█████████▏| 32/35 [00:09<00:00,  3.78batch/s]
extract[query]:  94%|█████████▍| 33/35 [00:09<00:00,  4.38batch/s]
extract[query]:  97%|█████████▋| 34/35 [00:09<00:00,  4.22batch/s]
extract[query]: 100%|██████████| 35/35 [00:09<00:00,  4.78batch/s]
extract[query]: 100%|██████████| 35/35 [00:09<00:00,  3.62batch/s]
[extract] query: 8.7 мс/кроп всего = 5.1 сеть + 3.6 чтение кадров с диска

extract[gallery]:   0%|          | 0/24 [00:00<?, ?batch/s]
extract[gallery]:   4%|▍         | 1/24 [00:01<00:28,  1.24s/batch]
extract[gallery]:   8%|▊         | 2/24 [00:01<00:12,  1.69batch/s]
extract[gallery]:  12%|█▎        | 3/24 [00:01<00:07,  2.63batch/s]
extract[gallery]:  17%|█▋        | 4/24 [00:01<00:05,  3.55batch/s]
extract[gallery]:  21%|██        | 5/24 [00:02<00:07,  2.65batch/s]
extract[gallery]:  25%|██▌       | 6/24 [00:02<00:05,  3.39batch/s]
extract[gallery]:  29%|██▉       | 7/24 [00:02<00:04,  4.12batch/s]
extract[gallery]:  33%|███▎      | 8/24 [00:02<00:03,  4.73batch/s]
extract[gallery]:  38%|███▊      | 9/24 [00:03<00:04,  3.66batch/s]
extract[gallery]:  42%|████▏     | 10/24 [00:03<00:03,  4.03batch/s]
extract[gallery]:  46%|████▌     | 11/24 [00:03<00:02,  4.70batch/s]
extract[gallery]:  50%|█████     | 12/24 [00:03<00:02,  5.35batch/s]
extract[gallery]:  54%|█████▍    | 13/24 [00:03<00:02,  3.97batch/s]
extract[gallery]:  58%|█████▊    | 14/24 [00:04<00:02,  3.96batch/s]
extract[gallery]:  62%|██████▎   | 15/24 [00:04<00:01,  4.65batch/s]
extract[gallery]:  67%|██████▋   | 16/24 [00:04<00:01,  5.24batch/s]
extract[gallery]:  71%|███████   | 17/24 [00:04<00:01,  4.00batch/s]
extract[gallery]:  75%|███████▌  | 18/24 [00:05<00:01,  3.80batch/s]
extract[gallery]:  79%|███████▉  | 19/24 [00:05<00:01,  4.48batch/s]
extract[gallery]:  83%|████████▎ | 20/24 [00:05<00:00,  5.15batch/s]
extract[gallery]:  88%|████████▊ | 21/24 [00:05<00:00,  4.26batch/s]
extract[gallery]:  92%|█████████▏| 22/24 [00:05<00:00,  4.20batch/s]
extract[gallery]:  96%|█████████▌| 23/24 [00:06<00:00,  4.89batch/s]
extract[gallery]: 100%|██████████| 24/24 [00:06<00:00,  3.93batch/s]
[extract] gallery: 8.2 мс/кроп всего = 4.2 сеть + 4.0 чтение кадров с диска
[predict] эмбеддинги: 1860 кропов за 15.8 с = 117.8 кроп/с
[submit] embeddings.npy (1860, 1536) → /out/embeddings.npy
[submit] submission.csv (1110 запросов, top-10) → /out/submission.csv
[submit] candidates.csv: отказов 69/1110 → /out/candidates.csv
[predict] готово за 25.3 с → /out
