[hackathon] train.csv: 9556 bbox, 1541 vehicle_id, 9556 кадров
[hackathon] камеры из CSV: 96 шт. — псевдокамера не нужна
[hackathon] протокол «track», fit: 7655 bbox / 1233 id; val query: 1213 (без пары: 243), gallery: 688
[train] кропы fit: 7655 (0 c)
[train] vit_base_patch14_dinov2.lvd142m, D=1536, id=1233, device=cuda
[train] дистилляция от weights/hack_dinov2_l_336_cam/best.pt: D учителя 2048, вес 20.0
[train] сэмплер: camera-aware (кадры одной машины — с разных камер)
[val] до обучения: rank1=  7.6%  rank5= 14.7%  rank10= 20.5%  mAP@10=  7.7%  (queries 970/970, gallery 688)
E:\Хакатон\vreid\train.py:585: UserWarning: Detected call of `lr_scheduler.step()` before `optimizer.step()`. In PyTorch 1.1.0 and later, you should call them in the opposite order: `optimizer.step()` before `lr_scheduler.step()`.  Failure to do this will result in PyTorch skipping the first value of the learning rate schedule. See more details at https://pytorch.org/docs/stable/optim.html#how-to-adjust-learning-rate
  scaler.step(opt); scaler.update(); sched.step(); step += 1
[ep 01] loss=16.346 rank1= 31.2%  rank5= 55.7%  rank10= 66.1%  mAP@10= 34.3%  (queries 970/970, gallery 688) (765 c)
[ep 02] loss=12.624 rank1= 45.2%  rank5= 69.1%  rank10= 77.8%  mAP@10= 48.0%  (queries 970/970, gallery 688) (527 c)
[ep 03] loss=8.858 rank1= 50.5%  rank5= 74.9%  rank10= 83.1%  mAP@10= 53.2%  (queries 970/970, gallery 688) (550 c)
[ep 04] loss=6.094 rank1= 54.5%  rank5= 78.5%  rank10= 86.0%  mAP@10= 58.0%  (queries 970/970, gallery 688) (637 c)
[ep 05] loss=3.931 rank1= 56.8%  rank5= 80.3%  rank10= 86.4%  mAP@10= 60.3%  (queries 970/970, gallery 688) (459 c)
[ep 06] loss=2.944 rank1= 59.4%  rank5= 81.1%  rank10= 87.8%  mAP@10= 62.5%  (queries 970/970, gallery 688) (451 c)
[ep 07] loss=2.064 rank1= 62.2%  rank5= 82.8%  rank10= 88.0%  mAP@10= 65.4%  (queries 970/970, gallery 688) (779 c)
[ep 08] loss=1.469 rank1= 63.0%  rank5= 84.1%  rank10= 88.6%  mAP@10= 66.0%  (queries 970/970, gallery 688) (466 c)
[ep 09] loss=1.151 rank1= 64.9%  rank5= 83.7%  rank10= 88.6%  mAP@10= 67.5%  (queries 970/970, gallery 688) (775 c)
[ep 10] loss=0.865 rank1= 66.4%  rank5= 84.7%  rank10= 89.6%  mAP@10= 68.7%  (queries 970/970, gallery 688) (726 c)
Traceback (most recent call last):
  File "<frozen runpy>", line 198, in _run_module_as_main
  File "<frozen runpy>", line 88, in _run_code
  File "E:\Хакатон\vreid\train.py", line 626, in <module>
    main()
    ~~~~^^
  File "E:\Хакатон\vreid\train.py", line 568, in main
    for x, y, cam in dl:
                     ^^
  File "C:\Users\Sheka\AppData\Roaming\Python\Python314\site-packages\torch\utils\data\dataloader.py", line 741, in __next__
    data = self._next_data()
  File "C:\Users\Sheka\AppData\Roaming\Python\Python314\site-packages\torch\utils\data\dataloader.py", line 1548, in _next_data
    return self._process_data(data, worker_id)
           ~~~~~~~~~~~~~~~~~~^^^^^^^^^^^^^^^^^
  File "C:\Users\Sheka\AppData\Roaming\Python\Python314\site-packages\torch\utils\data\dataloader.py", line 1586, in _process_data
    data.reraise()
    ~~~~~~~~~~~~^^
  File "C:\Users\Sheka\AppData\Roaming\Python\Python314\site-packages\torch\_utils.py", line 785, in reraise
    raise exception
MemoryError: Caught MemoryError in DataLoader worker process 2.
Original Traceback (most recent call last):
  File "C:\Users\Sheka\AppData\Roaming\Python\Python314\site-packages\torch\utils\data\_utils\worker.py", line 358, in _worker_loop
    data = fetcher.fetch(index)  # type: ignore[possibly-undefined]
  File "C:\Users\Sheka\AppData\Roaming\Python\Python314\site-packages\torch\utils\data\_utils\fetch.py", line 54, in fetch
    data = [self.dataset[idx] for idx in possibly_batched_index]
            ~~~~~~~~~~~~^^^^^
  File "E:\Хакатон\vreid\train.py", line 140, in __getitem__
    x = self.tf(im.convert("RGB"), r.bbox, mf)
  File "E:\Хакатон\vreid\train.py", line 99, in __call__
    crop = self.color(crop)
  File "C:\Users\Sheka\AppData\Roaming\Python\Python314\site-packages\torch\nn\modules\module.py", line 1779, in _wrapped_call_impl
    return self._call_impl(*args, **kwargs)
           ~~~~~~~~~~~~~~~^^^^^^^^^^^^^^^^^
  File "C:\Users\Sheka\AppData\Roaming\Python\Python314\site-packages\torch\nn\modules\module.py", line 1790, in _call_impl
    return forward_call(*args, **kwargs)
  File "C:\Users\Sheka\AppData\Roaming\Python\Python314\site-packages\torchvision\transforms\transforms.py", line 1288, in forward
    img = F.adjust_hue(img, hue_factor)
  File "C:\Users\Sheka\AppData\Roaming\Python\Python314\site-packages\torchvision\transforms\functional.py", line 968, in adjust_hue
    return F_pil.adjust_hue(img, hue_factor)
           ~~~~~~~~~~~~~~~~^^^^^^^^^^^^^^^^^
  File "C:\Users\Sheka\AppData\Roaming\Python\Python314\site-packages\torchvision\transforms\_functional_pil.py", line 114, in adjust_hue
    np_h = np.array(h, dtype=np.uint8)
  File "C:\Users\Sheka\AppData\Roaming\Python\Python314\site-packages\PIL\Image.py", line 735, in __array_interface__
    new["data"] = self.tobytes()
                  ~~~~~~~~~~~~^^
  File "C:\Users\Sheka\AppData\Roaming\Python\Python314\site-packages\PIL\Image.py", line 819, in tobytes
    return b"".join(output)
           ~~~~~~~~^^^^^^^^
MemoryError

