[hackathon] train.csv: 9556 bbox, 1541 vehicle_id, 9556 кадров
[hackathon] камеры из CSV: 96 шт. — псевдокамера не нужна
[hackathon] протокол «track», fit: 7655 bbox / 1233 id; val query: 1213 (без пары: 243), gallery: 688
[track] МЕТРИКА ЖЮРИ (убрано только vid+cam): rank1= 69.2%  rank5= 88.2%  rank10= 93.0%  mAP@10= 72.0%  (queries 970/970, gallery 688)
строгий cross-cam (диагностика, завышает): rank1= 71.5%  rank5= 89.3%  rank10= 93.3%  mAP@10= 73.9%  (queries 970/970, gallery 688)
bits: tau=0.211, max 9.4 бит при галерее 688
     4.2–  5.2 бит  n=  173  rank-1 =  60.7%
     5.2–  5.5 бит  n=  212  rank-1 =  71.7%
     5.5–  5.8 бит  n=  228  rank-1 =  73.2%
     5.8–  6.1 бит  n=  206  rank-1 =  72.8%
     6.1–  6.6 бит  n=  224  rank-1 =  77.2%
     6.6–  9.4 бит  n=  197  rank-1 =  75.6%
постобработка (метрика жюри):
   base                         mAP= 72.0%  rank1= 69.2%  rank5= 88.2%
   dba k=1                      mAP= 72.8%  rank1= 70.2%  rank5= 89.0%
   dba k=2                      mAP= 73.6%  rank1= 70.0%  rank5= 88.7%
   dba k=3                      mAP= 74.0%  rank1= 70.4%  rank5= 88.5%
   dba k=5                      mAP= 75.1%  rank1= 72.0%  rank5= 87.3%
   k-recip 6/2                  mAP= 74.9%  rank1= 71.6%  rank5= 88.7%
   k-recip 10/3                 mAP= 74.3%  rank1= 71.0%  rank5= 86.7%
   k-recip 15/4                 mAP= 73.2%  rank1= 69.7%  rank5= 87.1%
   k-recip 20/6                 mAP= 70.8%  rank1= 66.2%  rank5= 87.8%
   dba k=5 + k-recip 6/2        mAP= 76.4%  rank1= 73.0%  rank5= 87.6%  ← лучшее
   dba k=5 + k-recip 10/3       mAP= 75.6%  rank1= 72.2%  rank5= 86.5%
   dba k=5 + k-recip 15/4       mAP= 75.4%  rank1= 72.2%  rank5= 86.2%
   dba k=5 + k-recip 20/6       mAP= 75.3%  rank1= 72.1%  rank5= 87.7%
   (разница < ~0.7 п.п. при 970 запросах — шум; выбирай самое простое из лучших)
режим отказа: запросов 1213, без пары 243, mINP=70.7%
  top1       порог=0.601  балл= 97.2  F1= 96.2%  P= 99.8%  R= 92.9%  TNR= 99.6%  accept=  74%
  margin     порог=0.152  балл= 94.3  F1= 92.7%  P= 99.4%  R= 86.8%  TNR= 97.9%  accept=  70%
  bits       порог=4.726  балл= 61.9  F1= 86.0%  P= 79.1%  R= 94.3%  TNR=  5.8%  accept=  94%
  top1+bits  порог=0.709  балл= 97.2  F1= 96.2%  P= 99.8%  R= 92.9%  TNR= 99.6%  accept=  74%
  → лучшая уверенность: top1   (камера запроса не маскируется — как на тесте)
[val] → results\hack_ft_soup_b336_val_val.json
