[hackathon] train.csv: 9556 bbox, 1541 vehicle_id, 9556 кадров
[hackathon] камеры из CSV: 96 шт. — псевдокамера не нужна
[hackathon] протокол «track», fit: 7655 bbox / 1233 id; val query: 1213 (без пары: 243), gallery: 688
[val] маска «up», боксов в кеше 10728/11416
[track] МЕТРИКА ЖЮРИ (убрано только vid+cam): rank1= 69.5%  rank5= 86.7%  rank10= 92.6%  mAP@10= 71.7%  (queries 970/970, gallery 688)
строгий cross-cam (диагностика, завышает): rank1= 71.3%  rank5= 87.9%  rank10= 93.3%  mAP@10= 73.4%  (queries 970/970, gallery 688)
bits: tau=0.190, max 9.4 бит при галерее 688
     4.3–  5.0 бит  n=  164  rank-1 =  59.8%
     5.0–  5.3 бит  n=  213  rank-1 =  76.5%
     5.3–  5.6 бит  n=  220  rank-1 =  73.2%
     5.6–  6.0 бит  n=  234  rank-1 =  70.5%
     6.0–  6.4 бит  n=  228  rank-1 =  72.8%
     6.4–  9.4 бит  n=  164  rank-1 =  72.0%
режим отказа: запросов 1213, без пары 243, mINP=70.5%
  top1       порог=0.578  балл= 97.0  F1= 96.2%  P= 99.3%  R= 93.3%  TNR= 98.8%  accept=  75%
  margin     порог=0.167  балл= 93.6  F1= 92.1%  P= 99.2%  R= 86.0%  TNR= 97.1%  accept=  69%
  bits       порог=4.178  балл= 61.6  F1= 88.0%  P= 78.6%  R=100.0%  TNR=  0.0%  accept= 100%
  top1+bits  порог=0.685  балл= 97.0  F1= 96.2%  P= 99.3%  R= 93.3%  TNR= 98.8%  accept=  75%
  → лучшая уверенность: top1   (камера запроса не маскируется — как на тесте)
[val] → results\hack_ft_hack_dinov2_b_336_distill20_val_mask-up.json
