[hackathon] train.csv: 9556 bbox, 1541 vehicle_id, 9556 кадров
[hackathon] камеры из CSV: 96 шт. — псевдокамера не нужна
[hackathon] протокол «track», fit: 7655 bbox / 1233 id; val query: 1213 (без пары: 243), gallery: 688
[val] маска «rand», боксов в кеше 10728/11416
[track] МЕТРИКА ЖЮРИ (убрано только vid+cam): rank1= 69.5%  rank5= 86.7%  rank10= 92.4%  mAP@10= 71.9%  (queries 970/970, gallery 688)
строгий cross-cam (диагностика, завышает): rank1= 72.1%  rank5= 87.3%  rank10= 93.1%  mAP@10= 73.9%  (queries 970/970, gallery 688)
bits: tau=0.178, max 9.4 бит при галерее 688
     4.0–  4.8 бит  n=  167  rank-1 =  60.5%
     4.8–  5.1 бит  n=  209  rank-1 =  77.0%
     5.1–  5.3 бит  n=  205  rank-1 =  72.7%
     5.3–  5.6 бит  n=  229  rank-1 =  69.4%
     5.6–  6.0 бит  n=  182  rank-1 =  72.5%
     6.0–  9.4 бит  n=  194  rank-1 =  76.3%
режим отказа: запросов 1213, без пары 243, mINP=70.7%
  top1       порог=0.551  балл= 97.0  F1= 96.6%  P= 98.9%  R= 94.3%  TNR= 97.9%  accept=  76%
  margin     порог=0.187  балл= 93.4  F1= 91.1%  P= 99.6%  R= 83.9%  TNR= 98.8%  accept=  67%
  bits       порог=3.934  балл= 61.6  F1= 88.0%  P= 78.6%  R=100.0%  TNR=  0.0%  accept= 100%
  top1+bits  порог=0.665  балл= 96.8  F1= 96.3%  P= 99.1%  R= 93.7%  TNR= 97.9%  accept=  75%
  → лучшая уверенность: top1   (камера запроса не маскируется — как на тесте)
[val] → results\hack_ft_hack_dinov2_b_336_distill20_val_mask-rand.json
