[hackathon] train.csv: 9556 bbox, 1541 vehicle_id, 9556 кадров
[hackathon] камеры из CSV: 96 шт. — псевдокамера не нужна
[hackathon] протокол «track», fit: 7655 bbox / 1233 id; val query: 1213 (без пары: 243), gallery: 688
[track] МЕТРИКА ЖЮРИ (убрано только vid+cam): rank1= 74.9%  rank5= 91.2%  rank10= 95.7%  mAP@10= 78.0%  (queries 970/970, gallery 688)
строгий cross-cam (диагностика, завышает): rank1= 76.4%  rank5= 91.9%  rank10= 96.0%  mAP@10= 79.3%  (queries 970/970, gallery 688)
bits: tau=0.224, max 9.4 бит при галерее 688
     4.5–  5.8 бит  n=  210  rank-1 =  61.0%
     5.8–  6.1 бит  n=  192  rank-1 =  76.0%
     6.1–  6.4 бит  n=  239  rank-1 =  79.5%
     6.4–  6.8 бит  n=  257  rank-1 =  83.3%
     6.8–  7.4 бит  n=  239  rank-1 =  81.6%
     7.4–  9.4 бит  n=  197  rank-1 =  82.2%
постобработка (метрика жюри):
   base                         mAP= 78.0%  rank1= 74.9%  rank5= 91.2%
   dba k=1                      mAP= 79.0%  rank1= 76.3%  rank5= 91.4%
   dba k=2                      mAP= 80.4%  rank1= 77.9%  rank5= 92.0%
   dba k=3                      mAP= 80.3%  rank1= 77.6%  rank5= 91.3%
   dba k=5                      mAP= 81.6%  rank1= 79.4%  rank5= 91.9%
   k-recip 6/2                  mAP= 81.2%  rank1= 78.0%  rank5= 91.3%
   k-recip 10/3                 mAP= 79.5%  rank1= 74.7%  rank5= 91.1%
   k-recip 15/4                 mAP= 80.0%  rank1= 76.3%  rank5= 90.9%
   k-recip 20/6                 mAP= 79.8%  rank1= 77.3%  rank5= 90.4%
   dba k=5 + k-recip 6/2        mAP= 82.5%  rank1= 79.8%  rank5= 91.4%  ← лучшее
   dba k=5 + k-recip 10/3       mAP= 81.7%  rank1= 78.9%  rank5= 90.5%
   dba k=5 + k-recip 15/4       mAP= 82.3%  rank1= 79.8%  rank5= 90.7%
   dba k=5 + k-recip 20/6       mAP= 81.6%  rank1= 79.3%  rank5= 90.3%
   (разница < ~0.7 п.п. при 970 запросах — шум; выбирай самое простое из лучших)
режим отказа: запросов 1213, без пары 243, mINP=77.5%
  top1       порог=0.638  балл= 97.0  F1= 95.9%  P= 99.8%  R= 92.3%  TNR= 99.6%  accept=  74%
  margin     порог=0.174  балл= 93.4  F1= 92.0%  P= 99.0%  R= 85.9%  TNR= 96.7%  accept=  69%
  bits       порог=4.382  балл= 61.8  F1= 88.4%  P= 79.1%  R=100.0%  TNR=  0.0%  accept= 100%
  top1+bits  порог=0.741  балл= 97.3  F1= 96.4%  P= 99.7%  R= 93.4%  TNR= 99.2%  accept=  75%
  → лучшая уверенность: top1+bits   (камера запроса не маскируется — как на тесте)
[val] → results\hack_ft_hack_dinov2_l_336_cam_val.json
