[hackathon] train.csv: 9556 bbox, 1541 vehicle_id, 9556 кадров
[hackathon] камеры из CSV: 96 шт. — псевдокамера не нужна
[hackathon] протокол «track», fit: 7655 bbox / 1233 id; val query: 1213 (без пары: 243), gallery: 688
[val] маска «det», боксов в кеше 10728/11416
[track] МЕТРИКА ЖЮРИ (убрано только vid+cam): rank1= 68.4%  rank5= 87.1%  rank10= 92.8%  mAP@10= 71.3%  (queries 970/970, gallery 688)
строгий cross-cam (диагностика, завышает): rank1= 71.0%  rank5= 88.0%  rank10= 93.3%  mAP@10= 73.3%  (queries 970/970, gallery 688)
bits: tau=0.182, max 9.4 бит при галерее 688
     4.1–  5.0 бит  n=  186  rank-1 =  60.2%
     5.0–  5.3 бит  n=  224  rank-1 =  76.3%
     5.3–  5.5 бит  n=  218  rank-1 =  71.6%
     5.5–  5.7 бит  n=  170  rank-1 =  67.1%
     5.7–  6.1 бит  n=  211  rank-1 =  78.2%
     6.1–  9.4 бит  n=  195  rank-1 =  73.3%
режим отказа: запросов 1213, без пары 243, mINP=70.2%
  top1       порог=0.557  балл= 96.9  F1= 96.6%  P= 99.1%  R= 94.2%  TNR= 97.5%  accept=  76%
  margin     порог=0.163  балл= 94.1  F1= 92.6%  P= 99.3%  R= 86.7%  TNR= 97.5%  accept=  70%
  bits       порог=4.000  балл= 61.7  F1= 88.1%  P= 78.7%  R=100.0%  TNR=  0.0%  accept= 100%
  top1+bits  порог=0.696  балл= 97.0  F1= 95.9%  P= 99.8%  R= 92.3%  TNR= 99.6%  accept=  74%
  → лучшая уверенность: top1+bits   (камера запроса не маскируется — как на тесте)
[val] → results\hack_ft_hack_dinov2_b_336_distill20_val_mask-det.json
