[predict] рецепт: порог=0.5500 по «top1», TTA flip=False, быстрый декод=True, DBA k=0, k-reciprocal=True (3/2, lambda=0.2)
[predict] запросов 1110, галерея 750
[models] ft:release: vit_base_patch14_dinov2.lvd142m, D=1536, input=336, device=cuda

extract[query]:   0%|          | 0/35 [00:00<?, ?batch/s]
extract[query]:   3%|▎         | 1/35 [00:25<14:37, 25.81s/batch]
extract[query]:   6%|▌         | 2/35 [00:26<05:54, 10.74s/batch]
extract[query]:   9%|▊         | 3/35 [00:26<03:09,  5.92s/batch]
extract[query]:  11%|█▏        | 4/35 [00:26<01:53,  3.66s/batch]
extract[query]:  14%|█▍        | 5/35 [00:26<01:12,  2.40s/batch]
extract[query]:  17%|█▋        | 6/35 [00:26<00:47,  1.65s/batch]
extract[query]:  20%|██        | 7/35 [00:26<00:32,  1.17s/batch]
extract[query]:  23%|██▎       | 8/35 [00:30<00:55,  2.05s/batch]
extract[query]:  26%|██▌       | 9/35 [00:31<00:38,  1.47s/batch]
extract[query]:  29%|██▊       | 10/35 [00:31<00:26,  1.07s/batch]
extract[query]:  31%|███▏      | 11/35 [00:31<00:19,  1.25batch/s]
extract[query]:  34%|███▍      | 12/35 [00:31<00:14,  1.63batch/s]
extract[query]:  37%|███▋      | 13/35 [00:31<00:10,  2.06batch/s]
extract[query]:  40%|████      | 14/35 [00:31<00:08,  2.55batch/s]
extract[query]:  43%|████▎     | 15/35 [00:32<00:06,  3.03batch/s]
extract[query]:  46%|████▌     | 16/35 [00:33<00:11,  1.65batch/s]
extract[query]:  49%|████▊     | 17/35 [00:33<00:08,  2.08batch/s]
extract[query]:  51%|█████▏    | 18/35 [00:33<00:06,  2.56batch/s]
extract[query]:  54%|█████▍    | 19/35 [00:33<00:05,  3.05batch/s]
extract[query]:  57%|█████▋    | 20/35 [00:34<00:04,  3.52batch/s]
extract[query]:  60%|██████    | 21/35 [00:34<00:03,  3.93batch/s]
extract[query]:  63%|██████▎   | 22/35 [00:34<00:03,  4.25batch/s]
extract[query]:  66%|██████▌   | 23/35 [00:34<00:02,  4.54batch/s]
extract[query]:  69%|██████▊   | 24/35 [00:36<00:07,  1.42batch/s]
extract[query]:  71%|███████▏  | 25/35 [00:36<00:05,  1.82batch/s]
extract[query]:  74%|███████▍  | 26/35 [00:36<00:03,  2.26batch/s]
extract[query]:  77%|███████▋  | 27/35 [00:37<00:02,  2.74batch/s]
extract[query]:  80%|████████  | 28/35 [00:37<00:02,  3.22batch/s]
extract[query]:  83%|████████▎ | 29/35 [00:37<00:01,  3.67batch/s]
extract[query]:  86%|████████▌ | 30/35 [00:37<00:01,  4.08batch/s]
extract[query]:  89%|████████▊ | 31/35 [00:37<00:00,  4.42batch/s]
extract[query]:  91%|█████████▏| 32/35 [00:37<00:00,  4.70batch/s]
extract[query]:  94%|█████████▍| 33/35 [00:38<00:00,  4.96batch/s]
extract[query]:  97%|█████████▋| 34/35 [00:38<00:00,  5.14batch/s]
extract[query]: 100%|██████████| 35/35 [00:38<00:00,  5.70batch/s]
extract[query]: 100%|██████████| 35/35 [00:40<00:00,  1.16s/batch]
[extract] query: 36.5 мс/кроп всего = 6.3 сеть + 30.2 чтение кадров с диска

extract[gallery]:   0%|          | 0/24 [00:00<?, ?batch/s]
extract[gallery]:   4%|▍         | 1/24 [00:30<11:38, 30.38s/batch]
extract[gallery]:   8%|▊         | 2/24 [00:30<04:37, 12.62s/batch]
extract[gallery]:  12%|█▎        | 3/24 [00:30<02:25,  6.94s/batch]
extract[gallery]:  17%|█▋        | 4/24 [00:30<01:25,  4.28s/batch]
extract[gallery]:  21%|██        | 5/24 [00:31<00:53,  2.80s/batch]
extract[gallery]:  25%|██▌       | 6/24 [00:31<00:34,  1.91s/batch]
extract[gallery]:  29%|██▉       | 7/24 [00:31<00:22,  1.35s/batch]
extract[gallery]:  33%|███▎      | 8/24 [00:34<00:28,  1.78s/batch]
extract[gallery]:  38%|███▊      | 9/24 [00:34<00:19,  1.28s/batch]
extract[gallery]:  42%|████▏     | 10/24 [00:34<00:13,  1.06batch/s]
extract[gallery]:  46%|████▌     | 11/24 [00:34<00:09,  1.41batch/s]
extract[gallery]:  50%|█████     | 12/24 [00:34<00:06,  1.81batch/s]
extract[gallery]:  54%|█████▍    | 13/24 [00:35<00:04,  2.27batch/s]
extract[gallery]:  58%|█████▊    | 14/24 [00:35<00:03,  2.75batch/s]
extract[gallery]:  62%|██████▎   | 15/24 [00:35<00:02,  3.23batch/s]
extract[gallery]:  67%|██████▋   | 16/24 [00:36<00:04,  1.79batch/s]
extract[gallery]:  71%|███████   | 17/24 [00:36<00:03,  2.25batch/s]
extract[gallery]:  75%|███████▌  | 18/24 [00:36<00:02,  2.73batch/s]
extract[gallery]:  79%|███████▉  | 19/24 [00:37<00:01,  3.23batch/s]
extract[gallery]:  83%|████████▎ | 20/24 [00:37<00:01,  3.70batch/s]
extract[gallery]:  88%|████████▊ | 21/24 [00:37<00:00,  4.12batch/s]
extract[gallery]:  92%|█████████▏| 22/24 [00:37<00:00,  4.48batch/s]
extract[gallery]:  96%|█████████▌| 23/24 [00:37<00:00,  4.75batch/s]
extract[gallery]: 100%|██████████| 24/24 [00:39<00:00,  1.66s/batch]
[extract] gallery: 53.2 мс/кроп всего = 5.7 сеть + 47.4 чтение кадров с диска
[predict] эмбеддинги: 1860 кропов за 80.4 с = 23.1 кроп/с
[submit] embeddings.npy (1860, 1536) → submission\embeddings.npy
[submit] submission.csv (1110 запросов, top-10) → submission\submission.csv
[submit] candidates.csv: отказов 69/1110 → submission\candidates.csv
[predict] готово за 90.1 с → submission
[W921 17:18:24.000000000 CudaIPCTypes.cpp:16] Producer process has been terminated before all shared CUDA tensors released. See Note [Sharing CUDA tensors]
