[predict] рецепт: порог=0.5605 по «top1», TTA flip=False, быстрый декод=True, DBA k=0, k-reciprocal=True (10/3)
[predict] запросов 1110, галерея 750
[models] ft:release_d20: vit_base_patch14_dinov2.lvd142m, D=1536, input=336, device=cuda

extract[query]:   0%|          | 0/35 [00:00<?, ?batch/s]
extract[query]:   3%|▎         | 1/35 [00:31<17:39, 31.16s/batch]
extract[query]:   6%|▌         | 2/35 [00:31<07:09, 13.01s/batch]
extract[query]:   9%|▊         | 3/35 [00:31<03:50,  7.21s/batch]
extract[query]:  11%|█▏        | 4/35 [00:32<02:19,  4.49s/batch]
extract[query]:  14%|█▍        | 5/35 [00:32<01:29,  2.98s/batch]
extract[query]:  17%|█▋        | 6/35 [00:32<00:59,  2.04s/batch]
extract[query]:  20%|██        | 7/35 [00:32<00:41,  1.47s/batch]
extract[query]:  23%|██▎       | 8/35 [00:33<00:32,  1.20s/batch]
extract[query]:  26%|██▌       | 9/35 [00:36<00:45,  1.75s/batch]
extract[query]:  29%|██▊       | 10/35 [00:36<00:31,  1.28s/batch]
extract[query]:  31%|███▏      | 11/35 [00:36<00:23,  1.03batch/s]
extract[query]:  34%|███▍      | 12/35 [00:37<00:17,  1.30batch/s]
extract[query]:  37%|███▋      | 13/35 [00:37<00:13,  1.58batch/s]
extract[query]:  40%|████      | 14/35 [00:37<00:11,  1.88batch/s]
extract[query]:  43%|████▎     | 15/35 [00:38<00:09,  2.14batch/s]
extract[query]:  46%|████▌     | 16/35 [00:42<00:29,  1.54s/batch]
extract[query]:  49%|████▊     | 17/35 [00:42<00:23,  1.30s/batch]
extract[query]:  51%|█████▏    | 18/35 [00:43<00:16,  1.05batch/s]
extract[query]:  54%|█████▍    | 19/35 [00:43<00:11,  1.38batch/s]
extract[query]:  57%|█████▋    | 20/35 [00:43<00:09,  1.66batch/s]
extract[query]:  60%|██████    | 21/35 [00:43<00:07,  1.92batch/s]
extract[query]:  63%|██████▎   | 22/35 [00:44<00:05,  2.30batch/s]
extract[query]:  66%|██████▌   | 23/35 [00:44<00:04,  2.61batch/s]
extract[query]:  69%|██████▊   | 24/35 [00:48<00:17,  1.62s/batch]
extract[query]:  71%|███████▏  | 25/35 [00:49<00:12,  1.22s/batch]
extract[query]:  74%|███████▍  | 26/35 [00:49<00:08,  1.06batch/s]
extract[query]:  77%|███████▋  | 27/35 [00:49<00:06,  1.33batch/s]
extract[query]:  80%|████████  | 28/35 [00:50<00:04,  1.61batch/s]
extract[query]:  83%|████████▎ | 29/35 [00:50<00:03,  1.87batch/s]
extract[query]:  86%|████████▌ | 30/35 [00:50<00:02,  2.09batch/s]
extract[query]:  89%|████████▊ | 31/35 [00:51<00:01,  2.45batch/s]
extract[query]:  91%|█████████▏| 32/35 [00:52<00:01,  1.54batch/s]
extract[query]:  94%|█████████▍| 33/35 [00:52<00:01,  1.88batch/s]
extract[query]:  97%|█████████▋| 34/35 [00:52<00:00,  2.14batch/s]
extract[query]: 100%|██████████| 35/35 [00:53<00:00,  2.45batch/s]
extract[query]: 100%|██████████| 35/35 [00:55<00:00,  1.59s/batch]
[extract] query: 50.3 мс/кроп всего = 9.9 сеть + 40.4 чтение кадров с диска

extract[gallery]:   0%|          | 0/24 [00:00<?, ?batch/s]
extract[gallery]:   4%|▍         | 1/24 [00:22<08:34, 22.39s/batch]
extract[gallery]:   8%|▊         | 2/24 [00:22<03:27,  9.42s/batch]
extract[gallery]:  12%|█▎        | 3/24 [00:23<01:50,  5.25s/batch]
extract[gallery]:  17%|█▋        | 4/24 [00:23<01:06,  3.30s/batch]
extract[gallery]:  21%|██        | 5/24 [00:23<00:42,  2.22s/batch]
extract[gallery]:  25%|██▌       | 6/24 [00:24<00:28,  1.59s/batch]
extract[gallery]:  29%|██▉       | 7/24 [00:24<00:20,  1.20s/batch]
extract[gallery]:  33%|███▎      | 8/24 [00:26<00:23,  1.49s/batch]
extract[gallery]:  38%|███▊      | 9/24 [00:26<00:16,  1.13s/batch]
extract[gallery]:  42%|████▏     | 10/24 [00:27<00:12,  1.17batch/s]
extract[gallery]:  46%|████▌     | 11/24 [00:27<00:08,  1.46batch/s]
extract[gallery]:  50%|█████     | 12/24 [00:27<00:06,  1.74batch/s]
extract[gallery]:  54%|█████▍    | 13/24 [00:28<00:05,  2.06batch/s]
extract[gallery]:  58%|█████▊    | 14/24 [00:28<00:04,  2.31batch/s]
extract[gallery]:  62%|██████▎   | 15/24 [00:28<00:03,  2.51batch/s]
extract[gallery]:  67%|██████▋   | 16/24 [00:28<00:02,  2.74batch/s]
extract[gallery]:  71%|███████   | 17/24 [00:29<00:02,  2.88batch/s]
extract[gallery]:  75%|███████▌  | 18/24 [00:29<00:02,  2.97batch/s]
extract[gallery]:  79%|███████▉  | 19/24 [00:29<00:01,  3.08batch/s]
extract[gallery]:  83%|████████▎ | 20/24 [00:30<00:01,  3.12batch/s]
extract[gallery]:  88%|████████▊ | 21/24 [00:30<00:00,  3.41batch/s]
extract[gallery]:  92%|█████████▏| 22/24 [00:30<00:00,  3.47batch/s]
extract[gallery]:  96%|█████████▌| 23/24 [00:31<00:00,  3.24batch/s]
extract[gallery]: 100%|██████████| 24/24 [00:31<00:00,  3.76batch/s]
extract[gallery]: 100%|██████████| 24/24 [00:34<00:00,  1.45s/batch]
[extract] gallery: 46.6 мс/кроп всего = 9.7 сеть + 36.9 чтение кадров с диска
[predict] эмбеддинги: 1860 кропов за 90.7 с = 20.5 кроп/с
[predict] порог по доле отказов 24.1%: 0.7829 (абсолютный порог с валидации был 0.5605)
[submit] embeddings.npy (1860, 1536) → submission_d20\embeddings.npy
[submit] submission.csv (1110 запросов, top-10) → submission_d20\submission.csv
[submit] candidates.csv: отказов 268/1110 → submission_d20\candidates.csv
[predict] готово за 97.1 с → submission_d20
[W918 13:03:12.000000000 CudaIPCTypes.cpp:16] Producer process has been terminated before all shared CUDA tensors released. See Note [Sharing CUDA tensors]
