[predict] рецепт: порог=0.5605 по «top1», TTA flip=False, быстрый декод=True, DBA k=0, k-reciprocal=True (10/3)
[predict] запросов 1110, галерея 750
[models] ft:release_all: vit_base_patch14_dinov2.lvd142m, D=1536, input=336, device=cuda

extract[query]:   0%|          | 0/35 [00:00<?, ?batch/s]
extract[query]:   3%|▎         | 1/35 [00:11<06:30, 11.49s/batch]
extract[query]:   6%|▌         | 2/35 [00:11<02:38,  4.81s/batch]
extract[query]:   9%|▊         | 3/35 [00:11<01:25,  2.67s/batch]
extract[query]:  11%|█▏        | 4/35 [00:13<01:11,  2.31s/batch]
extract[query]:  14%|█▍        | 5/35 [00:15<01:02,  2.10s/batch]
extract[query]:  17%|█▋        | 6/35 [00:15<00:41,  1.43s/batch]
extract[query]:  20%|██        | 7/35 [00:15<00:28,  1.01s/batch]
extract[query]:  23%|██▎       | 8/35 [00:17<00:37,  1.38s/batch]
extract[query]:  26%|██▌       | 9/35 [00:19<00:37,  1.44s/batch]
extract[query]:  29%|██▊       | 10/35 [00:19<00:27,  1.10s/batch]
extract[query]:  31%|███▏      | 11/35 [00:19<00:19,  1.25batch/s]
extract[query]:  34%|███▍      | 12/35 [00:22<00:30,  1.33s/batch]
extract[query]:  37%|███▋      | 13/35 [00:22<00:22,  1.03s/batch]
extract[query]:  40%|████      | 14/35 [00:23<00:19,  1.07batch/s]
extract[query]:  43%|████▎     | 15/35 [00:23<00:15,  1.27batch/s]
extract[query]:  46%|████▌     | 16/35 [00:26<00:26,  1.40s/batch]
extract[query]:  49%|████▊     | 17/35 [00:27<00:21,  1.17s/batch]
extract[query]:  51%|█████▏    | 18/35 [00:27<00:14,  1.17batch/s]
extract[query]:  54%|█████▍    | 19/35 [00:27<00:10,  1.57batch/s]
extract[query]:  57%|█████▋    | 20/35 [00:29<00:17,  1.16s/batch]
extract[query]:  60%|██████    | 21/35 [00:30<00:15,  1.14s/batch]
extract[query]:  63%|██████▎   | 22/35 [00:31<00:11,  1.11batch/s]
extract[query]:  66%|██████▌   | 23/35 [00:31<00:08,  1.49batch/s]
extract[query]:  69%|██████▊   | 24/35 [00:33<00:11,  1.07s/batch]
extract[query]:  71%|███████▏  | 25/35 [00:35<00:12,  1.27s/batch]
extract[query]:  74%|███████▍  | 26/35 [00:35<00:09,  1.10s/batch]
extract[query]:  77%|███████▋  | 27/35 [00:36<00:06,  1.22batch/s]
extract[query]:  80%|████████  | 28/35 [00:38<00:08,  1.23s/batch]
extract[query]:  83%|████████▎ | 29/35 [00:39<00:07,  1.23s/batch]
extract[query]:  86%|████████▌ | 30/35 [00:40<00:06,  1.21s/batch]
extract[query]:  89%|████████▊ | 31/35 [00:40<00:03,  1.12batch/s]
extract[query]:  91%|█████████▏| 32/35 [00:41<00:02,  1.02batch/s]
extract[query]:  94%|█████████▍| 33/35 [00:43<00:02,  1.02s/batch]
extract[query]:  97%|█████████▋| 34/35 [00:43<00:00,  1.28batch/s]
extract[query]: 100%|██████████| 35/35 [00:44<00:00,  1.27s/batch]
[extract] query: 40.2 мс/кроп всего = 4.7 сеть + 35.5 чтение кадров с диска

extract[gallery]:   0%|          | 0/24 [00:00<?, ?batch/s]
extract[gallery]:   4%|▍         | 1/24 [00:12<04:39, 12.16s/batch]
extract[gallery]:   8%|▊         | 2/24 [00:12<01:51,  5.08s/batch]
extract[gallery]:  12%|█▎        | 3/24 [00:12<00:59,  2.82s/batch]
extract[gallery]:  17%|█▋        | 4/24 [00:14<00:52,  2.62s/batch]
extract[gallery]:  21%|██        | 5/24 [00:15<00:38,  2.02s/batch]
extract[gallery]:  25%|██▌       | 6/24 [00:16<00:29,  1.62s/batch]
extract[gallery]:  29%|██▉       | 7/24 [00:16<00:19,  1.14s/batch]
extract[gallery]:  33%|███▎      | 8/24 [00:18<00:24,  1.51s/batch]
extract[gallery]:  38%|███▊      | 9/24 [00:19<00:18,  1.21s/batch]
extract[gallery]:  42%|████▏     | 10/24 [00:20<00:16,  1.17s/batch]
extract[gallery]:  46%|████▌     | 11/24 [00:20<00:11,  1.17batch/s]
extract[gallery]:  50%|█████     | 12/24 [00:23<00:15,  1.30s/batch]
extract[gallery]:  54%|█████▍    | 13/24 [00:23<00:11,  1.07s/batch]
extract[gallery]:  58%|█████▊    | 14/24 [00:24<00:11,  1.11s/batch]
extract[gallery]:  62%|██████▎   | 15/24 [00:24<00:07,  1.23batch/s]
extract[gallery]:  67%|██████▋   | 16/24 [00:27<00:09,  1.20s/batch]
extract[gallery]:  71%|███████   | 17/24 [00:27<00:06,  1.13batch/s]
extract[gallery]:  75%|███████▌  | 18/24 [00:28<00:06,  1.13s/batch]
extract[gallery]:  79%|███████▉  | 19/24 [00:29<00:04,  1.20batch/s]
extract[gallery]:  83%|████████▎ | 20/24 [00:31<00:05,  1.26s/batch]
extract[gallery]:  88%|████████▊ | 21/24 [00:31<00:02,  1.08batch/s]
extract[gallery]:  92%|█████████▏| 22/24 [00:32<00:01,  1.01batch/s]
extract[gallery]:  96%|█████████▌| 23/24 [00:32<00:00,  1.36batch/s]
extract[gallery]: 100%|██████████| 24/24 [00:33<00:00,  1.42s/batch]
[extract] gallery: 45.3 мс/кроп всего = 4.5 сеть + 40.8 чтение кадров с диска
[predict] эмбеддинги: 1860 кропов за 78.6 с = 23.7 кроп/с
[predict] порог по доле отказов 24.1%: 0.7821 (абсолютный порог с валидации был 0.5605)
[submit] embeddings.npy (1860, 1536) → submission_all\embeddings.npy
[submit] submission.csv (1110 запросов, top-10) → submission_all\submission.csv
[submit] candidates.csv: отказов 268/1110 → submission_all\candidates.csv
[predict] готово за 83.7 с → submission_all
[W918 06:13:13.000000000 CudaIPCTypes.cpp:16] Producer process has been terminated before all shared CUDA tensors released. See Note [Sharing CUDA tensors]
