[predict] рецепт: порог=0.5605 по «top1», TTA flip=False, быстрый декод=True, DBA k=0, k-reciprocal=True (10/3)
[predict] запросов 1110, галерея 750
[models] ft:release_all: vit_base_patch14_dinov2.lvd142m, D=1536, input=336, device=cuda

extract[query]:   0%|          | 0/35 [00:00<?, ?batch/s]
extract[query]:   3%|▎         | 1/35 [00:29<16:29, 29.11s/batch]
extract[query]:   6%|▌         | 2/35 [00:29<06:40, 12.14s/batch]
extract[query]:   9%|▊         | 3/35 [00:29<03:34,  6.71s/batch]
extract[query]:  11%|█▏        | 4/35 [00:29<02:09,  4.17s/batch]
extract[query]:  14%|█▍        | 5/35 [00:30<01:21,  2.73s/batch]
extract[query]:  17%|█▋        | 6/35 [00:30<00:53,  1.86s/batch]
extract[query]:  20%|██        | 7/35 [00:30<00:36,  1.30s/batch]
extract[query]:  23%|██▎       | 8/35 [00:30<00:25,  1.07batch/s]
extract[query]:  26%|██▌       | 9/35 [00:33<00:44,  1.71s/batch]
extract[query]:  29%|██▊       | 10/35 [00:34<00:31,  1.27s/batch]
extract[query]:  31%|███▏      | 11/35 [00:34<00:22,  1.04batch/s]
extract[query]:  34%|███▍      | 12/35 [00:34<00:17,  1.34batch/s]
extract[query]:  37%|███▋      | 13/35 [00:35<00:13,  1.66batch/s]
extract[query]:  40%|████      | 14/35 [00:35<00:10,  1.98batch/s]
extract[query]:  43%|████▎     | 15/35 [00:35<00:08,  2.24batch/s]
extract[query]:  46%|████▌     | 16/35 [00:36<00:10,  1.88batch/s]
extract[query]:  49%|████▊     | 17/35 [00:41<00:33,  1.88s/batch]
extract[query]:  51%|█████▏    | 18/35 [00:41<00:23,  1.41s/batch]
extract[query]:  54%|█████▍    | 19/35 [00:42<00:17,  1.09s/batch]
extract[query]:  57%|█████▋    | 20/35 [00:42<00:12,  1.21batch/s]
extract[query]:  60%|██████    | 21/35 [00:42<00:09,  1.47batch/s]
extract[query]:  63%|██████▎   | 22/35 [00:42<00:07,  1.71batch/s]
extract[query]:  66%|██████▌   | 23/35 [00:43<00:05,  2.12batch/s]
extract[query]:  69%|██████▊   | 24/35 [00:43<00:04,  2.38batch/s]
extract[query]:  71%|███████▏  | 25/35 [00:48<00:16,  1.68s/batch]
extract[query]:  74%|███████▍  | 26/35 [00:48<00:11,  1.23s/batch]
extract[query]:  77%|███████▋  | 27/35 [00:48<00:07,  1.04batch/s]
extract[query]:  80%|████████  | 28/35 [00:48<00:05,  1.36batch/s]
extract[query]:  83%|████████▎ | 29/35 [00:49<00:03,  1.65batch/s]
extract[query]:  86%|████████▌ | 30/35 [00:49<00:02,  1.90batch/s]
extract[query]:  89%|████████▊ | 31/35 [00:49<00:01,  2.35batch/s]
extract[query]:  91%|█████████▏| 32/35 [00:49<00:01,  2.59batch/s]
extract[query]:  94%|█████████▍| 33/35 [00:50<00:00,  3.01batch/s]
extract[query]:  97%|█████████▋| 34/35 [00:50<00:00,  3.10batch/s]
extract[query]: 100%|██████████| 35/35 [00:50<00:00,  3.31batch/s]
extract[query]: 100%|██████████| 35/35 [00:53<00:00,  1.54s/batch]
[extract] query: 48.4 мс/кроп всего = 9.8 сеть + 38.6 чтение кадров с диска

extract[gallery]:   0%|          | 0/24 [00:00<?, ?batch/s]
extract[gallery]:   4%|▍         | 1/24 [00:34<13:06, 34.18s/batch]
extract[gallery]:   8%|▊         | 2/24 [00:34<05:14, 14.28s/batch]
extract[gallery]:  12%|█▎        | 3/24 [00:34<02:46,  7.93s/batch]
extract[gallery]:  17%|█▋        | 4/24 [00:35<01:38,  4.92s/batch]
extract[gallery]:  21%|██        | 5/24 [00:35<01:01,  3.26s/batch]
extract[gallery]:  25%|██▌       | 6/24 [00:35<00:40,  2.26s/batch]
extract[gallery]:  29%|██▉       | 7/24 [00:36<00:27,  1.63s/batch]
extract[gallery]:  33%|███▎      | 8/24 [00:36<00:19,  1.23s/batch]
extract[gallery]:  38%|███▊      | 9/24 [00:39<00:27,  1.83s/batch]
extract[gallery]:  42%|████▏     | 10/24 [00:39<00:18,  1.33s/batch]
extract[gallery]:  46%|████▌     | 11/24 [00:40<00:12,  1.02batch/s]
extract[gallery]:  50%|█████     | 12/24 [00:40<00:08,  1.35batch/s]
extract[gallery]:  54%|█████▍    | 13/24 [00:40<00:06,  1.73batch/s]
extract[gallery]:  58%|█████▊    | 14/24 [00:42<00:09,  1.10batch/s]
extract[gallery]:  62%|██████▎   | 15/24 [00:42<00:06,  1.38batch/s]
extract[gallery]:  67%|██████▋   | 16/24 [00:43<00:05,  1.40batch/s]
extract[gallery]:  71%|███████   | 17/24 [00:45<00:08,  1.27s/batch]
extract[gallery]:  75%|███████▌  | 18/24 [00:46<00:05,  1.03batch/s]
extract[gallery]:  79%|███████▉  | 19/24 [00:46<00:03,  1.32batch/s]
extract[gallery]:  83%|████████▎ | 20/24 [00:46<00:02,  1.62batch/s]
extract[gallery]:  88%|████████▊ | 21/24 [00:46<00:01,  1.99batch/s]
extract[gallery]:  92%|█████████▏| 22/24 [00:47<00:00,  2.31batch/s]
extract[gallery]:  96%|█████████▌| 23/24 [00:47<00:00,  2.58batch/s]
extract[gallery]: 100%|██████████| 24/24 [00:47<00:00,  3.15batch/s]
extract[gallery]: 100%|██████████| 24/24 [00:49<00:00,  2.08s/batch]
[extract] gallery: 66.6 мс/кроп всего = 8.6 сеть + 58.0 чтение кадров с диска
[predict] эмбеддинги: 1860 кропов за 103.7 с = 17.9 кроп/с
[predict] порог по доле отказов 24.1%: 0.7821 (абсолютный порог с валидации был 0.5605)
[submit] embeddings.npy (1860, 1536) → submission_all\embeddings.npy
[submit] submission.csv (1110 запросов, top-10) → submission_all\submission.csv
[submit] candidates.csv: отказов 268/1110 → submission_all\candidates.csv
[predict] готово за 111.2 с → submission_all
[W918 13:01:27.000000000 CudaIPCTypes.cpp:16] Producer process has been terminated before all shared CUDA tensors released. See Note [Sharing CUDA tensors]
