[predict] рецепт: порог=0.5500 по «top1», TTA flip=False, быстрый декод=True, DBA k=0, k-reciprocal=True (3/2, lambda=0.2)
[predict] запросов 1110, галерея 750
[models] ft:release: vit_base_patch14_dinov2.lvd142m, D=1536, input=336, device=cuda

extract[query]:   0%|          | 0/35 [00:00<?, ?batch/s]
extract[query]:   3%|▎         | 1/35 [00:29<16:56, 29.90s/batch]
extract[query]:   6%|▌         | 2/35 [00:30<06:54, 12.58s/batch]
extract[query]:   9%|▊         | 3/35 [00:30<03:40,  6.90s/batch]
extract[query]:  11%|█▏        | 4/35 [00:30<02:11,  4.23s/batch]
extract[query]:  14%|█▍        | 5/35 [00:30<01:24,  2.80s/batch]
extract[query]:  17%|█▋        | 6/35 [00:31<00:55,  1.90s/batch]
extract[query]:  20%|██        | 7/35 [00:31<00:36,  1.32s/batch]
extract[query]:  23%|██▎       | 8/35 [00:34<00:49,  1.85s/batch]
extract[query]:  26%|██▌       | 9/35 [00:36<00:48,  1.87s/batch]
extract[query]:  29%|██▊       | 10/35 [00:36<00:33,  1.33s/batch]
extract[query]:  31%|███▏      | 11/35 [00:36<00:23,  1.03batch/s]
extract[query]:  34%|███▍      | 12/35 [00:36<00:16,  1.40batch/s]
extract[query]:  37%|███▋      | 13/35 [00:36<00:11,  1.85batch/s]
extract[query]:  40%|████      | 14/35 [00:36<00:08,  2.39batch/s]
extract[query]:  43%|████▎     | 15/35 [00:36<00:06,  2.99batch/s]
extract[query]:  46%|████▌     | 16/35 [00:40<00:23,  1.26s/batch]
extract[query]:  49%|████▊     | 17/35 [00:41<00:24,  1.37s/batch]
extract[query]:  51%|█████▏    | 18/35 [00:42<00:16,  1.00batch/s]
extract[query]:  54%|█████▍    | 19/35 [00:42<00:12,  1.30batch/s]
extract[query]:  57%|█████▋    | 20/35 [00:42<00:08,  1.73batch/s]
extract[query]:  60%|██████    | 21/35 [00:42<00:06,  2.24batch/s]
extract[query]:  63%|██████▎   | 22/35 [00:42<00:04,  2.83batch/s]
extract[query]:  66%|██████▌   | 23/35 [00:42<00:03,  3.45batch/s]
extract[query]:  69%|██████▊   | 24/35 [00:45<00:10,  1.06batch/s]
extract[query]:  71%|███████▏  | 25/35 [00:47<00:14,  1.42s/batch]
extract[query]:  74%|███████▍  | 26/35 [00:47<00:09,  1.04s/batch]
extract[query]:  77%|███████▋  | 27/35 [00:48<00:06,  1.30batch/s]
extract[query]:  80%|████████  | 28/35 [00:48<00:04,  1.73batch/s]
extract[query]:  83%|████████▎ | 29/35 [00:48<00:02,  2.25batch/s]
extract[query]:  86%|████████▌ | 30/35 [00:48<00:01,  2.83batch/s]
extract[query]:  89%|████████▊ | 31/35 [00:48<00:01,  3.48batch/s]
extract[query]:  91%|█████████▏| 32/35 [00:49<00:01,  2.36batch/s]
extract[query]:  94%|█████████▍| 33/35 [00:49<00:00,  2.69batch/s]
extract[query]:  97%|█████████▋| 34/35 [00:49<00:00,  3.30batch/s]
extract[query]: 100%|██████████| 35/35 [00:51<00:00,  1.48s/batch]
[extract] query: 46.6 мс/кроп всего = 5.3 сеть + 41.3 чтение кадров с диска

extract[gallery]:   0%|          | 0/24 [00:00<?, ?batch/s]
extract[gallery]:   4%|▍         | 1/24 [00:25<09:43, 25.36s/batch]
extract[gallery]:   8%|▊         | 2/24 [00:25<03:56, 10.73s/batch]
extract[gallery]:  12%|█▎        | 3/24 [00:25<02:03,  5.89s/batch]
extract[gallery]:  17%|█▋        | 4/24 [00:26<01:12,  3.62s/batch]
extract[gallery]:  21%|██        | 5/24 [00:26<00:44,  2.36s/batch]
extract[gallery]:  25%|██▌       | 6/24 [00:27<00:33,  1.87s/batch]
extract[gallery]:  29%|██▉       | 7/24 [00:27<00:22,  1.30s/batch]
extract[gallery]:  33%|███▎      | 8/24 [00:30<00:30,  1.90s/batch]
extract[gallery]:  38%|███▊      | 9/24 [00:30<00:20,  1.36s/batch]
extract[gallery]:  42%|████▏     | 10/24 [00:30<00:14,  1.04s/batch]
extract[gallery]:  46%|████▌     | 11/24 [00:31<00:09,  1.31batch/s]
extract[gallery]:  50%|█████     | 12/24 [00:31<00:08,  1.45batch/s]
extract[gallery]:  54%|█████▍    | 13/24 [00:31<00:05,  1.91batch/s]
extract[gallery]:  58%|█████▊    | 14/24 [00:33<00:08,  1.13batch/s]
extract[gallery]:  62%|██████▎   | 15/24 [00:33<00:05,  1.52batch/s]
extract[gallery]:  67%|██████▋   | 16/24 [00:35<00:09,  1.14s/batch]
extract[gallery]:  71%|███████   | 17/24 [00:36<00:06,  1.09batch/s]
extract[gallery]:  75%|███████▌  | 18/24 [00:36<00:04,  1.46batch/s]
extract[gallery]:  79%|███████▉  | 19/24 [00:36<00:02,  1.93batch/s]
extract[gallery]:  83%|████████▎ | 20/24 [00:37<00:02,  1.96batch/s]
extract[gallery]:  88%|████████▊ | 21/24 [00:37<00:01,  2.50batch/s]
extract[gallery]:  92%|█████████▏| 22/24 [00:37<00:00,  3.13batch/s]
extract[gallery]:  96%|█████████▌| 23/24 [00:37<00:00,  3.78batch/s]
extract[gallery]: 100%|██████████| 24/24 [00:39<00:00,  1.63s/batch]
[extract] gallery: 52.2 мс/кроп всего = 4.3 сеть + 47.9 чтение кадров с диска
[predict] эмбеддинги: 1860 кропов за 90.9 с = 20.5 кроп/с
[submit] embeddings.npy (1860, 1536) → submission\embeddings.npy
[submit] submission.csv (1110 запросов, top-10) → submission\submission.csv
[submit] candidates.csv: отказов 69/1110 → submission\candidates.csv
[predict] готово за 99.8 с → submission
[W920 23:32:25.000000000 CudaIPCTypes.cpp:16] Producer process has been terminated before all shared CUDA tensors released. See Note [Sharing CUDA tensors]
