#0 building with "desktop-linux" instance using docker driver

#1 [internal] load build definition from Dockerfile
#1 transferring dockerfile: 706B done
#1 DONE 0.0s

#2 [internal] load metadata for docker.io/library/nginx:1.27.4-alpine
#2 DONE 0.8s

#3 [internal] load .dockerignore
#3 transferring context: 641B done
#3 DONE 0.0s

#4 [1/4] FROM docker.io/library/nginx:1.27.4-alpine@sha256:4ff102c5d78d254a6f0da062b3cf39eaf07f01eec0927fd21e219d0af8bc0591
#4 resolve docker.io/library/nginx:1.27.4-alpine@sha256:4ff102c5d78d254a6f0da062b3cf39eaf07f01eec0927fd21e219d0af8bc0591 0.0s done
#4 DONE 0.2s

#5 [internal] load build context
#5 transferring context: 1.91kB 0.1s done
#5 DONE 0.1s

#6 [2/4] COPY service/static/ /usr/share/nginx/html/static/
#6 DONE 0.6s

#7 [3/4] COPY service/static/index.html /usr/share/nginx/html/index.html
#7 DONE 0.1s

#8 [4/4] COPY web/nginx.conf /etc/nginx/conf.d/default.conf
#8 DONE 0.1s

#9 exporting to image
#9 exporting layers
#9 exporting layers 0.2s done
#9 exporting manifest sha256:286c7f777c74441d09439581a91cc8e2fe00e23fa4c8c77a5711902759966266 0.0s done
#9 exporting config sha256:537c832b33d2d7035b90d701ee3b65f4c27739c95163f8a1c35fdb84bda54975 0.0s done
#9 exporting attestation manifest sha256:8629160f7cc65761ca67db03bd7abaf2d5aac7633fec8068bebccb7c8c440d68 0.0s done
#9 exporting manifest list sha256:b4ece4bc437ab1c1999e55aebea1437651e9d2dc9f94f97e5e0c05a73fbb7e43 0.0s done
#9 naming to docker.io/library/vreid-web:1.1
#9 naming to docker.io/library/vreid-web:1.1 done
#9 unpacking to docker.io/library/vreid-web:1.1 0.1s done
#9 DONE 0.4s

View build details: docker-desktop://dashboard/build/desktop-linux/desktop-linux/txml07twlp7nocqs9nsi8868q
