запросов 1213; с парой 970, из них с одно-камерным дубликатом 970 (100.0%)
медиана уверенности у запросов с парой: A 0.917, B 0.533

   порог  A: как сейчас  B: без дублей   худший    E p=0.7   E p=0.85   E p=0.95
--------------------------------------------------------------------------------
  0.4000          82.80          68.45    68.45      78.49      80.65      82.08
  0.4200          85.22          70.01    70.01      80.66      82.94      84.46
  0.4400          87.42          70.53    70.53      82.35      84.88      86.57
  0.4600          89.70          71.77    71.77      84.32      87.01      88.80
  0.4800          91.20          71.49    71.49      85.29      88.25      90.22
  0.5000          93.27          71.25    71.25      86.66      89.96      92.16
  0.5200          94.15          69.78    69.78      86.84      90.49      92.93
  0.5400          95.59          67.99    67.99      87.31      91.45      94.21
  0.5600          96.48          64.90    64.90      87.01      91.74      94.90
  0.5800          97.08          61.65    61.65      86.45      91.77      95.31
  0.6000          96.85          57.77    57.77      85.13      90.99      94.90
  0.6200          96.78          52.90    52.90      83.62      90.20      94.59
  0.6400          96.67          49.54    49.54      82.53      89.60      94.31
  0.6600          96.59          45.16    45.16      81.16      88.88      94.02
  0.6800          96.12          43.19    43.19      80.24      88.18      93.47
  0.7000          95.63          41.63    41.63      79.43      87.53      92.93
--------------------------------------------------------------------------------
минимакс: порог 0.4700, худший балл 71.94
максимум ожидания при вере p=0.70: порог 0.5400, ожидание 87.31
максимум ожидания при вере p=0.85: порог 0.5800, ожидание 91.77
максимум ожидания при вере p=0.95: порог 0.5800, ожидание 95.31

[stress] → results/refusal_stress_r392.json
