#0 building with "desktop-linux" instance using docker driver

#1 [internal] load build definition from Dockerfile.service
#1 transferring dockerfile: 3.75kB 0.0s done
#1 DONE 0.0s

#2 [internal] load metadata for docker.io/pytorch/pytorch:2.11.0-cuda12.8-cudnn9-runtime
#2 DONE 0.0s

#3 [internal] load .dockerignore
#3 transferring context: 641B done
#3 DONE 0.0s

#4 [internal] load build context
#4 DONE 0.0s

#5 [ 1/11] FROM docker.io/pytorch/pytorch:2.11.0-cuda12.8-cudnn9-runtime@sha256:eee11b3b3872a8c838e35ef48f08b2d5def2080902c7f666831310ca1a0ef2be
#5 resolve docker.io/pytorch/pytorch:2.11.0-cuda12.8-cudnn9-runtime@sha256:eee11b3b3872a8c838e35ef48f08b2d5def2080902c7f666831310ca1a0ef2be 0.0s done
#5 DONE 0.0s

#6 [ 2/11] WORKDIR /app
#6 CACHED

#4 [internal] load build context
#4 transferring context: 15.49MB 0.7s done
#4 DONE 0.7s

#7 [ 3/11] COPY requirements-infer.txt requirements-infer-dev.txt requirements-service.txt ./
#7 DONE 0.4s

#8 [ 4/11] RUN python -m pip install --no-cache-dir --no-deps --break-system-packages -r requirements-infer-dev.txt  && python -m pip install --no-cache-dir --no-deps --break-system-packages -r requirements-service.txt  && python -m pip check  && python -m pip freeze --all > /app/installed-packages.txt
#8 0.872 Collecting hf-xet==1.6.0 (from -r requirements-infer-dev.txt (line 16))
#8 1.158   Downloading hf_xet-1.6.0-cp38-abi3-manylinux2014_x86_64.manylinux_2_17_x86_64.whl.metadata (4.9 kB)
#8 1.289 Collecting huggingface-hub==0.34.4 (from -r requirements-infer-dev.txt (line 17))
#8 1.358   Downloading huggingface_hub-0.34.4-py3-none-any.whl.metadata (14 kB)
#8 1.635 Collecting safetensors==0.8.0 (from -r requirements-infer-dev.txt (line 18))
#8 1.704   Downloading safetensors-0.8.0-cp310-abi3-manylinux_2_17_x86_64.manylinux2014_x86_64.whl.metadata (4.2 kB)
#8 1.794 Collecting timm==1.0.20 (from -r requirements-infer-dev.txt (line 19))
#8 1.864   Downloading timm-1.0.20-py3-none-any.whl.metadata (61 kB)
#8 2.038 Collecting tqdm==4.66.5 (from -r requirements-infer-dev.txt (line 20))
#8 2.107   Downloading tqdm-4.66.5-py3-none-any.whl.metadata (57 kB)
#8 2.201 Downloading hf_xet-1.6.0-cp38-abi3-manylinux2014_x86_64.manylinux_2_17_x86_64.whl (4.5 MB)
#8 3.662    ━━━━━━━━━━━━━━━━━━━━━━━━━━━━━━━━━━━━━━━━ 4.5/4.5 MB 3.1 MB/s  0:00:01
#8 3.730 Downloading huggingface_hub-0.34.4-py3-none-any.whl (561 kB)
#8 3.762    ━━━━━━━━━━━━━━━━━━━━━━━━━━━━━━━━━━━━━━━━ 561.5/561.5 kB 18.5 MB/s  0:00:00
#8 3.835 Downloading safetensors-0.8.0-cp310-abi3-manylinux_2_17_x86_64.manylinux2014_x86_64.whl (516 kB)
#8 3.926 Downloading timm-1.0.20-py3-none-any.whl (2.5 MB)
#8 4.021    ━━━━━━━━━━━━━━━━━━━━━━━━━━━━━━━━━━━━━━━━ 2.5/2.5 MB 30.2 MB/s  0:00:00
#8 4.089 Downloading tqdm-4.66.5-py3-none-any.whl (78 kB)
#8 4.105 Installing collected packages: tqdm, timm, safetensors, huggingface-hub, hf-xet
#8 5.154 
#8 5.159 Successfully installed hf-xet-1.6.0 huggingface-hub-0.34.4 safetensors-0.8.0 timm-1.0.20 tqdm-4.66.5
#8 5.160 WARNING: Running pip as the 'root' user can result in broken permissions and conflicting behaviour with the system package manager, possibly rendering your system unusable. It is recommended to use a virtual environment instead: https://pip.pypa.io/warnings/venv. Use the --root-user-action option if you know what you are doing and want to suppress this warning.
#8 5.709 Collecting annotated-types==0.8.0 (from -r requirements-service.txt (line 5))
#8 5.978   Downloading annotated_types-0.8.0-py3-none-any.whl.metadata (15 kB)
#8 6.084 Collecting anyio==4.4.0 (from -r requirements-service.txt (line 6))
#8 6.159   Downloading anyio-4.4.0-py3-none-any.whl.metadata (4.6 kB)
#8 6.343 Collecting fastapi==0.115.12 (from -r requirements-service.txt (line 7))
#8 6.417   Downloading fastapi-0.115.12-py3-none-any.whl.metadata (27 kB)
#8 6.518 Collecting h11==0.16.0 (from -r requirements-service.txt (line 8))
#8 6.593   Downloading h11-0.16.0-py3-none-any.whl.metadata (8.3 kB)
#8 6.673 Collecting python-multipart==0.0.20 (from -r requirements-service.txt (line 9))
#8 6.748   Downloading python_multipart-0.0.20-py3-none-any.whl.metadata (1.8 kB)
#8 6.989 Collecting pydantic==2.13.5 (from -r requirements-service.txt (line 10))
#8 7.064   Downloading pydantic-2.13.5-py3-none-any.whl.metadata (110 kB)
#8 7.963 Collecting pydantic-core==2.46.5 (from -r requirements-service.txt (line 11))
#8 8.038   Downloading pydantic_core-2.46.5-cp312-cp312-manylinux_2_17_x86_64.manylinux2014_x86_64.whl.metadata (6.6 kB)
#8 8.109 Collecting sniffio==1.3.1 (from -r requirements-service.txt (line 12))
#8 8.185   Downloading sniffio-1.3.1-py3-none-any.whl.metadata (3.9 kB)
#8 8.267 Collecting starlette==0.46.2 (from -r requirements-service.txt (line 13))
#8 8.342   Downloading starlette-0.46.2-py3-none-any.whl.metadata (6.2 kB)
#8 8.414 Collecting typing-inspection==0.4.4 (from -r requirements-service.txt (line 14))
#8 8.489   Downloading typing_inspection-0.4.4-py3-none-any.whl.metadata (2.6 kB)
#8 8.571 Collecting uvicorn==0.34.2 (from -r requirements-service.txt (line 15))
#8 8.647   Downloading uvicorn-0.34.2-py3-none-any.whl.metadata (6.5 kB)
#8 8.724 Collecting psycopg==3.2.12 (from -r requirements-service.txt (line 17))
#8 8.799   Downloading psycopg-3.2.12-py3-none-any.whl.metadata (4.5 kB)
#8 8.998 Collecting psycopg-binary==3.2.12 (from -r requirements-service.txt (line 18))
#8 9.075   Downloading psycopg_binary-3.2.12-cp312-cp312-manylinux2014_x86_64.manylinux_2_17_x86_64.whl.metadata (2.9 kB)
#8 9.170 Collecting faiss-cpu==1.9.0.post1 (from -r requirements-service.txt (line 20))
#8 9.249   Downloading faiss_cpu-1.9.0.post1-cp312-cp312-manylinux_2_17_x86_64.manylinux2014_x86_64.whl.metadata (4.4 kB)
#8 9.327 Downloading annotated_types-0.8.0-py3-none-any.whl (13 kB)
#8 9.403 Downloading anyio-4.4.0-py3-none-any.whl (86 kB)
#8 9.495 Downloading fastapi-0.115.12-py3-none-any.whl (95 kB)
#8 9.588 Downloading h11-0.16.0-py3-none-any.whl (37 kB)
#8 9.668 Downloading python_multipart-0.0.20-py3-none-any.whl (24 kB)
#8 9.745 Downloading pydantic-2.13.5-py3-none-any.whl (472 kB)
#8 9.929 Downloading pydantic_core-2.46.5-cp312-cp312-manylinux_2_17_x86_64.manylinux2014_x86_64.whl (2.1 MB)
#8 10.11    ━━━━━━━━━━━━━━━━━━━━━━━━━━━━━━━━━━━━━━━━ 2.1/2.1 MB 11.3 MB/s  0:00:00
#8 10.18 Downloading sniffio-1.3.1-py3-none-any.whl (10 kB)
#8 10.26 Downloading starlette-0.46.2-py3-none-any.whl (72 kB)
#8 10.34 Downloading typing_inspection-0.4.4-py3-none-any.whl (14 kB)
#8 10.42 Downloading uvicorn-0.34.2-py3-none-any.whl (62 kB)
#8 10.50 Downloading psycopg-3.2.12-py3-none-any.whl (206 kB)
#8 10.59 Downloading psycopg_binary-3.2.12-cp312-cp312-manylinux2014_x86_64.manylinux_2_17_x86_64.whl (4.4 MB)
#8 11.34    ━━━━━━━━━━━━━━━━━━━━━━━━━━━━━━━━━━━━━━━━ 4.4/4.4 MB 5.6 MB/s  0:00:00
#8 11.42 Downloading faiss_cpu-1.9.0.post1-cp312-cp312-manylinux_2_17_x86_64.manylinux2014_x86_64.whl (27.5 MB)
#8 13.13    ━━━━━━━━━━━━━━━━━━━━━━━━━━━━━━━━━━━━━━━━ 27.5/27.5 MB 16.1 MB/s  0:00:01
#8 13.16 Installing collected packages: uvicorn, typing-inspection, starlette, sniffio, python-multipart, pydantic-core, pydantic, psycopg-binary, psycopg, h11, fastapi, faiss-cpu, anyio, annotated-types
#8 14.61 
#8 14.62 Successfully installed annotated-types-0.8.0 anyio-4.4.0 faiss-cpu-1.9.0.post1 fastapi-0.115.12 h11-0.16.0 psycopg-3.2.12 psycopg-binary-3.2.12 pydantic-2.13.5 pydantic-core-2.46.5 python-multipart-0.0.20 sniffio-1.3.1 starlette-0.46.2 typing-inspection-0.4.4 uvicorn-0.34.2
#8 14.62 WARNING: Running pip as the 'root' user can result in broken permissions and conflicting behaviour with the system package manager, possibly rendering your system unusable. It is recommended to use a virtual environment instead: https://pip.pypa.io/warnings/venv. Use the --root-user-action option if you know what you are doing and want to suppress this warning.
#8 15.11 No broken requirements found.
#8 DONE 15.5s

#9 [ 5/11] COPY vreid/ /app/vreid/
#9 DONE 0.1s

#10 [ 6/11] COPY scripts/ /app/scripts/
#10 DONE 0.1s

#11 [ 7/11] COPY service/ /app/service/
#11 DONE 0.1s

#12 [ 8/11] COPY release/ /app/release/
#12 DONE 1.1s

#13 [ 9/11] COPY demo/ /app/demo/
#13 DONE 0.1s

#14 [10/11] COPY results/ann_scalability.json /app/results/ann_scalability.json
#14 DONE 0.1s

#15 [11/11] RUN python -c "import fastapi, uvicorn, faiss, psycopg, torch, timm; from vreid.predict import load_recipe; print('[build] fastapi', fastapi.__version__, '| faiss', faiss.__version__, '| torch', torch.__version__); print('[build] recipe ok:', load_recipe('/app/release')['threshold'])"
#15 3.061 [build] fastapi 0.115.12 | faiss 1.9.0 | torch 2.11.0+cu128
#15 3.061 [build] recipe ok: 0.55
#15 DONE 3.8s

#16 exporting to image
#16 exporting layers
#16 exporting layers 34.6s done
#16 exporting manifest sha256:22f7993cb2656e42d03197b1f1f152ae98801c0081710388ba742efa0af7f34f 0.0s done
#16 exporting config sha256:3a8d27aba2861b8348ebb2194f5f5c639a3e95f382e8e14eb0c2b6dec021e9d5 0.0s done
#16 exporting attestation manifest sha256:417c55bab89cd307e770198ea696a2425a904ea3503a67c069a743c7e473f49b 0.0s done
#16 exporting manifest list sha256:2cd56dcab6e55081dbd18fc193627d29e13dd3e370de7d60134c626c6695e5c9 0.0s done
#16 naming to docker.io/library/vreid-api:1.1
#16 naming to docker.io/library/vreid-api:1.1 done
#16 unpacking to docker.io/library/vreid-api:1.1
#16 unpacking to docker.io/library/vreid-api:1.1 23.6s done
#16 DONE 58.4s

View build details: docker-desktop://dashboard/build/desktop-linux/desktop-linux/pg03yf4vxxeab75d93ckdwd4o
