#0 building with "desktop-linux" instance using docker driver

#1 [internal] load build definition from Dockerfile
#1 transferring dockerfile: 4.90kB 0.0s done
#1 DONE 0.1s

#2 [internal] load metadata for docker.io/pytorch/pytorch@sha256:fc47f8018254e6df30f48c48f2db1c758d44de21a8c553de1a1c451a65baa70a
#2 DONE 3.5s

#3 [internal] load .dockerignore
#3 transferring context: 641B done
#3 DONE 0.0s

#4 [1/8] FROM docker.io/pytorch/pytorch@sha256:fc47f8018254e6df30f48c48f2db1c758d44de21a8c553de1a1c451a65baa70a
#4 resolve docker.io/pytorch/pytorch@sha256:fc47f8018254e6df30f48c48f2db1c758d44de21a8c553de1a1c451a65baa70a 0.0s done
#4 DONE 0.2s

#5 [2/8] WORKDIR /app
#5 DONE 0.1s

#6 [internal] load build context
#6 transferring context: 183.28MB 4.9s
#6 transferring context: 376.68MB 10.1s
#6 transferring context: 565.83MB 15.1s
#6 transferring context: 753.05MB 20.1s
#6 transferring context: 780.36MB 20.9s done
#6 DONE 20.9s

#7 [3/8] COPY requirements-infer.txt requirements-infer-dev.txt ./
#7 DONE 0.3s

#8 [4/8] RUN python -m pip install --no-cache-dir --no-deps  -r requirements-infer.txt  && python -m pip check  && python -m pip freeze --all > /app/installed-packages.txt
#8 0.857 Requirement already satisfied: MarkupSafe==2.1.3 in /opt/conda/lib/python3.10/site-packages (from -r requirements-infer.txt (line 14)) (2.1.3)
#8 0.858 Requirement already satisfied: PyYAML==6.0.1 in /opt/conda/lib/python3.10/site-packages (from -r requirements-infer.txt (line 15)) (6.0.1)
#8 1.151 Collecting anyio==4.4.0 (from -r requirements-infer.txt (line 16))
#8 1.540   Downloading anyio-4.4.0-py3-none-any.whl.metadata (4.6 kB)
#8 1.541 Requirement already satisfied: certifi==2024.2.2 in /opt/conda/lib/python3.10/site-packages (from -r requirements-infer.txt (line 17)) (2024.2.2)
#8 1.967 Collecting click==8.5.0 (from -r requirements-infer.txt (line 18))
#8 2.362   Downloading click-8.5.0-py3-none-any.whl.metadata (2.6 kB)
#8 2.363 Requirement already satisfied: exceptiongroup==1.2.0 in /opt/conda/lib/python3.10/site-packages (from -r requirements-infer.txt (line 19)) (1.2.0)
#8 2.364 Requirement already satisfied: filelock==3.13.1 in /opt/conda/lib/python3.10/site-packages (from -r requirements-infer.txt (line 20)) (3.13.1)
#8 2.364 Requirement already satisfied: fsspec==2024.6.0 in /opt/conda/lib/python3.10/site-packages (from -r requirements-infer.txt (line 21)) (2024.6.0)
#8 3.144 Collecting h11==0.16.0 (from -r requirements-infer.txt (line 22))
#8 3.214   Downloading h11-0.16.0-py3-none-any.whl.metadata (8.3 kB)
#8 3.567 Collecting hf-xet==1.6.0 (from -r requirements-infer.txt (line 23))
#8 3.643   Downloading hf_xet-1.6.0-cp38-abi3-manylinux2014_x86_64.manylinux_2_17_x86_64.whl.metadata (4.9 kB)
#8 3.789 Collecting httpcore==1.0.9 (from -r requirements-infer.txt (line 24))
#8 4.184   Downloading httpcore-1.0.9-py3-none-any.whl.metadata (21 kB)
#8 5.058 Collecting httpx==0.28.1 (from -r requirements-infer.txt (line 25))
#8 5.134   Downloading httpx-0.28.1-py3-none-any.whl.metadata (7.1 kB)
#8 6.367 Collecting huggingface-hub==1.32.0 (from -r requirements-infer.txt (line 26))
#8 7.658   Downloading huggingface_hub-1.32.0-py3-none-any.whl.metadata (16 kB)
#8 7.674 Requirement already satisfied: idna==3.7 in /opt/conda/lib/python3.10/site-packages (from -r requirements-infer.txt (line 27)) (3.7)
#8 7.674 Requirement already satisfied: jinja2==3.1.4 in /opt/conda/lib/python3.10/site-packages (from -r requirements-infer.txt (line 28)) (3.1.4)
#8 7.675 Requirement already satisfied: mpmath==1.3.0 in /opt/conda/lib/python3.10/site-packages (from -r requirements-infer.txt (line 29)) (1.3.0)
#8 7.675 Requirement already satisfied: networkx==3.2.1 in /opt/conda/lib/python3.10/site-packages (from -r requirements-infer.txt (line 30)) (3.2.1)
#8 7.676 Requirement already satisfied: numpy==1.26.4 in /opt/conda/lib/python3.10/site-packages (from -r requirements-infer.txt (line 31)) (1.26.4)
#8 7.676 Requirement already satisfied: packaging==23.2 in /opt/conda/lib/python3.10/site-packages (from -r requirements-infer.txt (line 32)) (23.2)
#8 10.85 Collecting pillow==10.4.0 (from -r requirements-infer.txt (line 33))
#8 10.92   Downloading pillow-10.4.0-cp310-cp310-manylinux_2_28_x86_64.whl.metadata (9.2 kB)
#8 12.14 Collecting safetensors==0.8.0 (from -r requirements-infer.txt (line 34))
#8 12.20   Downloading safetensors-0.8.0-cp310-abi3-manylinux_2_17_x86_64.manylinux2014_x86_64.whl.metadata (4.2 kB)
#8 12.30 Collecting sniffio==1.3.1 (from -r requirements-infer.txt (line 35))
#8 12.45   Downloading sniffio-1.3.1-py3-none-any.whl.metadata (3.9 kB)
#8 12.45 Requirement already satisfied: sympy==1.12.1 in /opt/conda/lib/python3.10/site-packages (from -r requirements-infer.txt (line 36)) (1.12.1)
#8 12.62 Collecting timm==1.0.20 (from -r requirements-infer.txt (line 37))
#8 12.79   Downloading timm-1.0.20-py3-none-any.whl.metadata (61 kB)
#8 12.87      ━━━━━━━━━━━━━━━━━━━━━━━━━━━━━━━━━━━━━━━ 61.7/61.7 kB 854.9 kB/s eta 0:00:00
#8 12.87 Requirement already satisfied: tomli==2.0.1 in /opt/conda/lib/python3.10/site-packages (from -r requirements-infer.txt (line 38)) (2.0.1)
#8 13.24 Collecting tqdm==4.66.5 (from -r requirements-infer.txt (line 39))
#8 13.32   Downloading tqdm-4.66.5-py3-none-any.whl.metadata (57 kB)
#8 13.33      ━━━━━━━━━━━━━━━━━━━━━━━━━━━━━━━━━━━━━━━━ 57.6/57.6 kB 3.8 MB/s eta 0:00:00
#8 13.73 Downloading anyio-4.4.0-py3-none-any.whl (86 kB)
#8 13.79    ━━━━━━━━━━━━━━━━━━━━━━━━━━━━━━━━━━━━━━━━ 86.8/86.8 kB 1.8 MB/s eta 0:00:00
#8 13.85 Downloading click-8.5.0-py3-none-any.whl (125 kB)
#8 13.92    ━━━━━━━━━━━━━━━━━━━━━━━━━━━━━━━━━━━━━━━━ 125.3/125.3 kB 1.9 MB/s eta 0:00:00
#8 13.99 Downloading h11-0.16.0-py3-none-any.whl (37 kB)
#8 14.08 Downloading hf_xet-1.6.0-cp38-abi3-manylinux2014_x86_64.manylinux_2_17_x86_64.whl (4.5 MB)
#8 16.87    ━━━━━━━━━━━━━━━━━━━━━━━━━━━━━━━━━━━━━━━━ 4.5/4.5 MB 1.6 MB/s eta 0:00:00
#8 16.94 Downloading httpcore-1.0.9-py3-none-any.whl (78 kB)
#8 16.99    ━━━━━━━━━━━━━━━━━━━━━━━━━━━━━━━━━━━━━━━━ 78.8/78.8 kB 1.9 MB/s eta 0:00:00
#8 17.37 Downloading httpx-0.28.1-py3-none-any.whl (73 kB)
#8 17.50    ━━━━━━━━━━━━━━━━━━━━━━━━━━━━━━━━━━━━━━━━ 73.5/73.5 kB 632.8 kB/s eta 0:00:00
#8 17.88 Downloading huggingface_hub-1.32.0-py3-none-any.whl (842 kB)
#8 21.80    ━━━━━━━━━━━━━━━━━━━━━━━━━━━━━━━━━━━━━━━ 842.9/842.9 kB 230.5 kB/s eta 0:00:00
#8 21.87 Downloading pillow-10.4.0-cp310-cp310-manylinux_2_28_x86_64.whl (4.5 MB)
#8 26.44    ━━━━━━━━━━━━━━━━━━━━━━━━━━━━━━━━━━━━━━━━ 4.5/4.5 MB 992.7 kB/s eta 0:00:00
#8 26.51 Downloading safetensors-0.8.0-cp310-abi3-manylinux_2_17_x86_64.manylinux2014_x86_64.whl (516 kB)
#8 26.72    ━━━━━━━━━━━━━━━━━━━━━━━━━━━━━━━━━━━━━━━━ 516.0/516.0 kB 2.5 MB/s eta 0:00:00
#8 26.79 Downloading sniffio-1.3.1-py3-none-any.whl (10 kB)
#8 26.97 Downloading timm-1.0.20-py3-none-any.whl (2.5 MB)
#8 27.80    ━━━━━━━━━━━━━━━━━━━━━━━━━━━━━━━━━━━━━━━━ 2.5/2.5 MB 3.0 MB/s eta 0:00:00
#8 27.87 Downloading tqdm-4.66.5-py3-none-any.whl (78 kB)
#8 27.89    ━━━━━━━━━━━━━━━━━━━━━━━━━━━━━━━━━━━━━━━━ 78.4/78.4 kB 4.9 MB/s eta 0:00:00
#8 27.91 Installing collected packages: tqdm, timm, sniffio, safetensors, pillow, huggingface-hub, httpx, httpcore, hf-xet, h11, click, anyio
#8 27.91   Attempting uninstall: tqdm
#8 27.91     Found existing installation: tqdm 4.66.4
#8 27.92     Uninstalling tqdm-4.66.4:
#8 27.97       Successfully uninstalled tqdm-4.66.4
#8 28.58   Attempting uninstall: pillow
#8 28.58     Found existing installation: pillow 10.3.0
#8 28.59     Uninstalling pillow-10.3.0:
#8 28.68       Successfully uninstalled pillow-10.3.0
#8 29.36   Attempting uninstall: click
#8 29.36     Found existing installation: click 8.1.7
#8 29.37     Uninstalling click-8.1.7:
#8 29.39       Successfully uninstalled click-8.1.7
#8 29.51 Successfully installed anyio-4.4.0 click-8.5.0 h11-0.16.0 hf-xet-1.6.0 httpcore-1.0.9 httpx-0.28.1 huggingface-hub-1.32.0 pillow-10.4.0 safetensors-0.8.0 sniffio-1.3.1 timm-1.0.20 tqdm-4.66.5
#8 29.51 WARNING: Running pip as the 'root' user can result in broken permissions and conflicting behaviour with the system package manager. It is recommended to use a virtual environment instead: https://pip.pypa.io/warnings/venv
#8 30.71 No broken requirements found.
#8 DONE 31.2s

#9 [5/8] COPY vreid/ /app/vreid/
#9 DONE 0.1s

#10 [6/8] COPY scripts/ /app/scripts/
#10 DONE 0.1s

#11 [7/8] COPY release/ /app/release/
#11 DONE 1.1s

#12 [8/8] RUN python -c "import torch, torchvision, timm; from vreid.artifacts import weight_inventory; from vreid.predict import load_recipe; print('[build] torch', torch.__version__, '| torchvision', torchvision.__version__, '| timm', timm.__version__); print('[build] weights:', weight_inventory('/app/release')); print('[build] recipe ok:', load_recipe('/app/release')['threshold'])"
#12 3.564 [build] torch 2.3.1 | torchvision 0.18.1 | timm 1.0.20
#12 4.003 [build] weights: {'files': [{'path': 'model.pt', 'bytes': 172315879, 'sha256': 'a2d7084bd882e7aa1afc42155a485b90b65c5478388c737c4c3df6b182e3c49c'}, {'path': 'reranker.pt', 'bytes': 607231914, 'sha256': '6ac3f746aebb20c04526c81708224ebc90b715015d9e99e2e94af74580b66299'}], 'total_bytes': 779547793, 'limit_bytes': 2000000000}
#12 4.003 [build] recipe ok: 0.55
#12 DONE 4.9s

#13 exporting to image
#13 exporting layers
#13 exporting layers 35.2s done
#13 exporting manifest sha256:e74b8c47f2d4e0fb529cd133822701a9d9be1be920ca8c891957848135312b37 0.0s done
#13 exporting config sha256:f6b50526dcab06f324495516681f2377c30c63dde3348e4e73705be67f064739 0.0s done
#13 exporting attestation manifest sha256:baef5f9ed82b033af7fef8c34ff044a3569e585fe1f842df8b41de75179558fa 0.0s done
#13 exporting manifest list sha256:dc50d0da0892beade1859828009095d735eb1ae08a15410bcbe90bb6f7a4d9bd 0.0s done
#13 naming to docker.io/library/vreid-release:latest
#13 naming to docker.io/library/vreid-release:latest done
#13 unpacking to docker.io/library/vreid-release:latest
#13 unpacking to docker.io/library/vreid-release:latest 20.2s done
#13 DONE 55.5s

View build details: docker-desktop://dashboard/build/desktop-linux/desktop-linux/mevlhtdzwtyopmnjvq7kr3dn3
