#0 building with "desktop-linux" instance using docker driver

#1 [internal] load build definition from Dockerfile
#1 transferring dockerfile: 4.90kB 0.0s done
#1 DONE 0.0s

#2 [internal] load metadata for docker.io/pytorch/pytorch@sha256:fc47f8018254e6df30f48c48f2db1c758d44de21a8c553de1a1c451a65baa70a
#2 DONE 2.8s

#3 [internal] load .dockerignore
#3 transferring context: 641B done
#3 DONE 0.0s

#4 [1/8] FROM docker.io/pytorch/pytorch@sha256:fc47f8018254e6df30f48c48f2db1c758d44de21a8c553de1a1c451a65baa70a
#4 resolve docker.io/pytorch/pytorch@sha256:fc47f8018254e6df30f48c48f2db1c758d44de21a8c553de1a1c451a65baa70a 0.0s done
#4 DONE 0.0s

#5 [internal] load build context
#5 transferring context: 172.98MB 4.8s done
#5 DONE 4.8s

#6 [2/8] WORKDIR /app
#6 CACHED

#7 [3/8] COPY requirements-infer.txt requirements-infer-dev.txt ./
#7 CACHED

#8 [4/8] RUN python -m pip install --no-cache-dir --no-deps  -r requirements-infer.txt  && python -m pip check  && python -m pip freeze --all > /app/installed-packages.txt
#8 CACHED

#9 [5/8] COPY vreid/ /app/vreid/
#9 DONE 0.1s

#10 [6/8] COPY scripts/ /app/scripts/
#10 DONE 0.1s

#11 [7/8] COPY release/ /app/release/
#11 DONE 0.3s

#12 [8/8] RUN python -c "import torch, torchvision, timm; from vreid.artifacts import weight_inventory; from vreid.predict import load_recipe; print('[build] torch', torch.__version__, '| torchvision', torchvision.__version__, '| timm', timm.__version__); print('[build] weights:', weight_inventory('/app/release')); print('[build] recipe ok:', load_recipe('/app/release')['threshold'])"
#12 4.969 [build] torch 2.3.1 | torchvision 0.18.1 | timm 1.0.20
#12 5.082 [build] weights: {'files': [{'path': 'model.pt', 'bytes': 172315879, 'sha256': 'df0ecac587a71bc2b16dcf0973a2298fe0ecaa354215eac2552020454ba8191d'}], 'total_bytes': 172315879, 'limit_bytes': 2000000000}
#12 5.082 [build] recipe ok: 0.55
#12 DONE 6.0s

#13 exporting to image
#13 exporting layers
#13 exporting layers 8.7s done
#13 exporting manifest sha256:07cb281b8f44608922006c76cbc9ea00954ba18aecee7a4a9f9edf68a1b5f4b2 0.0s done
#13 exporting config sha256:d881a0524d41d68988c613ff9da71f1e5f46f66eed61c82528d8db36d44f4b4c 0.0s done
#13 exporting attestation manifest sha256:b93eb1c98538a076e46a91be95131e11e6acdbe17e2558f8d47e0c2d7c0debd5 0.0s done
#13 exporting manifest list sha256:8b794972a9493ad91c01179fc226fb2516a4ec324d550e125a91235b073079e4 0.0s done
#13 naming to docker.io/library/vreid-release:latest done
#13 unpacking to docker.io/library/vreid-release:latest
#13 unpacking to docker.io/library/vreid-release:latest 4.0s done
#13 DONE 12.9s

View build details: docker-desktop://dashboard/build/desktop-linux/desktop-linux/as536o6n5npsul56zxna7rtd7
