[hackathon] train.csv: 9556 bbox, 1541 vehicle_id, 9556 кадров
[hackathon] камеры из CSV: 96 шт. — псевдокамера не нужна
[hackathon] протокол «track», fit: 7655 bbox / 1233 id; val query: 1213 (без пары: 243), gallery: 688
[train] кропы fit: 7655 (0 c)
Warning: You are sending unauthenticated requests to the HF Hub. Please set a HF_TOKEN to enable higher rate limits and faster downloads.
[train] vit_base_patch14_dinov2.lvd142m, D=1536, id=1233, device=cuda
[train] учитель weights/hack_dinov2_l_336_cam/best.pt обучен на 336, ученик на 392: кроп для учителя масштабируется до его входа
[train] дистилляция от weights/hack_dinov2_l_336_cam/best.pt: D учителя 2048, вес 40.0
[train] авто-батч: оценка по P=2: 1.27 ГБ на машину (×K=4), база 1.5 ГБ, бюджет 12.7 ГБ → пробую P=8
[train] авто-батч: P=8 (×K=4 = 32 кропов), пик 11.1 ГБ из 15.9
[train] сэмплер: camera-aware (кадры одной машины — с разных камер)
[val] до обучения: rank1=  7.5%  rank5= 16.6%  rank10= 19.9%  mAP@10=  8.0%  (queries 970/970, gallery 688)
E:\Хакатон\vreid\train.py:624: UserWarning: Detected call of `lr_scheduler.step()` before `optimizer.step()`. In PyTorch 1.1.0 and later, you should call them in the opposite order: `optimizer.step()` before `lr_scheduler.step()`.  Failure to do this will result in PyTorch skipping the first value of the learning rate schedule. See more details at https://pytorch.org/docs/stable/optim.html#how-to-adjust-learning-rate
  sched.step()
[ep 01] loss=17.100 rank1= 36.1%  rank5= 61.6%  rank10= 71.0%  mAP@10= 39.5%  (queries 970/970, gallery 688) (282 c)
[ep 02] loss=13.045 rank1= 48.2%  rank5= 74.2%  rank10= 83.0%  mAP@10= 52.2%  (queries 970/970, gallery 688) (281 c)
[ep 03] loss=9.330 rank1= 56.0%  rank5= 79.3%  rank10= 86.2%  mAP@10= 59.4%  (queries 970/970, gallery 688) (282 c)
[ep 04] loss=6.659 rank1= 60.5%  rank5= 83.1%  rank10= 87.2%  mAP@10= 63.7%  (queries 970/970, gallery 688) (282 c)
[ep 05] loss=4.588 rank1= 64.2%  rank5= 84.1%  rank10= 88.5%  mAP@10= 66.4%  (queries 970/970, gallery 688) (282 c)
[ep 06] loss=3.549 rank1= 63.2%  rank5= 85.8%  rank10= 89.4%  mAP@10= 66.5%  (queries 970/970, gallery 688) (282 c)
[ep 07] loss=2.593 rank1= 65.9%  rank5= 86.8%  rank10= 90.4%  mAP@10= 69.5%  (queries 970/970, gallery 688) (281 c)
[ep 08] loss=2.143 rank1= 66.9%  rank5= 86.5%  rank10= 90.1%  mAP@10= 70.0%  (queries 970/970, gallery 688) (282 c)
[ep 09] loss=1.685 rank1= 68.5%  rank5= 86.6%  rank10= 90.7%  mAP@10= 71.3%  (queries 970/970, gallery 688) (282 c)
[ep 10] loss=1.390 rank1= 68.8%  rank5= 87.0%  rank10= 91.2%  mAP@10= 72.0%  (queries 970/970, gallery 688) (281 c)
[ep 11] loss=1.151 rank1= 70.2%  rank5= 88.2%  rank10= 91.0%  mAP@10= 73.3%  (queries 970/970, gallery 688) (281 c)
[ep 12] loss=1.036 rank1= 69.4%  rank5= 88.6%  rank10= 92.6%  mAP@10= 73.4%  (queries 970/970, gallery 688) (282 c)
[ep 13] loss=0.951 rank1= 71.4%  rank5= 88.9%  rank10= 92.9%  mAP@10= 74.8%  (queries 970/970, gallery 688) (281 c)
[ep 14] loss=0.853 rank1= 71.6%  rank5= 88.8%  rank10= 92.2%  mAP@10= 74.9%  (queries 970/970, gallery 688) (281 c)
[ep 15] loss=0.827 rank1= 72.5%  rank5= 89.0%  rank10= 92.9%  mAP@10= 75.7%  (queries 970/970, gallery 688) (282 c)
[ep 16] loss=0.793 rank1= 72.0%  rank5= 89.8%  rank10= 93.6%  mAP@10= 75.6%  (queries 970/970, gallery 688) (281 c)
[ep 17] loss=0.773 rank1= 72.2%  rank5= 89.5%  rank10= 93.8%  mAP@10= 75.9%  (queries 970/970, gallery 688) (281 c)
[ep 18] loss=0.793 rank1= 71.9%  rank5= 89.9%  rank10= 93.6%  mAP@10= 75.7%  (queries 970/970, gallery 688) (281 c)
[train] без отбора: сохранена эпоха 18 из 18, mAP на ней 75.7% → weights\fit18_r392_dw40_s3\best.pt (метрика печаталась, но на выбор не влияла)
