запросов 1213; с парой 970, из них с одно-камерным дубликатом 970 (100.0%)
медиана уверенности у запросов с парой: A 0.919, B 0.544

   порог  A: как сейчас  B: без дублей   худший    E p=0.7   E p=0.85   E p=0.95
--------------------------------------------------------------------------------
  0.4000          83.62          70.31    70.31      79.62      81.62      82.95
  0.4200          85.65          71.38    71.38      81.37      83.51      84.93
  0.4400          87.73          72.32    72.32      83.11      85.42      86.96
  0.4600          88.83          72.20    72.20      83.84      86.34      88.00
  0.4800          91.20          73.08    73.08      85.77      88.48      90.30
  0.5000          92.90          72.53    72.53      86.79      89.85      91.88
  0.5200          93.27          70.25    70.25      86.37      89.82      92.12
  0.5400          94.23          68.44    68.44      86.50      90.36      92.94
  0.5600          96.30          66.91    66.91      87.49      91.90      94.83
  0.5800          97.15          64.23    64.23      87.28      92.22      95.51
  0.6000          96.97          60.10    60.10      85.91      91.44      95.13
  0.6200          96.78          56.72    56.72      84.76      90.77      94.78
  0.6400          96.78          52.20    52.20      83.41      90.10      94.56
  0.6600          96.55          47.49    47.49      81.83      89.19      94.10
  0.6800          96.32          44.47    44.47      80.76      88.54      93.72
  0.7000          95.88          42.35    42.35      79.82      87.85      93.20
--------------------------------------------------------------------------------
минимакс: порог 0.4700, худший балл 73.44
максимум ожидания при вере p=0.70: порог 0.5700, ожидание 87.54
максимум ожидания при вере p=0.85: порог 0.5700, ожидание 92.23
максимум ожидания при вере p=0.95: порог 0.5800, ожидание 95.51

[stress] → results/refusal_stress_r392dw40.json
