[train] ФИНАЛЬНЫЙ режим: все 1541 id в обучении, валидации нет — сохраняется последняя эпоха, число эпох задай по лучшему прогону с валидацией
[train] кропы fit: 9556 (0 c)
Warning: You are sending unauthenticated requests to the HF Hub. Please set a HF_TOKEN to enable higher rate limits and faster downloads.
[train] vit_base_patch14_dinov2.lvd142m, D=1536, id=1541, device=cuda
[train] учитель weights/hack_dinov2_l_336_cam/best.pt обучен на 336, ученик на 392: кроп для учителя масштабируется до его входа
[train] дистилляция от weights/hack_dinov2_l_336_cam/best.pt: D учителя 2048, вес 40.0
[train] авто-батч: оценка по P=2: 1.27 ГБ на машину (×K=4), база 1.5 ГБ, бюджет 12.7 ГБ → пробую P=8
[train] авто-батч: P=8 (×K=4 = 32 кропов), пик 11.1 ГБ из 15.9
[train] сэмплер: camera-aware (кадры одной машины — с разных камер)
E:\Хакатон\vreid\train.py:624: UserWarning: Detected call of `lr_scheduler.step()` before `optimizer.step()`. In PyTorch 1.1.0 and later, you should call them in the opposite order: `optimizer.step()` before `lr_scheduler.step()`.  Failure to do this will result in PyTorch skipping the first value of the learning rate schedule. See more details at https://pytorch.org/docs/stable/optim.html#how-to-adjust-learning-rate
  sched.step()
[ep 01] loss=16.968 (329 c)
[ep 02] loss=13.012 (326 c)
[ep 03] loss=9.009 (324 c)
[ep 04] loss=6.357 (317 c)
[ep 05] loss=4.450 (316 c)
[ep 06] loss=3.413 (315 c)
[ep 07] loss=2.593 (315 c)
[ep 08] loss=2.133 (315 c)
[ep 09] loss=1.639 (315 c)
[ep 10] loss=1.421 (316 c)
[ep 11] loss=1.221 (316 c)
[ep 12] loss=1.069 (316 c)
[ep 13] loss=0.959 (316 c)
[ep 14] loss=0.883 (316 c)
[ep 15] loss=0.832 (316 c)
[ep 16] loss=0.803 (315 c)
[ep 17] loss=0.801 (315 c)
[ep 18] loss=0.794 (316 c)
[train] финальная модель: 18 эпох на всех id → weights\all18_r392_dw40_s3\best.pt (валидации не было)
