[hackathon] train.csv: 9556 bbox, 1541 vehicle_id, 9556 кадров
[hackathon] камеры из CSV: 96 шт. — псевдокамера не нужна
[hackathon] протокол «track», fit: 7655 bbox / 1233 id; val query: 1213 (без пары: 243), gallery: 688
[train] кропы fit: 7655 (0 c)
Warning: You are sending unauthenticated requests to the HF Hub. Please set a HF_TOKEN to enable higher rate limits and faster downloads.
[train] vit_base_patch14_dinov2.lvd142m, D=1536, id=1233, device=cuda
[train] учитель weights/hack_dinov2_l_336_cam/best.pt обучен на 336, ученик на 392: кроп для учителя масштабируется до его входа
[train] дистилляция от weights/hack_dinov2_l_336_cam/best.pt: D учителя 2048, вес 40.0
[train] сэмплер: camera-aware (кадры одной машины — с разных камер)
[val] до обучения: rank1=  7.5%  rank5= 16.4%  rank10= 19.8%  mAP@10=  8.0%  (queries 970/970, gallery 688)
E:\Хакатон\vreid\train.py:657: UserWarning: Detected call of `lr_scheduler.step()` before `optimizer.step()`. In PyTorch 1.1.0 and later, you should call them in the opposite order: `optimizer.step()` before `lr_scheduler.step()`.  Failure to do this will result in PyTorch skipping the first value of the learning rate schedule. See more details at https://pytorch.org/docs/stable/optim.html#how-to-adjust-learning-rate
  sched.step()
[ep 01] loss=17.843 rank1= 41.2%  rank5= 66.1%  rank10= 76.3%  mAP@10= 45.2%  (queries 970/970, gallery 688) (304 c)
[ep 02] loss=13.932 rank1= 56.6%  rank5= 79.8%  rank10= 85.6%  mAP@10= 59.7%  (queries 970/970, gallery 688) (303 c)
[ep 03] loss=10.362 rank1= 61.8%  rank5= 83.0%  rank10= 88.5%  mAP@10= 64.5%  (queries 970/970, gallery 688) (308 c)
[ep 04] loss=7.680 rank1= 66.4%  rank5= 85.1%  rank10= 89.9%  mAP@10= 68.5%  (queries 970/970, gallery 688) (312 c)
[ep 05] loss=5.428 rank1= 68.4%  rank5= 86.5%  rank10= 91.1%  mAP@10= 70.8%  (queries 970/970, gallery 688) (326 c)
[ep 06] loss=4.341 rank1= 67.9%  rank5= 86.7%  rank10= 91.1%  mAP@10= 70.8%  (queries 970/970, gallery 688) (313 c)
[ep 07] loss=3.200 rank1= 71.2%  rank5= 88.7%  rank10= 92.5%  mAP@10= 73.6%  (queries 970/970, gallery 688) (318 c)
[ep 08] loss=2.654 rank1= 71.2%  rank5= 88.0%  rank10= 92.6%  mAP@10= 73.9%  (queries 970/970, gallery 688) (334 c)
[ep 09] loss=2.087 rank1= 71.5%  rank5= 89.3%  rank10= 93.3%  mAP@10= 74.6%  (queries 970/970, gallery 688) (325 c)
[ep 10] loss=1.711 rank1= 73.8%  rank5= 89.5%  rank10= 93.0%  mAP@10= 76.3%  (queries 970/970, gallery 688) (329 c)
[ep 11] loss=1.409 rank1= 74.4%  rank5= 90.0%  rank10= 92.9%  mAP@10= 76.8%  (queries 970/970, gallery 688) (318 c)
[ep 12] loss=1.236 rank1= 73.1%  rank5= 89.4%  rank10= 93.7%  mAP@10= 76.1%  (queries 970/970, gallery 688) (321 c)
[ep 13] loss=1.138 rank1= 74.7%  rank5= 90.1%  rank10= 93.4%  mAP@10= 77.7%  (queries 970/970, gallery 688) (344 c)
[ep 14] loss=1.012 rank1= 75.8%  rank5= 90.5%  rank10= 93.3%  mAP@10= 77.8%  (queries 970/970, gallery 688) (330 c)
[ep 15] loss=0.959 rank1= 74.8%  rank5= 90.1%  rank10= 93.7%  mAP@10= 77.7%  (queries 970/970, gallery 688) (317 c)
[ep 16] loss=0.918 rank1= 75.2%  rank5= 90.2%  rank10= 94.1%  mAP@10= 77.9%  (queries 970/970, gallery 688) (315 c)
[ep 17] loss=0.899 rank1= 75.5%  rank5= 90.3%  rank10= 93.6%  mAP@10= 78.2%  (queries 970/970, gallery 688) (315 c)
[ep 18] loss=0.923 rank1= 75.5%  rank5= 90.2%  rank10= 93.6%  mAP@10= 78.2%  (queries 970/970, gallery 688) (297 c)
[train] без отбора: сохранена эпоха 18 из 18, mAP на ней 78.2% → weights\fit18_r392_dw40f4_s3\best.pt (метрика печаталась, но на выбор не влияла)
