#0 building with "desktop-linux" instance using docker driver

#1 [internal] load build definition from Dockerfile
#1 transferring dockerfile: 4.90kB 0.0s done
#1 DONE 0.0s

#2 [internal] load metadata for docker.io/pytorch/pytorch@sha256:fc47f8018254e6df30f48c48f2db1c758d44de21a8c553de1a1c451a65baa70a
#2 DONE 1.5s

#3 [internal] load .dockerignore
#3 transferring context: 641B done
#3 DONE 0.0s

#4 [1/8] FROM docker.io/pytorch/pytorch@sha256:fc47f8018254e6df30f48c48f2db1c758d44de21a8c553de1a1c451a65baa70a
#4 resolve docker.io/pytorch/pytorch@sha256:fc47f8018254e6df30f48c48f2db1c758d44de21a8c553de1a1c451a65baa70a 0.0s done
#4 DONE 0.0s

#5 [internal] load build context
#5 transferring context: 173.00MB 4.8s done
#5 DONE 4.8s

#6 [3/8] COPY requirements-infer.txt requirements-infer-dev.txt ./
#6 CACHED

#7 [2/8] WORKDIR /app
#7 CACHED

#8 [4/8] RUN python -m pip install --no-cache-dir --no-deps  -r requirements-infer.txt  && python -m pip check  && python -m pip freeze --all > /app/installed-packages.txt
#8 CACHED

#9 [5/8] COPY vreid/ /app/vreid/
#9 DONE 0.1s

#10 [6/8] COPY scripts/ /app/scripts/
#10 DONE 0.1s

#11 [7/8] COPY release/ /app/release/
#11 DONE 0.3s

#12 [8/8] RUN python -c "import torch, torchvision, timm; from vreid.artifacts import weight_inventory; from vreid.predict import load_recipe; print('[build] torch', torch.__version__, '| torchvision', torchvision.__version__, '| timm', timm.__version__); print('[build] weights:', weight_inventory('/app/release')); print('[build] recipe ok:', load_recipe('/app/release')['threshold'])"
#12 4.638 [build] torch 2.3.1 | torchvision 0.18.1 | timm 1.0.20
#12 4.745 [build] weights: {'files': [{'path': 'model.pt', 'bytes': 172315879, 'sha256': '4994dcadb885c8a499ad768f69f6dba8ebb9fd440b64f6e9dd93e5522dc1a336'}], 'total_bytes': 172315879, 'limit_bytes': 2000000000}
#12 4.745 [build] recipe ok: 0.65
#12 DONE 5.7s

#13 exporting to image
#13 exporting layers
#13 exporting layers 7.8s done
#13 exporting manifest sha256:e98b9e545d2e9b8711d7235a8012ef11773a5fdc97658162faad78b3703e620a 0.0s done
#13 exporting config sha256:a59dc112427ed0b0d4bd59cf87f775c9d0a79088aab8a601d227e60eeee6d388 0.0s done
#13 exporting attestation manifest sha256:2cd47c1aa0c5b5fd49c9a94209c1c0c16113a8caf5085b8bb3dc9ba8b1bc0e1f 0.0s done
#13 exporting manifest list sha256:46d4e5f325d5765102fc60def52b0c404acaa53ad4331c3adbe28bd5c0d1117a 0.0s done
#13 naming to docker.io/library/vreid-release:latest
#13 naming to docker.io/library/vreid-release:latest done
#13 unpacking to docker.io/library/vreid-release:latest
#13 unpacking to docker.io/library/vreid-release:latest 4.0s done
#13 DONE 11.9s

View build details: docker-desktop://dashboard/build/desktop-linux/desktop-linux/8um9e32lbtpmf7z2lx9boc2cf
