запросов 1213; с парой 970, из них с одно-камерным дубликатом 970 (100.0%)
медиана уверенности у запросов с парой: A 0.936, B 0.624

   порог  A: как сейчас  B: без дублей   худший    E p=0.7   E p=0.85   E p=0.95
--------------------------------------------------------------------------------
  0.4000          74.83          65.86    65.86      72.14      73.48      74.38
  0.4200          77.30          67.81    67.81      74.45      75.88      76.82
  0.4400          79.43          69.46    69.46      76.44      77.93      78.93
  0.4600          82.86          72.30    72.30      79.69      81.28      82.33
  0.4800          85.17          73.89    73.89      81.79      83.48      84.60
  0.5000          87.41          75.38    75.38      83.80      85.60      86.81
  0.5200          88.31          75.05    75.05      84.33      86.32      87.65
  0.5400          89.81          75.30    75.30      85.46      87.63      89.09
  0.5600          91.63          75.15    75.15      86.69      89.16      90.81
  0.5800          92.87          74.20    74.20      87.27      90.07      91.93
  0.6000          94.07          72.36    72.36      87.56      90.81      92.98
  0.6200          95.95          71.51    71.51      88.62      92.28      94.73
  0.6400          96.71          68.77    68.77      88.33      92.52      95.32
  0.6600          97.20          65.58    65.58      87.71      92.46      95.62
  0.6800          96.97          60.33    60.33      85.98      91.48      95.14
  0.7000          96.83          55.01    55.01      84.28      90.56      94.74
--------------------------------------------------------------------------------
минимакс: порог 0.5300, худший балл 75.78
максимум ожидания при вере p=0.70: порог 0.6200, ожидание 88.62
максимум ожидания при вере p=0.85: порог 0.6500, ожидание 92.54
максимум ожидания при вере p=0.95: порог 0.6600, ожидание 95.62

[stress] → results/refusal_stress_r392dw40f4.json
