#0 building with "desktop-linux" instance using docker driver

#1 [internal] load build definition from Dockerfile
#1 transferring dockerfile: 706B done
#1 DONE 0.0s

#2 [internal] load metadata for docker.io/library/nginx:1.27.4-alpine
#2 DONE 0.1s

#3 [internal] load .dockerignore
#3 transferring context: 641B done
#3 DONE 0.0s

#4 [1/4] FROM docker.io/library/nginx:1.27.4-alpine@sha256:4ff102c5d78d254a6f0da062b3cf39eaf07f01eec0927fd21e219d0af8bc0591
#4 resolve docker.io/library/nginx:1.27.4-alpine@sha256:4ff102c5d78d254a6f0da062b3cf39eaf07f01eec0927fd21e219d0af8bc0591 0.0s done
#4 DONE 0.0s

#5 [internal] load build context
#5 transferring context: 1.91kB 0.0s done
#5 DONE 0.1s

#6 [2/4] COPY service/static/ /usr/share/nginx/html/static/
#6 CACHED

#7 [3/4] COPY service/static/index.html /usr/share/nginx/html/index.html
#7 CACHED

#8 [4/4] COPY web/nginx.conf /etc/nginx/conf.d/default.conf
#8 CACHED

#9 exporting to image
#9 exporting layers 0.0s done
#9 exporting manifest sha256:286c7f777c74441d09439581a91cc8e2fe00e23fa4c8c77a5711902759966266 done
#9 exporting config sha256:537c832b33d2d7035b90d701ee3b65f4c27739c95163f8a1c35fdb84bda54975 done
#9 exporting attestation manifest sha256:6df194d289950f50da9a9bef0d98e8377d35c3b658012dfacde4c393a994c4b6 0.0s done
#9 exporting manifest list sha256:98cce6c652cdbdca096a9f332d8ec753c9c253a9216cded76a9f6166230b748b 0.0s done
#9 naming to docker.io/library/vreid-web:1.1
#9 naming to docker.io/library/vreid-web:1.1 done
#9 unpacking to docker.io/library/vreid-web:1.1 0.0s done
#9 DONE 0.2s

View build details: docker-desktop://dashboard/build/desktop-linux/desktop-linux/mqelgzhso1d7ydw0ds8qbntea
