[train] ФИНАЛЬНЫЙ режим: все 1541 id в обучении, валидации нет — сохраняется последняя эпоха, число эпох задай по лучшему прогону с валидацией
[train] кропы fit: 9556 (0 c)
[train] vit_base_patch14_dinov2.lvd142m, D=1536, id=1541, device=cuda
[train] учитель weights/hack_dinov2_l_336_cam/best.pt обучен на 336, ученик на 392: кроп для учителя масштабируется до его входа
[train] дистилляция от weights/hack_dinov2_l_336_cam/best.pt: D учителя 2048, вес 40.0
[train] дистилляция от weights/soup_r392dw40f4_all/best.pt: D учителя 1536, вес 40.0
[train] учителей 2: цель — среднее их матриц сходств
[train] сэмплер: camera-aware (кадры одной машины — с разных камер)
E:\Хакатон\vreid\train.py:657: UserWarning: Detected call of `lr_scheduler.step()` before `optimizer.step()`. In PyTorch 1.1.0 and later, you should call them in the opposite order: `optimizer.step()` before `lr_scheduler.step()`.  Failure to do this will result in PyTorch skipping the first value of the learning rate schedule. See more details at https://pytorch.org/docs/stable/optim.html#how-to-adjust-learning-rate
  sched.step()
[ep 01] loss=17.434 (408 c)
[ep 02] loss=13.632 (405 c)
[ep 03] loss=9.933 (410 c)
[ep 04] loss=7.117 (437 c)
[ep 05] loss=5.280 (423 c)
[ep 06] loss=3.992 (406 c)
[ep 07] loss=3.018 (411 c)
[ep 08] loss=2.343 (505 c)
[ep 09] loss=2.012 (405 c)
[ep 10] loss=1.627 (413 c)
[ep 11] loss=1.305 (439 c)
[ep 12] loss=1.170 (421 c)
[ep 13] loss=1.014 (398 c)
[ep 14] loss=0.902 (390 c)
[ep 15] loss=0.853 (390 c)
[ep 16] loss=0.826 (418 c)
[ep 17] loss=0.789 (418 c)
[ep 18] loss=0.800 (396 c)
[train] финальная модель: 18 эпох на всех id → weights\all18_r392_dw40f4t2_s2\best.pt (валидации не было)
