#0 building with "desktop-linux" instance using docker driver

#1 [internal] load build definition from Dockerfile
#1 transferring dockerfile: 4.90kB 0.0s done
#1 DONE 0.1s

#2 [internal] load metadata for docker.io/pytorch/pytorch@sha256:fc47f8018254e6df30f48c48f2db1c758d44de21a8c553de1a1c451a65baa70a
#2 DONE 1.5s

#3 [internal] load .dockerignore
#3 transferring context: 641B done
#3 DONE 0.0s

#4 [1/8] FROM docker.io/pytorch/pytorch@sha256:fc47f8018254e6df30f48c48f2db1c758d44de21a8c553de1a1c451a65baa70a
#4 resolve docker.io/pytorch/pytorch@sha256:fc47f8018254e6df30f48c48f2db1c758d44de21a8c553de1a1c451a65baa70a 0.0s done
#4 DONE 0.0s

#5 [internal] load build context
#5 transferring context: 141.02MB 4.9s
#5 transferring context: 173.00MB 5.9s done
#5 DONE 5.9s

#6 [2/8] WORKDIR /app
#6 CACHED

#7 [3/8] COPY requirements-infer.txt requirements-infer-dev.txt ./
#7 CACHED

#8 [4/8] RUN python -m pip install --no-cache-dir --no-deps  -r requirements-infer.txt  && python -m pip check  && python -m pip freeze --all > /app/installed-packages.txt
#8 CACHED

#9 [5/8] COPY vreid/ /app/vreid/
#9 CACHED

#10 [6/8] COPY scripts/ /app/scripts/
#10 DONE 0.2s

#11 [7/8] COPY release/ /app/release/
#11 DONE 0.4s

#12 [8/8] RUN python -c "import torch, torchvision, timm; from vreid.artifacts import weight_inventory; from vreid.predict import load_recipe; print('[build] torch', torch.__version__, '| torchvision', torchvision.__version__, '| timm', timm.__version__); print('[build] weights:', weight_inventory('/app/release')); print('[build] recipe ok:', load_recipe('/app/release')['threshold'])"
#12 5.826 [build] torch 2.3.1 | torchvision 0.18.1 | timm 1.0.20
#12 5.943 [build] weights: {'files': [{'path': 'model.pt', 'bytes': 172315879, 'sha256': '33300d61d6b90899428858d264761933a496015d706cf2db02a5cc5a11bd10e7'}], 'total_bytes': 172315879, 'limit_bytes': 2000000000}
#12 5.943 [build] recipe ok: 0.67
#12 DONE 7.0s

#13 exporting to image
#13 exporting layers
#13 exporting layers 8.6s done
#13 exporting manifest sha256:99341c8b79cc11ab724f8945ec57916eeff4b21d8f44011f778eec91df0c8544 0.0s done
#13 exporting config sha256:5e393eebcad001c5cd4415a2e1d71cf5d8d96167563977c7997ec66e46b28e5a 0.0s done
#13 exporting attestation manifest sha256:12e24a977156bb3fb170579fee83962f09e62fe0740bac675f5ba48720ed4d44 0.0s done
#13 exporting manifest list sha256:7148529f8943d4bbe8f05bd4994a1daabd626f6b4d22a2c69818a9a558beeebb
#13 exporting manifest list sha256:7148529f8943d4bbe8f05bd4994a1daabd626f6b4d22a2c69818a9a558beeebb 0.0s done
#13 naming to docker.io/library/vreid-release:latest done
#13 unpacking to docker.io/library/vreid-release:latest
#13 unpacking to docker.io/library/vreid-release:latest 4.1s done
#13 DONE 12.9s

View build details: docker-desktop://dashboard/build/desktop-linux/desktop-linux/a1xv5v5288q0giewf8082chmh
