[hackathon] train.csv: 9556 bbox, 1541 vehicle_id, 9556 кадров
[hackathon] камеры из CSV: 96 шт. — псевдокамера не нужна
[hackathon] протокол «track», fit: 7655 bbox / 1233 id; val query: 1213 (без пары: 243), gallery: 688
[train] кропы fit: 7655 (0 c)
Warning: You are sending unauthenticated requests to the HF Hub. Please set a HF_TOKEN to enable higher rate limits and faster downloads.
[train] vit_base_patch14_dinov2.lvd142m, D=1536, id=1233, device=cuda
[train] учитель weights/hack_dinov2_l_336_cam/best.pt обучен на 336, ученик на 392: кроп для учителя масштабируется до его входа
[train] дистилляция от weights/hack_dinov2_l_336_cam/best.pt: D учителя 2048, вес 40.0
[train] дистилляция от weights/soup_r392dw40f4_fit/best.pt: D учителя 1536, вес 40.0
[train] учителей 2: цель — среднее их матриц сходств
[train] сэмплер: camera-aware (кадры одной машины — с разных камер)
[val] до обучения: rank1=  7.5%  rank5= 16.4%  rank10= 19.8%  mAP@10=  8.0%  (queries 970/970, gallery 688)
E:\Хакатон\vreid\train.py:657: UserWarning: Detected call of `lr_scheduler.step()` before `optimizer.step()`. In PyTorch 1.1.0 and later, you should call them in the opposite order: `optimizer.step()` before `lr_scheduler.step()`.  Failure to do this will result in PyTorch skipping the first value of the learning rate schedule. See more details at https://pytorch.org/docs/stable/optim.html#how-to-adjust-learning-rate
  sched.step()
[ep 01] loss=17.423 rank1= 44.6%  rank5= 71.1%  rank10= 78.8%  mAP@10= 48.5%  (queries 970/970, gallery 688) (325 c)
[ep 02] loss=13.614 rank1= 54.3%  rank5= 81.1%  rank10= 88.0%  mAP@10= 60.3%  (queries 970/970, gallery 688) (325 c)
[ep 03] loss=10.073 rank1= 61.0%  rank5= 83.8%  rank10= 89.4%  mAP@10= 64.8%  (queries 970/970, gallery 688) (324 c)
[ep 04] loss=7.348 rank1= 67.0%  rank5= 86.7%  rank10= 91.5%  mAP@10= 69.6%  (queries 970/970, gallery 688) (324 c)
[ep 05] loss=5.760 rank1= 67.9%  rank5= 87.3%  rank10= 91.3%  mAP@10= 70.7%  (queries 970/970, gallery 688) (324 c)
[ep 06] loss=4.287 rank1= 70.9%  rank5= 87.6%  rank10= 92.2%  mAP@10= 73.4%  (queries 970/970, gallery 688) (325 c)
[ep 07] loss=3.058 rank1= 72.0%  rank5= 88.2%  rank10= 92.4%  mAP@10= 73.9%  (queries 970/970, gallery 688) (325 c)
[ep 08] loss=2.482 rank1= 73.3%  rank5= 89.5%  rank10= 93.2%  mAP@10= 75.3%  (queries 970/970, gallery 688) (325 c)
[ep 09] loss=1.997 rank1= 73.3%  rank5= 88.8%  rank10= 93.2%  mAP@10= 75.1%  (queries 970/970, gallery 688) (325 c)
[ep 10] loss=1.619 rank1= 74.6%  rank5= 89.6%  rank10= 93.7%  mAP@10= 76.8%  (queries 970/970, gallery 688) (324 c)
[ep 11] loss=1.373 rank1= 74.1%  rank5= 90.6%  rank10= 93.8%  mAP@10= 77.0%  (queries 970/970, gallery 688) (325 c)
[ep 12] loss=1.206 rank1= 75.5%  rank5= 90.3%  rank10= 94.4%  mAP@10= 77.7%  (queries 970/970, gallery 688) (324 c)
[ep 13] loss=1.030 rank1= 75.3%  rank5= 91.2%  rank10= 94.5%  mAP@10= 78.2%  (queries 970/970, gallery 688) (325 c)
[ep 14] loss=0.943 rank1= 76.8%  rank5= 91.3%  rank10= 94.3%  mAP@10= 79.1%  (queries 970/970, gallery 688) (325 c)
[ep 15] loss=0.916 rank1= 76.9%  rank5= 91.3%  rank10= 94.5%  mAP@10= 79.3%  (queries 970/970, gallery 688) (324 c)
[ep 16] loss=0.862 rank1= 77.4%  rank5= 91.5%  rank10= 94.3%  mAP@10= 79.8%  (queries 970/970, gallery 688) (324 c)
[ep 17] loss=0.831 rank1= 77.6%  rank5= 91.5%  rank10= 94.4%  mAP@10= 80.0%  (queries 970/970, gallery 688) (324 c)
[ep 18] loss=0.811 rank1= 77.5%  rank5= 91.4%  rank10= 94.2%  mAP@10= 79.9%  (queries 970/970, gallery 688) (325 c)
[train] без отбора: сохранена эпоха 18 из 18, mAP на ней 79.9% → weights\fit18_r392_dw40f4t2_s2\best.pt (метрика печаталась, но на выбор не влияла)
