запросов 1213; с парой 970, из них с одно-камерным дубликатом 970 (100.0%)
медиана уверенности у запросов с парой: A 0.941, B 0.643

   порог  A: как сейчас  B: без дублей   худший    E p=0.7   E p=0.85   E p=0.95
--------------------------------------------------------------------------------
  0.4000          72.09          63.38    63.38      69.48      70.78      71.65
  0.4200          75.02          66.02    66.02      72.32      73.67      74.57
  0.4400          76.95          67.60    67.60      74.15      75.55      76.48
  0.4600          79.74          69.62    69.62      76.71      78.22      79.24
  0.4800          82.70          72.13    72.13      79.53      81.11      82.17
  0.5000          84.77          73.38    73.38      81.35      83.06      84.20
  0.5200          87.05          74.92    74.92      83.41      85.23      86.44
  0.5400          89.17          76.09    76.09      85.25      87.21      88.52
  0.5600          90.32          76.03    76.03      86.03      88.18      89.61
  0.5800          91.35          74.79    74.79      86.38      88.87      90.52
  0.6000          92.87          73.97    73.97      87.20      90.03      91.92
  0.6200          94.46          72.74    72.74      87.94      91.20      93.37
  0.6400          95.94          70.40    70.40      88.28      92.11      94.66
  0.6600          96.36          68.03    68.03      87.86      92.11      94.94
  0.6800          96.85          64.39    64.39      87.11      91.98      95.23
  0.7000          97.06          59.69    59.69      85.85      91.45      95.19
--------------------------------------------------------------------------------
минимакс: порог 0.5500, худший балл 76.25
максимум ожидания при вере p=0.70: порог 0.6300, ожидание 88.60
максимум ожидания при вере p=0.85: порог 0.6700, ожидание 92.11
максимум ожидания при вере p=0.95: порог 0.6800, ожидание 95.23

[stress] → results/refusal_stress_r392dw40f4t2.json
