#0 building with "desktop-linux" instance using docker driver

#1 [internal] load build definition from Dockerfile.service
#1 transferring dockerfile: 3.75kB 0.0s done
#1 DONE 0.0s

#2 [internal] load metadata for docker.io/pytorch/pytorch:2.11.0-cuda12.8-cudnn9-runtime
#2 DONE 0.0s

#3 [internal] load .dockerignore
#3 transferring context: 641B done
#3 DONE 0.0s

#4 [internal] load build context
#4 DONE 0.0s

#5 [ 1/11] FROM docker.io/pytorch/pytorch:2.11.0-cuda12.8-cudnn9-runtime@sha256:eee11b3b3872a8c838e35ef48f08b2d5def2080902c7f666831310ca1a0ef2be
#5 resolve docker.io/pytorch/pytorch:2.11.0-cuda12.8-cudnn9-runtime@sha256:eee11b3b3872a8c838e35ef48f08b2d5def2080902c7f666831310ca1a0ef2be 0.0s done
#5 DONE 0.0s

#4 [internal] load build context
#4 transferring context: 15.49MB 0.8s done
#4 DONE 0.8s

#6 [ 3/11] COPY requirements-infer.txt requirements-infer-dev.txt requirements-service.txt ./
#6 CACHED

#7 [ 4/11] RUN python -m pip install --no-cache-dir --no-deps --break-system-packages -r requirements-infer-dev.txt  && python -m pip install --no-cache-dir --no-deps --break-system-packages -r requirements-service.txt  && python -m pip check  && python -m pip freeze --all > /app/installed-packages.txt
#7 CACHED

#8 [ 2/11] WORKDIR /app
#8 CACHED

#9 [ 5/11] COPY vreid/ /app/vreid/
#9 CACHED

#10 [ 6/11] COPY scripts/ /app/scripts/
#10 DONE 0.2s

#11 [ 7/11] COPY service/ /app/service/
#11 DONE 0.1s

#12 [ 8/11] COPY release/ /app/release/
#12 DONE 0.4s

#13 [ 9/11] COPY demo/ /app/demo/
#13 DONE 0.1s

#14 [10/11] COPY results/ann_scalability.json /app/results/ann_scalability.json
#14 DONE 0.1s

#15 [11/11] RUN python -c "import fastapi, uvicorn, faiss, psycopg, torch, timm; from vreid.predict import load_recipe; print('[build] fastapi', fastapi.__version__, '| faiss', faiss.__version__, '| torch', torch.__version__); print('[build] recipe ok:', load_recipe('/app/release')['threshold'])"
#15 3.796 [build] fastapi 0.115.12 | faiss 1.9.0 | torch 2.11.0+cu128
#15 3.796 [build] recipe ok: 0.67
#15 DONE 4.7s

#16 exporting to image
#16 exporting layers
#16 exporting layers 8.2s done
#16 exporting manifest sha256:446e67cb8d0d1c957e2f9b694fa7f2fd684b4b0aea24f4df39fa60d55c39cc35 0.0s done
#16 exporting config sha256:707d6337080e23596100194bb0e18bb946027d735e66c23aa4d2a2fd41f7d675 0.0s done
#16 exporting attestation manifest sha256:0c6e9ff9415f9b237e3cfbbab30ec1dda6dcddba6b40e04250bd96de8a0f9bb6 0.0s done
#16 exporting manifest list sha256:1d078ae96897b3067531e72ded4a2fb5e733353e5fdafbbdda234e371e8d0972
#16 exporting manifest list sha256:1d078ae96897b3067531e72ded4a2fb5e733353e5fdafbbdda234e371e8d0972 0.0s done
#16 naming to docker.io/library/vreid-api:1.1 done
#16 unpacking to docker.io/library/vreid-api:1.1
#16 unpacking to docker.io/library/vreid-api:1.1 3.5s done
#16 DONE 11.9s

View build details: docker-desktop://dashboard/build/desktop-linux/desktop-linux/wrayxy7pwnnmv0jvcrlg9ltpk
