.................................................................s...... [ 40%]
........................................................................ [ 80%]
....................................                                     [100%]
============================== warnings summary ===============================
tests/service/test_api.py: 448 warnings
tests/service/test_extensions.py: 128 warnings
  C:\Users\<user>\AppData\Roaming\Python\Python314\site-packages\fastapi\routing.py:233: DeprecationWarning: 'asyncio.iscoroutinefunction' is deprecated and slated for removal in Python 3.16; use inspect.iscoroutinefunction() instead
    is_coroutine = asyncio.iscoroutinefunction(dependant.call)

-- Docs: https://docs.pytest.org/en/stable/how-to/capture-warnings.html
179 passed, 1 skipped, 576 warnings in 22.01s
#0 building with "desktop-linux" instance using docker driver

#1 [internal] load build definition from Dockerfile
#1 transferring dockerfile: 4.90kB done
#1 DONE 0.0s

#2 [internal] load metadata for docker.io/pytorch/pytorch@sha256:fc47f8018254e6df30f48c48f2db1c758d44de21a8c553de1a1c451a65baa70a
#2 DONE 1.4s

#3 [internal] load .dockerignore
#3 transferring context: 641B done
#3 DONE 0.0s

#4 [1/8] FROM docker.io/pytorch/pytorch@sha256:fc47f8018254e6df30f48c48f2db1c758d44de21a8c553de1a1c451a65baa70a
#4 resolve docker.io/pytorch/pytorch@sha256:fc47f8018254e6df30f48c48f2db1c758d44de21a8c553de1a1c451a65baa70a 0.0s done
#4 DONE 0.0s

#5 [internal] load build context
#5 transferring context: 9.99kB done
#5 DONE 0.0s

#6 [2/8] WORKDIR /app
#6 CACHED

#7 [3/8] COPY requirements-infer.txt requirements-infer-dev.txt ./
#7 CACHED

#8 [4/8] RUN python -m pip install --no-cache-dir --no-deps  -r requirements-infer.txt  && python -m pip check  && python -m pip freeze --all > /app/installed-packages.txt
#8 CACHED

#9 [5/8] COPY vreid/ /app/vreid/
#9 CACHED

#10 [6/8] COPY scripts/ /app/scripts/
#10 DONE 0.0s

#11 [7/8] COPY release/ /app/release/
#11 DONE 0.2s

#12 [8/8] RUN python -c "import torch, torchvision, timm; from vreid.artifacts import weight_inventory; from vreid.predict import load_recipe; print('[build] torch', torch.__version__, '| torchvision', torchvision.__version__, '| timm', timm.__version__); print('[build] weights:', weight_inventory('/app/release')); print('[build] recipe ok:', load_recipe('/app/release')['threshold'])"
#12 2.271 [build] torch 2.3.1 | torchvision 0.18.1 | timm 1.0.20
#12 2.371 [build] weights: {'files': [{'path': 'model.pt', 'bytes': 171995879, 'sha256': '608042f64c259b97590e57b81f6c03e7143fba43d9a9c320b4a2a346e9f5fd1c'}], 'total_bytes': 171995879, 'limit_bytes': 2000000000}
#12 2.372 [build] recipe ok: 0.55
#12 DONE 2.9s

#13 exporting to image
#13 exporting layers
#13 exporting layers 6.6s done
#13 exporting manifest sha256:6b8cee16310e7d6e88f467dedb166d79d87dedb2983c3175328b08a360ce1fc5 0.0s done
#13 exporting config sha256:df28c8596751e0eddfa1840c5520b2e46b7af673ec2809ae590b1e0ee6194ec7 0.0s done
#13 exporting attestation manifest sha256:1573c4f8ff21300512da5db3307947e64056c2d74e8ef0704b91ad1ef8bd2e4a 0.0s done
#13 exporting manifest list sha256:348bcfd27eecc8a53aed537b68201a0bb32401373a78106e2fdcd83cf76e0b1f 0.0s done
#13 naming to docker.io/library/vreid-release:latest
#13 naming to docker.io/library/vreid-release:latest done
#13 unpacking to docker.io/library/vreid-release:latest
#13 unpacking to docker.io/library/vreid-release:latest 4.1s done
#13 DONE 10.9s

View build details: docker-desktop://dashboard/build/desktop-linux/desktop-linux/tswsfuqfrf5icg6cmei2piptl
#0 building with "desktop-linux" instance using docker driver

#1 [internal] load build definition from Dockerfile
#1 transferring dockerfile: 4.90kB done
#1 DONE 0.0s

#2 [internal] load metadata for docker.io/pytorch/pytorch:2.11.0-cuda12.8-cudnn9-runtime
#2 DONE 0.0s

#3 [internal] load .dockerignore
#3 transferring context: 641B done
#3 DONE 0.0s

#4 [1/8] FROM docker.io/pytorch/pytorch:2.11.0-cuda12.8-cudnn9-runtime@sha256:eee11b3b3872a8c838e35ef48f08b2d5def2080902c7f666831310ca1a0ef2be
#4 resolve docker.io/pytorch/pytorch:2.11.0-cuda12.8-cudnn9-runtime@sha256:eee11b3b3872a8c838e35ef48f08b2d5def2080902c7f666831310ca1a0ef2be 0.0s done
#4 DONE 0.0s

#5 [internal] load build context
#5 transferring context: 2.56kB done
#5 DONE 0.0s

#6 [3/8] COPY requirements-infer.txt requirements-infer-dev.txt ./
#6 CACHED

#7 [4/8] RUN python -m pip install --no-cache-dir --no-deps --break-system-packages -r requirements-infer-dev.txt  && python -m pip check  && python -m pip freeze --all > /app/installed-packages.txt
#7 CACHED

#8 [2/8] WORKDIR /app
#8 CACHED

#9 [5/8] COPY vreid/ /app/vreid/
#9 CACHED

#10 [6/8] COPY scripts/ /app/scripts/
#10 DONE 0.2s

#11 [7/8] COPY release/ /app/release/
#11 DONE 0.3s

#12 [8/8] RUN python -c "import torch, torchvision, timm; from vreid.artifacts import weight_inventory; from vreid.predict import load_recipe; print('[build] torch', torch.__version__, '| torchvision', torchvision.__version__, '| timm', timm.__version__); print('[build] weights:', weight_inventory('/app/release')); print('[build] recipe ok:', load_recipe('/app/release')['threshold'])"
#12 2.889 [build] torch 2.11.0+cu128 | torchvision 0.26.0+cu128 | timm 1.0.20
#12 2.994 [build] weights: {'files': [{'path': 'model.pt', 'bytes': 171995879, 'sha256': '608042f64c259b97590e57b81f6c03e7143fba43d9a9c320b4a2a346e9f5fd1c'}], 'total_bytes': 171995879, 'limit_bytes': 2000000000}
#12 2.994 [build] recipe ok: 0.55
#12 DONE 3.7s

#13 exporting to image
#13 exporting layers
#13 exporting layers 5.4s done
#13 exporting manifest sha256:64c78f9d38ec4bc659c5836ab3bd0d70dc05adc6fcf68d51d8ba2492a172fe6e 0.0s done
#13 exporting config sha256:a48ceb26b84f29f88f9d4b8c92ec3d043daafe7c0e3c87242f7f6adbc4a32a4b 0.0s done
#13 exporting attestation manifest sha256:ee87928f1dc10be6baeea806a86f921e5afb98756f6e6a76b766aa7e71354f9c 0.0s done
#13 exporting manifest list sha256:0391c1add78d2e8e21a2fb9db7565da20fd369237780eeaab36daa5e0ada6db4
#13 exporting manifest list sha256:0391c1add78d2e8e21a2fb9db7565da20fd369237780eeaab36daa5e0ada6db4 0.0s done
#13 naming to docker.io/library/vreid-dev:latest done
#13 unpacking to docker.io/library/vreid-dev:latest
#13 unpacking to docker.io/library/vreid-dev:latest 4.1s done
#13 DONE 9.7s

View build details: docker-desktop://dashboard/build/desktop-linux/desktop-linux/vl6kyhmnd2hzfi19sf87mdgaw
#0 building with "desktop-linux" instance using docker driver

#1 [internal] load build definition from Dockerfile.service
#1 transferring dockerfile: 3.75kB done
#1 DONE 0.0s

#2 [internal] load metadata for docker.io/pytorch/pytorch:2.11.0-cuda12.8-cudnn9-runtime
#2 DONE 0.0s

#3 [internal] load .dockerignore
#3 transferring context: 641B done
#3 DONE 0.0s

#4 [ 1/11] FROM docker.io/pytorch/pytorch:2.11.0-cuda12.8-cudnn9-runtime@sha256:eee11b3b3872a8c838e35ef48f08b2d5def2080902c7f666831310ca1a0ef2be
#4 resolve docker.io/pytorch/pytorch:2.11.0-cuda12.8-cudnn9-runtime@sha256:eee11b3b3872a8c838e35ef48f08b2d5def2080902c7f666831310ca1a0ef2be 0.0s done
#4 DONE 0.0s

#5 [internal] load build context
#5 transferring context: 15.48MB 0.7s done
#5 DONE 0.7s

#6 [ 2/11] WORKDIR /app
#6 CACHED

#7 [ 3/11] COPY requirements-infer.txt requirements-infer-dev.txt requirements-service.txt ./
#7 CACHED

#8 [ 4/11] RUN python -m pip install --no-cache-dir --no-deps --break-system-packages -r requirements-infer-dev.txt  && python -m pip install --no-cache-dir --no-deps --break-system-packages -r requirements-service.txt  && python -m pip check  && python -m pip freeze --all > /app/installed-packages.txt
#8 CACHED

#9 [ 5/11] COPY vreid/ /app/vreid/
#9 CACHED

#10 [ 6/11] COPY scripts/ /app/scripts/
#10 DONE 0.2s

#11 [ 7/11] COPY service/ /app/service/
#11 DONE 0.1s

#12 [ 8/11] COPY release/ /app/release/
#12 DONE 0.4s

#13 [ 9/11] COPY demo/ /app/demo/
#13 DONE 0.1s

#14 [10/11] COPY results/ann_scalability.json /app/results/ann_scalability.json
#14 DONE 0.1s

#15 [11/11] RUN python -c "import fastapi, uvicorn, faiss, psycopg, torch, timm; from vreid.predict import load_recipe; print('[build] fastapi', fastapi.__version__, '| faiss', faiss.__version__, '| torch', torch.__version__); print('[build] recipe ok:', load_recipe('/app/release')['threshold'])"
#15 3.129 [build] fastapi 0.115.12 | faiss 1.9.0 | torch 2.11.0+cu128
#15 3.129 [build] recipe ok: 0.55
#15 DONE 3.9s

#16 exporting to image
#16 exporting layers
#16 exporting layers 7.9s done
#16 exporting manifest sha256:6bc5d27ca447f119ce1572d063bfc85caf030ad8f5a16cf86a7a4c811a84bc84 0.0s done
#16 exporting config sha256:32d59bb76207adcc4147677de90839232a14561e5cfb58a9e91a7554dbd02744 0.0s done
#16 exporting attestation manifest sha256:3ddadf952ada6e8dfb56af79e1cdf781639934e485077a35b522d56c9f6d1804 0.0s done
#16 exporting manifest list sha256:850006ecd6d65bf6e3ba205a801305face452bac81c011deb2dbad4dd75d19f2
#16 exporting manifest list sha256:850006ecd6d65bf6e3ba205a801305face452bac81c011deb2dbad4dd75d19f2 0.0s done
#16 naming to docker.io/library/vreid-api:1.1 done
#16 unpacking to docker.io/library/vreid-api:1.1
#16 unpacking to docker.io/library/vreid-api:1.1 3.8s done
#16 DONE 11.9s

View build details: docker-desktop://dashboard/build/desktop-linux/desktop-linux/rzbbed1f8m1to4bkq1jp3he2c
#0 building with "desktop-linux" instance using docker driver

#1 [internal] load build definition from Dockerfile
#1 DONE 0.0s

#1 [internal] load build definition from Dockerfile
#1 transferring dockerfile: 706B done
#1 DONE 0.0s

#2 [internal] load metadata for docker.io/library/nginx:1.27.4-alpine
#2 DONE 0.1s

#3 [internal] load .dockerignore
#3 transferring context: 641B done
#3 DONE 0.0s

#4 [1/4] FROM docker.io/library/nginx:1.27.4-alpine@sha256:4ff102c5d78d254a6f0da062b3cf39eaf07f01eec0927fd21e219d0af8bc0591
#4 resolve docker.io/library/nginx:1.27.4-alpine@sha256:4ff102c5d78d254a6f0da062b3cf39eaf07f01eec0927fd21e219d0af8bc0591 0.0s done
#4 DONE 0.0s

#5 [internal] load build context
#5 transferring context: 1.91kB 0.0s done
#5 DONE 0.0s

#6 [2/4] COPY service/static/ /usr/share/nginx/html/static/
#6 CACHED

#7 [3/4] COPY service/static/index.html /usr/share/nginx/html/index.html
#7 CACHED

#8 [4/4] COPY web/nginx.conf /etc/nginx/conf.d/default.conf
#8 CACHED

#9 exporting to image
#9 exporting layers done
#9 exporting manifest sha256:bc1ac01d31e0fc10dc5be54cc3b876aafa3b14d23a6527ddb27a52ef502940d8 done
#9 exporting config sha256:2a6bffb6f3986feaadbb2efc433a11b11749868256b5cc5662d2d22dc38a6361 done
#9 exporting attestation manifest sha256:6c9c177405390599c1473c7006b038670c3ec0d7fc723800d5050a0a7ec3f00b 0.0s done
#9 exporting manifest list sha256:04218f29182fe24da6f8d0811c2a8638899671d89477bf7b5ab9e1403d722ce1 0.0s done
#9 naming to docker.io/library/vreid-web:1.1 done
#9 unpacking to docker.io/library/vreid-web:1.1 0.0s done
#9 DONE 0.2s

View build details: docker-desktop://dashboard/build/desktop-linux/desktop-linux/ymw4s9ku4xki3aflqjtg3cuc0
[image] python 3.10.14
[image] torch              2.3.1
[image] torchvision        0.18.1
[image] timm               1.0.20
[image] numpy              1.26.4
[image] PIL                10.4.0
[image] typing_extensions  ?
[image] huggingface_hub    1.32.0
[image] safetensors        0.8.0
[image] yaml               6.0.1
[image] tqdm               4.66.5

[image] pip freeze --all (есть):
anaconda-anon-usage @ file:///croot/anaconda-anon-usage_1710965072196/work
anyio==4.4.0
archspec @ file:///croot/archspec_1709217642129/work
asttokens @ file:///opt/conda/conda-bld/asttokens_1646925590279/work
astunparse==1.6.3
attrs @ file:///croot/attrs_1695717823297/work
beautifulsoup4 @ file:///croot/beautifulsoup4-split_1681493039619/work
boltons @ file:///croot/boltons_1677628692245/work
Brotli @ file:///croot/brotli-split_1714483155106/work
certifi @ file:///croot/certifi_1707229174982/work/certifi
cffi @ file:///croot/cffi_1714483155441/work
chardet @ file:///home/builder/ci_310/chardet_1640804867535/work
charset-normalizer @ file:///tmp/build/80754af9/charset-normalizer_1630003229654/work
click==8.5.0
conda @ file:///croot/conda_1689269889729/work
conda-build @ file:///croot/conda-build_1710789183177/work
conda-content-trust @ file:///croot/conda-content-trust_1714483159009/work
conda-libmamba-solver @ file:///croot/conda-libmamba-solver_1691418897561/work/src
conda-package-handling @ file:///croot/conda-package-handling_1714483155348/work
conda_index @ file:///croot/conda-index_1706633791028/work
conda_package_streaming @ file:///croot/conda-package-streaming_1690987966409/work
cryptography @ file:///croot/cryptography_1714660666131/work
decorator @ file:///opt/conda/conda-bld/decorator_1643638310831/work
distro @ file:///croot/distro_1714488253808/work
dnspython==2.6.1
exceptiongroup @ file:///croot/exceptiongroup_1706031385326/work
executing @ file:///opt/conda/conda-bld/executing_1646925071911/work
expecttest==0.2.1
filelock @ file:///croot/filelock_1700591183607/work
frozendict @ file:///croot/frozendict_1713194832637/work
fsspec==2024.6.0
gmpy2 @ file:///tmp/build/80754af9/gmpy2_1645455533097/work
h11==0.16.0
hf-xet==1.6.0
httpcore==1.0.9
httpx==0.28.1
huggingface_hub==1.32.0
hypothesis==6.103.0
idna @ file:///croot/idna_1714398848350/work
ipython @ file:///croot/ipython_1704833016303/work
jedi @ file:///tmp/build/80754af9/jedi_1644315229345/work
Jinja2 @ file:///croot/jinja2_1716993405101/work
jsonpatch @ file:///croot/jsonpatch_1714483231291/work
jsonpointer==2.1
jsonschema @ file:///croot/jsonschema_1699041609003/work
jsonschema-specifications @ file:///croot/jsonschema-specifications_1699032386549/work
lark==1.1.9
libarchive-c @ file:///tmp/build/80754af9/python-libarchive-c_1617780486945/work
libmambapy @ file:///croot/mamba-split_1714483352891/work/libmambapy
MarkupSafe @ file:///croot/markupsafe_1704205993651/work
matplotlib-inline @ file:///opt/conda/conda-bld/matplotlib-inline_1662014470464/work
menuinst @ file:///croot/menuinst_1716404372721/work
mkl-fft @ file:///croot/mkl_fft_1695058164594/work
mkl-random @ file:///croot/mkl_random_1695059800811/work
mkl-service==2.4.0
more-itertools @ file:///croot/more-itertools_1700662129964/work
mpmath @ file:///croot/mpmath_1690848262763/work
networkx @ file:///croot/networkx_1717597493534/work
numpy @ file:///croot/numpy_and_numpy_base_1708638617955/work/dist/numpy-1.26.4-cp310-cp310-linux_x86_64.whl#sha256=d8cd837ed43e87f77e6efaa08e8de927ca030a1c9c5d04624432d6fb9a74a5ee
optree==0.11.0
packaging @ file:///croot/packaging_1710807400464/work
parso @ file:///opt/conda/conda-bld/parso_1641458642106/work
pexpect @ file:///tmp/build/80754af9/pexpect_1605563209008/work
pillow==10.4.0
pip==24.0
pkginfo @ file:///croot/pkginfo_1715695984887/work
platformdirs @ file:///croot/platformdirs_1692205439124/work
pluggy @ file:///tmp/build/80754af9/pluggy_1648024709248/work
prompt-toolkit @ file:///croot/prompt-toolkit_1704404351921/work
psutil @ file:///opt/conda/conda-bld/psutil_1656431268089/work
ptyprocess @ file:///tmp/build/80754af9/ptyprocess_1609355006118/work/dist/ptyprocess-0.7.0-py2.py3-none-any.whl
pure-eval @ file:///opt/conda/conda-bld/pure_eval_1646925070566/work
pycosat @ file:///croot/pycosat_1714510623388/work
pycparser @ file:///tmp/build/80754af9/pycparser_1636541352034/work
Pygments @ file:///croot/pygments_1684279966437/work
pyOpenSSL @ file:///croot/pyopenssl_1708380408460/work
PySocks @ file:///home/builder/ci_310/pysocks_1640793678128/work
python-etcd==0.4.5
pytz @ file:///croot/pytz_1713974312559/work
PyYAML @ file:///croot/pyyaml_1698096049011/work
referencing @ file:///croot/referencing_1699012038513/work
requests @ file:///croot/requests_1716902831423/work
rpds-py @ file:///croot/rpds-py_1698945930462/work
ruamel.yaml @ file:///croot/ruamel.yaml_1666304550667/work
ruamel.yaml.clib @ file:///croot/ruamel.yaml.clib_1666302247304/work
safetensors==0.8.0
setuptools==69.5.1
six @ file:///tmp/build/80754af9/six_1644875935023/work
sniffio==1.3.1
sortedcontainers==2.4.0
soupsieve @ file:///croot/soupsieve_1696347547217/work
stack-data @ file:///opt/conda/conda-bld/stack_data_1646927590127/work
sympy==1.12.1
timm==1.0.20
tomli @ file:///opt/conda/conda-bld/tomli_1657175507142/work
toolz @ file:///croot/toolz_1667464077321/work
torch==2.3.1
torchaudio==2.3.1
torchelastic==0.2.2
torchvision==0.18.1
tqdm==4.66.5
traitlets @ file:///croot/traitlets_1671143879854/work
triton==2.3.1
truststore @ file:///croot/truststore_1695244293384/work
types-dataclasses==0.6.6
typing_extensions @ file:///croot/typing_extensions_1715268824938/work
urllib3 @ file:///croot/urllib3_1715635851070/work
wcwidth @ file:///Users/ktietz/demo/mc3/conda-bld/wcwidth_1629357192024/work
wheel==0.43.0
zstandard @ file:///croot/zstandard_1714677652653/work

[image] веса: {"files": [{"path": "model.pt", "bytes": 171995879, "sha256": "608042f64c259b97590e57b81f6c03e7143fba43d9a9c320b4a2a346e9f5fd1c"}], "total_bytes": 171995879, "limit_bytes": 2000000000}
[predict] рецепт: порог=0.5500 по «top1», TTA flip=False, быстрый декод=True, DBA k=0, k-reciprocal=True (6/2)
[predict] запросов 1110, галерея 750
[models] ft:release: vit_base_patch14_dinov2.lvd142m, D=1536, input=336, device=cuda

extract[query]:   0%|          | 0/35 [00:00<?, ?batch/s]
extract[query]:   3%|▎         | 1/35 [00:27<15:31, 27.39s/batch]
extract[query]:   6%|▌         | 2/35 [00:27<06:14, 11.36s/batch]
extract[query]:   9%|▊         | 3/35 [00:27<03:19,  6.24s/batch]
extract[query]:  11%|█▏        | 4/35 [00:27<01:58,  3.83s/batch]
extract[query]:  14%|█▍        | 5/35 [00:27<01:14,  2.50s/batch]
extract[query]:  17%|█▋        | 6/35 [00:28<00:49,  1.70s/batch]
extract[query]:  20%|██        | 7/35 [00:28<00:33,  1.19s/batch]
extract[query]:  23%|██▎       | 8/35 [00:30<00:42,  1.58s/batch]
extract[query]:  26%|██▌       | 9/35 [00:30<00:29,  1.13s/batch]
extract[query]:  29%|██▊       | 10/35 [00:30<00:20,  1.22batch/s]
extract[query]:  31%|███▏      | 11/35 [00:31<00:14,  1.64batch/s]
extract[query]:  34%|███▍      | 12/35 [00:31<00:10,  2.14batch/s]
extract[query]:  37%|███▋      | 13/35 [00:31<00:08,  2.73batch/s]
extract[query]:  40%|████      | 14/35 [00:31<00:06,  3.36batch/s]
extract[query]:  43%|████▎     | 15/35 [00:31<00:04,  4.03batch/s]
extract[query]:  46%|████▌     | 16/35 [00:34<00:22,  1.19s/batch]
extract[query]:  49%|████▊     | 17/35 [00:35<00:15,  1.14batch/s]
extract[query]:  51%|█████▏    | 18/35 [00:35<00:11,  1.53batch/s]
extract[query]:  54%|█████▍    | 19/35 [00:35<00:07,  2.01batch/s]
extract[query]:  57%|█████▋    | 20/35 [00:35<00:05,  2.57batch/s]
extract[query]:  60%|██████    | 21/35 [00:35<00:04,  3.20batch/s]
extract[query]:  63%|██████▎   | 22/35 [00:35<00:03,  3.85batch/s]
extract[query]:  66%|██████▌   | 23/35 [00:35<00:02,  4.50batch/s]
extract[query]:  69%|██████▊   | 24/35 [00:37<00:05,  1.88batch/s]
extract[query]:  71%|███████▏  | 25/35 [00:37<00:04,  2.43batch/s]
extract[query]:  74%|███████▍  | 26/35 [00:37<00:02,  3.03batch/s]
extract[query]:  77%|███████▋  | 27/35 [00:37<00:02,  3.68batch/s]
extract[query]:  80%|████████  | 28/35 [00:37<00:01,  4.32batch/s]
extract[query]:  83%|████████▎ | 29/35 [00:37<00:01,  4.94batch/s]
extract[query]:  86%|████████▌ | 30/35 [00:37<00:00,  5.49batch/s]
extract[query]:  89%|████████▊ | 31/35 [00:38<00:00,  5.87batch/s]
extract[query]:  91%|█████████▏| 32/35 [00:38<00:00,  6.26batch/s]
extract[query]:  94%|█████████▍| 33/35 [00:38<00:00,  6.54batch/s]
extract[query]:  97%|█████████▋| 34/35 [00:38<00:00,  6.78batch/s]
extract[query]: 100%|██████████| 35/35 [00:40<00:00,  1.15s/batch]
[extract] query: 36.3 мс/кроп всего = 5.0 сеть + 31.4 чтение кадров с диска

extract[gallery]:   0%|          | 0/24 [00:00<?, ?batch/s]
extract[gallery]:   4%|▍         | 1/24 [00:24<09:18, 24.28s/batch]
extract[gallery]:   8%|▊         | 2/24 [00:24<03:41, 10.08s/batch]
extract[gallery]:  12%|█▎        | 3/24 [00:24<01:56,  5.54s/batch]
extract[gallery]:  17%|█▋        | 4/24 [00:24<01:08,  3.41s/batch]
extract[gallery]:  21%|██        | 5/24 [00:24<00:42,  2.23s/batch]
extract[gallery]:  25%|██▌       | 6/24 [00:24<00:27,  1.52s/batch]
extract[gallery]:  29%|██▉       | 7/24 [00:25<00:18,  1.07s/batch]
extract[gallery]:  33%|███▎      | 8/24 [00:27<00:22,  1.42s/batch]
extract[gallery]:  38%|███▊      | 9/24 [00:27<00:15,  1.02s/batch]
extract[gallery]:  42%|████▏     | 10/24 [00:27<00:10,  1.34batch/s]
extract[gallery]:  46%|████▌     | 11/24 [00:27<00:07,  1.78batch/s]
extract[gallery]:  50%|█████     | 12/24 [00:27<00:05,  2.31batch/s]
extract[gallery]:  54%|█████▍    | 13/24 [00:27<00:03,  2.92batch/s]
extract[gallery]:  58%|█████▊    | 14/24 [00:28<00:02,  3.56batch/s]
extract[gallery]:  62%|██████▎   | 15/24 [00:28<00:02,  4.23batch/s]
extract[gallery]:  67%|██████▋   | 16/24 [00:28<00:01,  4.84batch/s]
extract[gallery]:  71%|███████   | 17/24 [00:28<00:01,  5.41batch/s]
extract[gallery]:  75%|███████▌  | 18/24 [00:28<00:01,  5.88batch/s]
extract[gallery]:  79%|███████▉  | 19/24 [00:28<00:00,  6.19batch/s]
extract[gallery]:  83%|████████▎ | 20/24 [00:28<00:00,  6.51batch/s]
extract[gallery]:  88%|████████▊ | 21/24 [00:29<00:00,  6.73batch/s]
extract[gallery]:  92%|█████████▏| 22/24 [00:29<00:00,  6.93batch/s]
extract[gallery]:  96%|█████████▌| 23/24 [00:29<00:00,  7.03batch/s]
extract[gallery]: 100%|██████████| 24/24 [00:31<00:00,  1.29s/batch]
[extract] gallery: 41.4 мс/кроп всего = 4.3 сеть + 37.1 чтение кадров с диска
[predict] эмбеддинги: 1860 кропов за 71.4 с = 26.1 кроп/с
[submit] embeddings.npy (1860, 1536) → submission\embeddings.npy
[submit] submission.csv (1110 запросов, top-10) → submission\submission.csv
[submit] candidates.csv: отказов 69/1110 → submission\candidates.csv
[predict] готово за 81.0 с → submission
[W920 23:16:22.000000000 CudaIPCTypes.cpp:16] Producer process has been terminated before all shared CUDA tensors released. See Note [Sharing CUDA tensors]
[check] test_query 1110 строк, test_gallery 750
[check] embeddings.npy (1860, 1536) float32
[check] норма строк: мин 1.0000, макс 1.0000
[check] submission.csv: заголовок 11 столбцов, строк 1110
[check] candidates.csv: строк 1041, отвечено 1041, отказов 69 (6.2%), запросов с >1 строкой: 0

[check] все три файла по форме в порядке
запросов 1110, галерея 750, k-reciprocal=True (6/2)
второй прогон: 666 запросов из 1110 в другом порядке
топ-10 совпал у 666/666 запросов

ВЫВОД: запросы независимы — удаление и перестановка остальных не меняют выдачу
1. дубликаты в галерее: топ-10 СОВПАЛ, макс. расхождение расстояний 0.000e+00
   один:          [0, 1, 2, 3, 10, 17, 6, 19, 14, 9]
   +15 чужих:     [0, 1, 2, 3, 10, 17, 6, 19, 14, 9]
2. перестановка чужих запросов: топ-10 СОВПАЛ, макс. расхождение 0.000e+00
3. пачки 1/3/7/16 против одного куска: макс. расхождение 0.000e+00

ВЫВОД: запросы независимы и на точных ничьих, и при любом размере пачки
[submit] submission.csv (1110 запросов, top-10) → results\cached_replay.json\submission.csv
[submit] candidates.csv: отказов 69/1110 → results\cached_replay.json\candidates.csv
{"n_query": 1110, "n_gallery": 750, "embeddings_sha256": "ffcea632e4f4050140fcde81cd48a9c38a759c04f54b20295100024377eb12fe", "recipe_sha256": "0695be5c170af994e0298ee54fd6def1095a5c12400b13d2ccaaca14c6f1cf9e", "top1_changes": 0, "changed_rank_cells": 0, "acceptance_changes": 0, "old_accepted": 1041, "new_accepted": 1041, "candidate_id_changes": 0, "scope": "Cached ranking regression only; no new extraction, accuracy or GPU performance measurement."}
[predict] рецепт: порог=0.5500 по «top1», TTA flip=False, быстрый декод=True, DBA k=0, k-reciprocal=True (6/2)
[predict] запросов 1110, галерея 750
[models] ft:release: vit_base_patch14_dinov2.lvd142m, D=1536, input=336, device=cuda

extract[query]:   0%|          | 0/35 [00:00<?, ?batch/s]
extract[query]:   3%|▎         | 1/35 [00:02<01:27,  2.57s/batch]
extract[query]:   6%|▌         | 2/35 [00:02<00:37,  1.14s/batch]
extract[query]:   9%|▊         | 3/35 [00:02<00:21,  1.48batch/s]
extract[query]:  11%|█▏        | 4/35 [00:02<00:14,  2.17batch/s]
extract[query]:  14%|█▍        | 5/35 [00:03<00:10,  2.94batch/s]
extract[query]:  17%|█▋        | 6/35 [00:03<00:07,  3.73batch/s]
extract[query]:  20%|██        | 7/35 [00:03<00:06,  4.47batch/s]
extract[query]:  23%|██▎       | 8/35 [00:03<00:05,  5.19batch/s]
extract[query]:  26%|██▌       | 9/35 [00:03<00:04,  5.79batch/s]
extract[query]:  29%|██▊       | 10/35 [00:03<00:03,  6.27batch/s]
extract[query]:  31%|███▏      | 11/35 [00:03<00:03,  6.67batch/s]
extract[query]:  34%|███▍      | 12/35 [00:03<00:03,  7.02batch/s]
extract[query]:  37%|███▋      | 13/35 [00:04<00:03,  7.28batch/s]
extract[query]:  40%|████      | 14/35 [00:04<00:03,  5.41batch/s]
extract[query]:  43%|████▎     | 15/35 [00:04<00:03,  5.47batch/s]
extract[query]:  46%|████▌     | 16/35 [00:04<00:03,  4.90batch/s]
extract[query]:  49%|████▊     | 17/35 [00:04<00:03,  5.50batch/s]
extract[query]:  51%|█████▏    | 18/35 [00:05<00:03,  4.87batch/s]
extract[query]:  54%|█████▍    | 19/35 [00:05<00:03,  4.53batch/s]
extract[query]:  57%|█████▋    | 20/35 [00:05<00:03,  4.45batch/s]
extract[query]:  60%|██████    | 21/35 [00:05<00:02,  5.13batch/s]
extract[query]:  63%|██████▎   | 22/35 [00:06<00:02,  4.84batch/s]
extract[query]:  66%|██████▌   | 23/35 [00:06<00:02,  4.32batch/s]
extract[query]:  69%|██████▊   | 24/35 [00:06<00:02,  4.18batch/s]
extract[query]:  71%|███████▏  | 25/35 [00:06<00:02,  4.86batch/s]
extract[query]:  74%|███████▍  | 26/35 [00:06<00:01,  4.88batch/s]
extract[query]:  77%|███████▋  | 27/35 [00:07<00:01,  4.41batch/s]
extract[query]:  80%|████████  | 28/35 [00:07<00:01,  4.18batch/s]
extract[query]:  83%|████████▎ | 29/35 [00:07<00:01,  4.86batch/s]
extract[query]:  86%|████████▌ | 30/35 [00:07<00:00,  5.14batch/s]
extract[query]:  89%|████████▊ | 31/35 [00:08<00:00,  4.72batch/s]
extract[query]:  91%|█████████▏| 32/35 [00:08<00:00,  4.54batch/s]
extract[query]:  94%|█████████▍| 33/35 [00:08<00:00,  5.21batch/s]
extract[query]:  97%|█████████▋| 34/35 [00:08<00:00,  5.12batch/s]
extract[query]: 100%|██████████| 35/35 [00:08<00:00,  4.01batch/s]
[extract] query: 7.9 мс/кроп всего = 5.0 сеть + 2.8 чтение кадров с диска

extract[gallery]:   0%|          | 0/24 [00:00<?, ?batch/s]
extract[gallery]:   4%|▍         | 1/24 [00:01<00:27,  1.18s/batch]
extract[gallery]:   8%|▊         | 2/24 [00:01<00:12,  1.79batch/s]
extract[gallery]:  12%|█▎        | 3/24 [00:01<00:07,  2.77batch/s]
extract[gallery]:  17%|█▋        | 4/24 [00:01<00:05,  3.69batch/s]
extract[gallery]:  21%|██        | 5/24 [00:01<00:06,  3.11batch/s]
extract[gallery]:  25%|██▌       | 6/24 [00:02<00:04,  3.91batch/s]
extract[gallery]:  29%|██▉       | 7/24 [00:02<00:03,  4.68batch/s]
extract[gallery]:  33%|███▎      | 8/24 [00:02<00:02,  5.38batch/s]
extract[gallery]:  38%|███▊      | 9/24 [00:02<00:03,  4.19batch/s]
extract[gallery]:  42%|████▏     | 10/24 [00:02<00:02,  4.89batch/s]
extract[gallery]:  46%|████▌     | 11/24 [00:02<00:02,  5.54batch/s]
extract[gallery]:  50%|█████     | 12/24 [00:03<00:01,  6.10batch/s]
extract[gallery]:  54%|█████▍    | 13/24 [00:03<00:02,  4.08batch/s]
extract[gallery]:  58%|█████▊    | 14/24 [00:03<00:02,  4.77batch/s]
extract[gallery]:  62%|██████▎   | 15/24 [00:03<00:01,  5.40batch/s]
extract[gallery]:  67%|██████▋   | 16/24 [00:03<00:01,  5.99batch/s]
extract[gallery]:  71%|███████   | 17/24 [00:04<00:01,  3.94batch/s]
extract[gallery]:  75%|███████▌  | 18/24 [00:04<00:01,  4.63batch/s]
extract[gallery]:  79%|███████▉  | 19/24 [00:04<00:00,  5.27batch/s]
extract[gallery]:  83%|████████▎ | 20/24 [00:04<00:00,  5.86batch/s]
extract[gallery]:  88%|████████▊ | 21/24 [00:05<00:00,  4.08batch/s]
extract[gallery]:  92%|█████████▏| 22/24 [00:05<00:00,  4.78batch/s]
extract[gallery]:  96%|█████████▌| 23/24 [00:05<00:00,  5.43batch/s]
extract[gallery]: 100%|██████████| 24/24 [00:05<00:00,  4.35batch/s]
[extract] gallery: 7.4 мс/кроп всего = 4.0 сеть + 3.4 чтение кадров с диска
[predict] эмбеддинги: 1860 кропов за 14.3 с = 130.4 кроп/с
[submit] embeddings.npy (1860, 1536) → /out/embeddings.npy
[submit] submission.csv (1110 запросов, top-10) → /out/submission.csv
[submit] candidates.csv: отказов 69/1110 → /out/candidates.csv
[predict] готово за 23.4 с → /out
[predict] рецепт: порог=0.5500 по «top1», TTA flip=False, быстрый декод=True, DBA k=0, k-reciprocal=True (6/2)
[predict] запросов 1110, галерея 750
[models] ft:release: vit_base_patch14_dinov2.lvd142m, D=1536, input=336, device=cuda

extract[query]:   0%|          | 0/35 [00:00<?, ?batch/s]
extract[query]:   3%|▎         | 1/35 [00:02<01:18,  2.32s/batch]
extract[query]:   6%|▌         | 2/35 [00:02<00:34,  1.03s/batch]
extract[query]:   9%|▊         | 3/35 [00:02<00:19,  1.62batch/s]
extract[query]:  11%|█▏        | 4/35 [00:02<00:13,  2.36batch/s]
extract[query]:  14%|█▍        | 5/35 [00:02<00:09,  3.14batch/s]
extract[query]:  17%|█▋        | 6/35 [00:02<00:07,  3.95batch/s]
extract[query]:  20%|██        | 7/35 [00:03<00:05,  4.70batch/s]
extract[query]:  23%|██▎       | 8/35 [00:03<00:05,  5.39batch/s]
extract[query]:  26%|██▌       | 9/35 [00:03<00:04,  5.99batch/s]
extract[query]:  29%|██▊       | 10/35 [00:03<00:03,  6.43batch/s]
extract[query]:  31%|███▏      | 11/35 [00:03<00:03,  6.81batch/s]
extract[query]:  34%|███▍      | 12/35 [00:03<00:03,  7.10batch/s]
extract[query]:  37%|███▋      | 13/35 [00:03<00:03,  7.28batch/s]
extract[query]:  40%|████      | 14/35 [00:04<00:03,  5.51batch/s]
extract[query]:  43%|████▎     | 15/35 [00:04<00:03,  5.84batch/s]
extract[query]:  46%|████▌     | 16/35 [00:04<00:03,  5.81batch/s]
extract[query]:  49%|████▊     | 17/35 [00:04<00:02,  6.32batch/s]
extract[query]:  51%|█████▏    | 18/35 [00:04<00:03,  4.89batch/s]
extract[query]:  54%|█████▍    | 19/35 [00:05<00:03,  4.74batch/s]
extract[query]:  57%|█████▋    | 20/35 [00:05<00:02,  5.38batch/s]
extract[query]:  60%|██████    | 21/35 [00:05<00:02,  5.81batch/s]
extract[query]:  63%|██████▎   | 22/35 [00:05<00:02,  4.60batch/s]
extract[query]:  66%|██████▌   | 23/35 [00:05<00:02,  4.65batch/s]
extract[query]:  69%|██████▊   | 24/35 [00:06<00:02,  4.99batch/s]
extract[query]:  71%|███████▏  | 25/35 [00:06<00:01,  5.61batch/s]
extract[query]:  74%|███████▍  | 26/35 [00:06<00:02,  4.36batch/s]
extract[query]:  77%|███████▋  | 27/35 [00:06<00:01,  4.91batch/s]
extract[query]:  80%|████████  | 28/35 [00:06<00:01,  4.88batch/s]
extract[query]:  83%|████████▎ | 29/35 [00:07<00:01,  5.42batch/s]
extract[query]:  86%|████████▌ | 30/35 [00:07<00:01,  4.14batch/s]
extract[query]:  89%|████████▊ | 31/35 [00:07<00:00,  4.79batch/s]
extract[query]:  91%|█████████▏| 32/35 [00:07<00:00,  5.25batch/s]
extract[query]:  94%|█████████▍| 33/35 [00:07<00:00,  5.31batch/s]
extract[query]:  97%|█████████▋| 34/35 [00:08<00:00,  4.51batch/s]
extract[query]: 100%|██████████| 35/35 [00:08<00:00,  4.21batch/s]
[extract] query: 7.5 мс/кроп всего = 4.8 сеть + 2.7 чтение кадров с диска

extract[gallery]:   0%|          | 0/24 [00:00<?, ?batch/s]
extract[gallery]:   4%|▍         | 1/24 [00:01<00:30,  1.33s/batch]
extract[gallery]:   8%|▊         | 2/24 [00:01<00:13,  1.60batch/s]
extract[gallery]:  12%|█▎        | 3/24 [00:01<00:08,  2.52batch/s]
extract[gallery]:  17%|█▋        | 4/24 [00:01<00:05,  3.45batch/s]
extract[gallery]:  21%|██        | 5/24 [00:02<00:06,  2.87batch/s]
extract[gallery]:  25%|██▌       | 6/24 [00:02<00:04,  3.66batch/s]
extract[gallery]:  29%|██▉       | 7/24 [00:02<00:03,  4.44batch/s]
extract[gallery]:  33%|███▎      | 8/24 [00:02<00:03,  5.15batch/s]
extract[gallery]:  38%|███▊      | 9/24 [00:02<00:03,  3.98batch/s]
extract[gallery]:  42%|████▏     | 10/24 [00:03<00:02,  4.70batch/s]
extract[gallery]:  46%|████▌     | 11/24 [00:03<00:02,  5.31batch/s]
extract[gallery]:  50%|█████     | 12/24 [00:03<00:02,  5.89batch/s]
extract[gallery]:  54%|█████▍    | 13/24 [00:03<00:02,  3.86batch/s]
extract[gallery]:  58%|█████▊    | 14/24 [00:03<00:02,  4.56batch/s]
extract[gallery]:  62%|██████▎   | 15/24 [00:04<00:01,  5.23batch/s]
extract[gallery]:  67%|██████▋   | 16/24 [00:04<00:01,  5.75batch/s]
extract[gallery]:  71%|███████   | 17/24 [00:04<00:01,  3.81batch/s]
extract[gallery]:  75%|███████▌  | 18/24 [00:04<00:01,  4.36batch/s]
extract[gallery]:  79%|███████▉  | 19/24 [00:04<00:00,  5.05batch/s]
extract[gallery]:  83%|████████▎ | 20/24 [00:05<00:00,  5.68batch/s]
extract[gallery]:  88%|████████▊ | 21/24 [00:05<00:00,  4.19batch/s]
extract[gallery]:  92%|█████████▏| 22/24 [00:05<00:00,  4.88batch/s]
extract[gallery]:  96%|█████████▌| 23/24 [00:05<00:00,  5.53batch/s]
extract[gallery]: 100%|██████████| 24/24 [00:05<00:00,  4.16batch/s]
[extract] gallery: 7.7 мс/кроп всего = 4.0 сеть + 3.7 чтение кадров с диска
[predict] эмбеддинги: 1860 кропов за 14.1 с = 132.0 кроп/с
[submit] embeddings.npy (1860, 1536) → /out/embeddings.npy
[submit] submission.csv (1110 запросов, top-10) → /out/submission.csv
[submit] candidates.csv: отказов 69/1110 → /out/candidates.csv
[predict] готово за 23.4 с → /out
candidates: строк 1041 и 1041, отвеченных запросов 1041 и 1041
  пары (query, gallery) совпадают: 1041/1041
  уверенность: среднее расхождение 0.00e+00, максимум 0.00e+00
submission: top-1 совпадает у 1110/1110 запросов, различается ячеек 0
embeddings: форма (1860, 1536), среднее расхождение 0.00e+00, максимум 0.00e+00, минимальный косинус 1.000000

ВЫВОД: проверенные файлы совпали по указанным проверкам; accuracy без меток не измерялась
[predict] рецепт: порог=0.5500 по «top1», TTA flip=False, быстрый декод=True, DBA k=0, k-reciprocal=True (6/2)
[predict] запросов 1110, галерея 750
[models] ft:release: vit_base_patch14_dinov2.lvd142m, D=1536, input=336, device=cuda

extract[query]:   0%|          | 0/35 [00:00<?, ?batch/s]
extract[query]:   3%|▎         | 1/35 [00:02<01:20,  2.36s/batch]
extract[query]:   6%|▌         | 2/35 [00:02<00:34,  1.05s/batch]
extract[query]:   9%|▊         | 3/35 [00:02<00:20,  1.59batch/s]
extract[query]:  11%|█▏        | 4/35 [00:02<00:13,  2.32batch/s]
extract[query]:  14%|█▍        | 5/35 [00:02<00:09,  3.11batch/s]
extract[query]:  17%|█▋        | 6/35 [00:03<00:07,  3.91batch/s]
extract[query]:  20%|██        | 7/35 [00:03<00:05,  4.68batch/s]
extract[query]:  23%|██▎       | 8/35 [00:03<00:05,  5.36batch/s]
extract[query]:  26%|██▌       | 9/35 [00:03<00:04,  5.96batch/s]
extract[query]:  29%|██▊       | 10/35 [00:03<00:03,  6.46batch/s]
extract[query]:  31%|███▏      | 11/35 [00:03<00:03,  6.72batch/s]
extract[query]:  34%|███▍      | 12/35 [00:03<00:03,  7.04batch/s]
extract[query]:  37%|███▋      | 13/35 [00:03<00:03,  7.28batch/s]
extract[query]:  40%|████      | 14/35 [00:04<00:03,  5.42batch/s]
extract[query]:  43%|████▎     | 15/35 [00:04<00:03,  5.24batch/s]
extract[query]:  46%|████▌     | 16/35 [00:04<00:03,  5.83batch/s]
extract[query]:  49%|████▊     | 17/35 [00:04<00:02,  6.25batch/s]
extract[query]:  51%|█████▏    | 18/35 [00:04<00:03,  4.87batch/s]
extract[query]:  54%|█████▍    | 19/35 [00:05<00:03,  4.38batch/s]
extract[query]:  57%|█████▋    | 20/35 [00:05<00:02,  5.06batch/s]
extract[query]:  60%|██████    | 21/35 [00:05<00:02,  5.68batch/s]
extract[query]:  63%|██████▎   | 22/35 [00:05<00:02,  4.78batch/s]
extract[query]:  66%|██████▌   | 23/35 [00:06<00:02,  4.14batch/s]
extract[query]:  69%|██████▊   | 24/35 [00:06<00:02,  4.83batch/s]
extract[query]:  71%|███████▏  | 25/35 [00:06<00:01,  5.45batch/s]
extract[query]:  74%|███████▍  | 26/35 [00:06<00:01,  4.80batch/s]
extract[query]:  77%|███████▋  | 27/35 [00:06<00:01,  4.20batch/s]
extract[query]:  80%|████████  | 28/35 [00:07<00:01,  4.90batch/s]
extract[query]:  83%|████████▎ | 29/35 [00:07<00:01,  5.54batch/s]
extract[query]:  86%|████████▌ | 30/35 [00:07<00:01,  4.79batch/s]
extract[query]:  89%|████████▊ | 31/35 [00:07<00:00,  4.33batch/s]
extract[query]:  91%|█████████▏| 32/35 [00:07<00:00,  5.01batch/s]
extract[query]:  94%|█████████▍| 33/35 [00:08<00:00,  5.59batch/s]
extract[query]:  97%|█████████▋| 34/35 [00:08<00:00,  4.89batch/s]
extract[query]: 100%|██████████| 35/35 [00:08<00:00,  4.17batch/s]
[extract] query: 7.6 мс/кроп всего = 4.9 сеть + 2.6 чтение кадров с диска

extract[gallery]:   0%|          | 0/24 [00:00<?, ?batch/s]
extract[gallery]:   4%|▍         | 1/24 [00:01<00:26,  1.16s/batch]
extract[gallery]:   8%|▊         | 2/24 [00:01<00:12,  1.80batch/s]
extract[gallery]:  12%|█▎        | 3/24 [00:01<00:07,  2.77batch/s]
extract[gallery]:  17%|█▋        | 4/24 [00:01<00:05,  3.72batch/s]
extract[gallery]:  21%|██        | 5/24 [00:02<00:06,  2.90batch/s]
extract[gallery]:  25%|██▌       | 6/24 [00:02<00:04,  3.70batch/s]
extract[gallery]:  29%|██▉       | 7/24 [00:02<00:03,  4.42batch/s]
extract[gallery]:  33%|███▎      | 8/24 [00:02<00:03,  5.16batch/s]
extract[gallery]:  38%|███▊      | 9/24 [00:02<00:03,  3.91batch/s]
extract[gallery]:  42%|████▏     | 10/24 [00:02<00:03,  4.62batch/s]
extract[gallery]:  46%|████▌     | 11/24 [00:03<00:02,  5.30batch/s]
extract[gallery]:  50%|█████     | 12/24 [00:03<00:02,  5.87batch/s]
extract[gallery]:  54%|█████▍    | 13/24 [00:03<00:02,  4.07batch/s]
extract[gallery]:  58%|█████▊    | 14/24 [00:03<00:02,  4.77batch/s]
extract[gallery]:  62%|██████▎   | 15/24 [00:03<00:01,  5.40batch/s]
extract[gallery]:  67%|██████▋   | 16/24 [00:03<00:01,  5.97batch/s]
extract[gallery]:  71%|███████   | 17/24 [00:04<00:01,  4.17batch/s]
extract[gallery]:  75%|███████▌  | 18/24 [00:04<00:01,  4.85batch/s]
extract[gallery]:  79%|███████▉  | 19/24 [00:04<00:00,  5.49batch/s]
extract[gallery]:  83%|████████▎ | 20/24 [00:04<00:00,  6.06batch/s]
extract[gallery]:  88%|████████▊ | 21/24 [00:05<00:00,  4.15batch/s]
extract[gallery]:  92%|█████████▏| 22/24 [00:05<00:00,  4.81batch/s]
extract[gallery]:  96%|█████████▌| 23/24 [00:05<00:00,  5.45batch/s]
extract[gallery]: 100%|██████████| 24/24 [00:05<00:00,  4.32batch/s]
[extract] gallery: 7.4 мс/кроп всего = 4.0 сеть + 3.4 чтение кадров с диска
[predict] эмбеддинги: 1860 кропов за 14.0 с = 133.3 кроп/с
[submit] embeddings.npy (1860, 1536) → /out/embeddings.npy
[submit] submission.csv (1110 запросов, top-10) → /out/submission.csv
[submit] candidates.csv: отказов 69/1110 → /out/candidates.csv
[predict] готово за 23.1 с → /out
candidates: строк 1041 и 1041, отвеченных запросов 1041 и 1041
  пары (query, gallery) совпадают: 1041/1041
  уверенность: среднее расхождение 0.00e+00, максимум 0.00e+00
submission: top-1 совпадает у 1110/1110 запросов, различается ячеек 0
embeddings: форма (1860, 1536), среднее расхождение 0.00e+00, максимум 0.00e+00, минимальный косинус 1.000000

ВЫВОД: проверенные файлы совпали по указанным проверкам; accuracy без меток не измерялась
[predict] рецепт: порог=0.5500 по «top1», TTA flip=False, быстрый декод=True, DBA k=0, k-reciprocal=True (6/2)
[predict] запросов 1110, галерея 750
[models] ft:release: vit_base_patch14_dinov2.lvd142m, D=1536, input=336, device=cuda
[predict] /dev/shm всего 64 МБ, для 4 воркеров нужно ~459 МБ → работаю без воркеров (медленнее). Быстрее: docker run --shm-size=2g ...

extract[query]:   0%|          | 0/35 [00:00<?, ?batch/s]
extract[query]:   3%|▎         | 1/35 [00:01<00:51,  1.53s/batch]
extract[query]:   6%|▌         | 2/35 [00:02<00:38,  1.15s/batch]
extract[query]:   9%|▊         | 3/35 [00:03<00:32,  1.01s/batch]
extract[query]:  11%|█▏        | 4/35 [00:04<00:29,  1.06batch/s]
extract[query]:  14%|█▍        | 5/35 [00:04<00:27,  1.10batch/s]
extract[query]:  17%|█▋        | 6/35 [00:05<00:25,  1.14batch/s]
extract[query]:  20%|██        | 7/35 [00:06<00:24,  1.15batch/s]
extract[query]:  23%|██▎       | 8/35 [00:07<00:23,  1.14batch/s]
extract[query]:  26%|██▌       | 9/35 [00:08<00:22,  1.13batch/s]
extract[query]:  29%|██▊       | 10/35 [00:09<00:21,  1.15batch/s]
extract[query]:  31%|███▏      | 11/35 [00:10<00:20,  1.16batch/s]
extract[query]:  34%|███▍      | 12/35 [00:10<00:19,  1.16batch/s]
extract[query]:  37%|███▋      | 13/35 [00:11<00:18,  1.21batch/s]
extract[query]:  40%|████      | 14/35 [00:12<00:17,  1.22batch/s]
extract[query]:  43%|████▎     | 15/35 [00:13<00:16,  1.21batch/s]
extract[query]:  46%|████▌     | 16/35 [00:14<00:15,  1.21batch/s]
extract[query]:  49%|████▊     | 17/35 [00:14<00:14,  1.22batch/s]
extract[query]:  51%|█████▏    | 18/35 [00:15<00:13,  1.24batch/s]
extract[query]:  54%|█████▍    | 19/35 [00:16<00:13,  1.22batch/s]
extract[query]:  57%|█████▋    | 20/35 [00:17<00:12,  1.24batch/s]
extract[query]:  60%|██████    | 21/35 [00:18<00:11,  1.23batch/s]
extract[query]:  63%|██████▎   | 22/35 [00:18<00:10,  1.25batch/s]
extract[query]:  66%|██████▌   | 23/35 [00:19<00:09,  1.25batch/s]
extract[query]:  69%|██████▊   | 24/35 [00:20<00:08,  1.24batch/s]
extract[query]:  71%|███████▏  | 25/35 [00:21<00:08,  1.24batch/s]
extract[query]:  74%|███████▍  | 26/35 [00:22<00:07,  1.24batch/s]
extract[query]:  77%|███████▋  | 27/35 [00:23<00:06,  1.24batch/s]
extract[query]:  80%|████████  | 28/35 [00:23<00:05,  1.24batch/s]
extract[query]:  83%|████████▎ | 29/35 [00:24<00:04,  1.23batch/s]
extract[query]:  86%|████████▌ | 30/35 [00:25<00:04,  1.23batch/s]
extract[query]:  89%|████████▊ | 31/35 [00:26<00:03,  1.25batch/s]
extract[query]:  91%|█████████▏| 32/35 [00:27<00:02,  1.26batch/s]
extract[query]:  94%|█████████▍| 33/35 [00:27<00:01,  1.25batch/s]
extract[query]:  97%|█████████▋| 34/35 [00:28<00:00,  1.25batch/s]
extract[query]: 100%|██████████| 35/35 [00:29<00:00,  1.37batch/s]
extract[query]: 100%|██████████| 35/35 [00:29<00:00,  1.20batch/s]
[extract] query: 26.3 мс/кроп всего = 4.4 сеть + 21.9 чтение кадров с диска

extract[gallery]:   0%|          | 0/24 [00:00<?, ?batch/s]
extract[gallery]:   4%|▍         | 1/24 [00:00<00:19,  1.20batch/s]
extract[gallery]:   8%|▊         | 2/24 [00:01<00:19,  1.14batch/s]
extract[gallery]:  12%|█▎        | 3/24 [00:02<00:17,  1.18batch/s]
extract[gallery]:  17%|█▋        | 4/24 [00:03<00:16,  1.21batch/s]
extract[gallery]:  21%|██        | 5/24 [00:04<00:15,  1.21batch/s]
extract[gallery]:  25%|██▌       | 6/24 [00:05<00:15,  1.19batch/s]
extract[gallery]:  29%|██▉       | 7/24 [00:05<00:14,  1.20batch/s]
extract[gallery]:  33%|███▎      | 8/24 [00:06<00:13,  1.19batch/s]
extract[gallery]:  38%|███▊      | 9/24 [00:07<00:12,  1.22batch/s]
extract[gallery]:  42%|████▏     | 10/24 [00:08<00:11,  1.23batch/s]
extract[gallery]:  46%|████▌     | 11/24 [00:09<00:10,  1.23batch/s]
extract[gallery]:  50%|█████     | 12/24 [00:09<00:09,  1.24batch/s]
extract[gallery]:  54%|█████▍    | 13/24 [00:10<00:08,  1.24batch/s]
extract[gallery]:  58%|█████▊    | 14/24 [00:11<00:08,  1.24batch/s]
extract[gallery]:  62%|██████▎   | 15/24 [00:12<00:07,  1.24batch/s]
extract[gallery]:  67%|██████▋   | 16/24 [00:13<00:06,  1.25batch/s]
extract[gallery]:  71%|███████   | 17/24 [00:13<00:05,  1.25batch/s]
extract[gallery]:  75%|███████▌  | 18/24 [00:14<00:04,  1.23batch/s]
extract[gallery]:  79%|███████▉  | 19/24 [00:15<00:04,  1.25batch/s]
extract[gallery]:  83%|████████▎ | 20/24 [00:16<00:03,  1.25batch/s]
extract[gallery]:  88%|████████▊ | 21/24 [00:17<00:02,  1.24batch/s]
extract[gallery]:  92%|█████████▏| 22/24 [00:17<00:01,  1.26batch/s]
extract[gallery]:  96%|█████████▌| 23/24 [00:18<00:00,  1.25batch/s]
extract[gallery]: 100%|██████████| 24/24 [00:19<00:00,  1.49batch/s]
extract[gallery]: 100%|██████████| 24/24 [00:19<00:00,  1.26batch/s]
[extract] gallery: 25.4 мс/кроп всего = 4.0 сеть + 21.5 чтение кадров с диска
[predict] эмбеддинги: 1860 кропов за 48.3 с = 38.5 кроп/с
[submit] embeddings.npy (1860, 1536) → /out/embeddings.npy
[submit] submission.csv (1110 запросов, top-10) → /out/submission.csv
[submit] candidates.csv: отказов 69/1110 → /out/candidates.csv
[predict] готово за 57.3 с → /out
candidates: строк 1041 и 1041, отвеченных запросов 1041 и 1041
  пары (query, gallery) совпадают: 1041/1041
  уверенность: среднее расхождение 0.00e+00, максимум 0.00e+00
submission: top-1 совпадает у 1110/1110 запросов, различается ячеек 0
embeddings: форма (1860, 1536), среднее расхождение 0.00e+00, максимум 0.00e+00, минимальный косинус 1.000000

ВЫВОД: проверенные файлы совпали по указанным проверкам; accuracy без меток не измерялась
candidates: строк 1041 и 1041, отвеченных запросов 1041 и 1041
  пары (query, gallery) совпадают: 1041/1041
  уверенность: среднее расхождение 3.58e-05, максимум 2.70e-04
submission: top-1 совпадает у 1110/1110 запросов, различается ячеек 35
  РАСХОЖДЕНИЕ: полный top-10/порядок query не совпал; влияние на mAP требует меток
embeddings: форма (1860, 1536), среднее расхождение 2.42e-05, максимум 4.49e-04, минимальный косинус 0.999998

ВЫВОД: есть расхождения, влияющие на метрику
[check] test_query 1110 строк, test_gallery 750
[check] embeddings.npy (1860, 1536) float32
[check] норма строк: мин 1.0000, макс 1.0000
[check] submission.csv: заголовок 11 столбцов, строк 1110
[check] candidates.csv: строк 1041, отвечено 1041, отказов 69 (6.2%), запросов с >1 строкой: 0

[check] все три файла по форме в порядке
[models] ft:release: vit_base_patch14_dinov2.lvd142m, D=1536, input=336, device=cuda
[bench] веса: 1 файл(ов), 164 МБ из 2048 лимита; загрузка весов 2.7 с
[bench] 300 ТС, вход 336, устройство cuda, TTA flip=False, быстрый декод=True
[bench] из них чтение+декод+кроп+препроцессинг: 21.9 мс/ТС (одним потоком)
[bench] латентность batch=1: медиана 31.5 мс, среднее 32.1, 90% 37.5 → балл 100%
[bench] batch= 1:   85.9 кроп/с ( 11.6 мс/ТС), 900 кропов за 10.5 с в 3 прохода(х)
[bench] batch= 8:  188.7 кроп/с (  5.3 мс/ТС), 2100 кропов за 11.1 с в 7 прохода(х)
[bench] batch=16:  160.7 кроп/с (  6.2 мс/ТС), 1800 кропов за 11.2 с в 6 прохода(х)
[bench] batch=32:  121.1 кроп/с (  8.3 мс/ТС), 1500 кропов за 12.4 с в 5 прохода(х)
[bench] лучший FPS 188.7 при batch=8 → балл 100%
[bench] детерминизм двух прогонов на 64 кропах: бит в бит
[bench] пик VRAM 1456 МБ из 24576 на A5000
[bench] ИТОГО за производительность: 20.0 из 20 баллов (латентность 10.0/10, пропускная 10.0/10)
[bench] воркеров 8; у жюри 2×Xeon Gold 6338 (64 ядра) — там пакетный режим будет быстрее
[bench] → results/bench_full.json
запросов 1213; с парой 970, из них с одно-камерным дубликатом 970 (100.0%)
медиана уверенности у запросов с парой: A 0.912, B 0.517

   порог  A: как сейчас  B: без дублей   худший    E p=0.7   E p=0.85   E p=0.95
--------------------------------------------------------------------------------
  0.4000          82.41          66.55    66.55      77.65      80.03      81.62
  0.4200          85.03          67.94    67.94      79.90      82.47      84.18
  0.4400          86.96          68.40    68.40      81.39      84.17      86.03
  0.4600          88.77          67.85    67.85      82.49      85.63      87.72
  0.4800          92.56          69.67    69.67      85.69      89.13      91.41
  0.5000          93.95          68.62    68.62      86.35      90.15      92.69
  0.5200          94.95          66.79    66.79      86.50      90.73      93.54
  0.5400          95.84          64.54    64.54      86.45      91.14      94.27
  0.5600          96.33          61.24    61.24      85.80      91.06      94.57
  0.5800          96.30          57.42    57.42      84.64      90.47      94.35
  0.6000          96.66          54.39    54.39      83.98      90.32      94.55
  0.6200          96.71          50.97    50.97      82.99      89.85      94.42
  0.6400          96.63          47.96    47.96      82.03      89.33      94.20
  0.6600          96.36          45.28    45.28      81.03      88.69      93.80
  0.6800          95.96          42.11    42.11      79.80      87.88      93.26
  0.7000          95.35          39.29    39.29      78.53      86.94      92.55
--------------------------------------------------------------------------------
минимакс: порог 0.4800, худший балл 69.67
максимум ожидания при вере p=0.70: порог 0.5200, ожидание 86.50
максимум ожидания при вере p=0.85: порог 0.5500, ожидание 91.41
максимум ожидания при вере p=0.95: порог 0.5500, ожидание 94.73

[stress] → results/refusal_stress_fit.json
[submit] candidates.csv: отказов 278/1213 → results\refusal_audit_fit_frozen_recipe_candidates.csv
[submit] candidates.csv: отказов 325/1213 → results\refusal_audit_fit_selected_on_A_candidates.csv
[errors] mAP@10 73.76, rank-1 69.59
[errors] rank1_ok                     675
[errors] rank1_wrong_but_in_top10     227
[errors] miss_top10                    68
[errors] no_valid_positive            243
[errors] → E:\Хакатон\results\error_analysis.json и E:\Хакатон\docs\ERROR_ANALYSIS.md
Local diagnostic card; no official total score or A5000 result is asserted.
блок                что меряется                                                           значение           баллы                                 источник                              
------------------  ---------------------------------------------------------------------  -----------------  ------------------------------------  --------------------------------------
Ранжирование        mAP@10 без постобработки                                               70.7               31.8 / 45 (допущение: линейно)        results\hack_ft_soup_b336_fit_val.json
Ранжирование        mAP@10 с постобработкой (k-recip 6/2, validation; перенос не измерен)  73.8               33.2 / 45 (допущение: линейно)        тот же файл, блок postprocess         
Ранжирование        — для сравнения: dba k=5 + k-recip 6/2 ЗАПРЕЩЕНО (ответ 38)            75.0               не идёт в балл                        тот же файл, блок postprocess         
Отказ               0.7*F1 + 0.3*TNR при пороге 0.55 (F1 96.8, TNR 95.5)                   96.4               диагностика, не балл релиза           results/refusal_stress.json           
Отказ               — то же без одно-камерных дубликатов (стресс)                          63.2               stress, не балл релиза                тот же файл                           
Отказ               mINP (справочно, в балл не входит)                                     69.3               —                                     тот же файл                           
Производительность  латентность batch=1, медиана (300 прогонов)                            31.5 мс            10.0/10, проекция на этом устройстве  results/bench_full.json               
Производительность  лучший FPS (batch 8)                                                   188.7              10.0/10, проекция на этом устройстве  results/bench_full.json               
Производительность  суммарный размер весов, МБ (лимит 2048)                                164.0              —                                     results/bench_full.json               
Производительность  время загрузки весов, с                                                2.66               —                                     results/bench_full.json               
Производительность  пик VRAM, МБ                                                           1455.9             —                                     results/bench_full.json               
Производительность  два прогона совпали бит в бит                                          True               —                                     results/bench_full.json               
Сдача               отказов на открытом тесте                                              69 из 1110 (6.2%)  —                                     submission/run_info.json              
Сдача               размерность вектора                                                    1536               —                                     submission/run_info.json              
Сдача               весь прогон, с                                                         81.0               —                                     submission/run_info.json              
Перенос порога      сдвиг медианы уверенности релизной модели                              +0.0025            —                                     results/threshold_transfer.json       
Перенос порога      решений перевернулось бы при выравнивании доли                         1 из 1110          —                                     results/threshold_transfer.json       

Блоки: ранжирование 45%, отказ 10%, производительность 20%. Защита и продукт (25%) не здесь.
[manifest] файлов с хэшами 6, fit id 1233, val id 307, пересечение 0
[manifest] → reports\MANIFEST.json
 Network vreid_default Creating 
 Network vreid_default Created 
 Container vreid-db-1 Creating 
 Container vreid-db-1 Created 
 Container vreid-api-1 Creating 
 Container vreid-api-1 Created 
 Container vreid-web-1 Creating 
 Container vreid-web-1 Created 
 Container vreid-db-1 Starting 
 Container vreid-db-1 Started 
 Container vreid-db-1 Waiting 
 Container vreid-db-1 Healthy 
 Container vreid-api-1 Starting 
 Container vreid-api-1 Started 
 Container vreid-web-1 Starting 
 Container vreid-web-1 Started 
[wait] http://localhost:8080/health отвечает через 0 с
{
  "passed": true,
  "scope": "HTTP execution smoke, not accuracy",
  "imported": 20,
  "gallery_count": 20,
  "ranking_count": 10,
  "accepted": true,
  "top1": "df7ea50171af48df81584ab7e8107d15",
  "device": "cuda",
  "dimension": 1536,
  "model_sha256": "608042f64c259b97590e57b81f6c03e7143fba43d9a9c320b4a2a346e9f5fd1c",
  "recipe_sha256": "0695be5c170af994e0298ee54fd6def1095a5c12400b13d2ccaaca14c6f1cf9e",
  "same_reference_release": false,
  "exact_reference_top10": true,
  "seconds": 6.79
}
Different model/recipe: only HTTP execution was checked, not equivalence to 19b.
[logs] переписано 29, уже в UTF-8 207, не разобрано 0
