запросов 1213; с парой 970, из них с одно-камерным дубликатом 970 (100.0%)
медиана уверенности у запросов с парой: A 0.912, B 0.517

   порог  A: как сейчас  B: без дублей   худший    E p=0.7   E p=0.85   E p=0.95
--------------------------------------------------------------------------------
  0.4000          82.41          66.55    66.55      77.65      80.03      81.62
  0.4200          85.03          67.94    67.94      79.90      82.47      84.18
  0.4400          86.96          68.40    68.40      81.39      84.17      86.03
  0.4600          88.77          67.85    67.85      82.49      85.63      87.72
  0.4800          92.56          69.67    69.67      85.69      89.13      91.41
  0.5000          93.95          68.62    68.62      86.35      90.15      92.69
  0.5200          94.95          66.79    66.79      86.50      90.73      93.54
  0.5400          95.84          64.54    64.54      86.45      91.14      94.27
  0.5600          96.33          61.24    61.24      85.80      91.06      94.57
  0.5800          96.30          57.42    57.42      84.64      90.47      94.35
  0.6000          96.66          54.39    54.39      83.98      90.32      94.55
  0.6200          96.71          50.97    50.97      82.99      89.85      94.42
  0.6400          96.63          47.96    47.96      82.03      89.33      94.20
  0.6600          96.36          45.28    45.28      81.03      88.69      93.80
  0.6800          95.96          42.11    42.11      79.80      87.88      93.26
  0.7000          95.35          39.29    39.29      78.53      86.94      92.55
--------------------------------------------------------------------------------
минимакс: порог 0.4800, худший балл 69.67
максимум ожидания при вере p=0.70: порог 0.5200, ожидание 86.50
максимум ожидания при вере p=0.85: порог 0.5500, ожидание 91.41
максимум ожидания при вере p=0.95: порог 0.5500, ожидание 94.73

[stress] → results/refusal_stress_fit.json
