запросов 1213; с парой 970, из них с одно-камерным дубликатом 970 (100.0%)
медиана уверенности у запросов с парой: A 0.908, B 0.505

   порог  A: как сейчас  B: без дублей   худший    E p=0.7   E p=0.85   E p=0.95
--------------------------------------------------------------------------------
  0.4000          83.70          67.39    67.39      78.81      81.25      82.88
  0.4200          86.60          68.69    68.69      81.22      83.91      85.70
  0.4400          88.80          69.24    69.24      82.94      85.87      87.82
  0.4600          91.37          70.09    70.09      84.99      88.18      90.31
  0.4800          93.19          69.44    69.44      86.07      89.63      92.00
  0.5000          94.15          68.36    68.36      86.41      90.28      92.86
  0.5200          95.39          66.29    66.29      86.66      91.02      93.93
  0.5400          96.08          63.34    63.34      86.26      91.17      94.44
  0.5600          96.53          60.86    60.86      85.83      91.18      94.75
  0.5800          96.74          56.48    56.48      84.66      90.70      94.72
  0.6000          97.06          53.15    53.15      83.89      90.47      94.87
  0.6200          96.71          49.15    49.15      82.44      89.58      94.33
  0.6400          96.44          45.62    45.62      81.19      88.81      93.89
  0.6600          96.12          42.95    42.95      80.17      88.14      93.46
  0.6800          95.67          40.41    40.41      79.09      87.38      92.91
  0.7000          95.26          37.90    37.90      78.05      86.66      92.39
--------------------------------------------------------------------------------
минимакс: порог 0.4600, худший балл 70.09
максимум ожидания при вере p=0.70: порог 0.5300, ожидание 86.73
максимум ожидания при вере p=0.85: порог 0.5300, ожидание 91.32
максимум ожидания при вере p=0.95: порог 0.5900, ожидание 95.05

[stress] → results/refusal_stress.json
