[train] ФИНАЛЬНЫЙ режим: все 1541 id в обучении, валидации нет — сохраняется последняя эпоха, число эпох задай по лучшему прогону с валидацией
[train] кропы fit: 9556 (0 c)
Warning: You are sending unauthenticated requests to the HF Hub. Please set a HF_TOKEN to enable higher rate limits and faster downloads.
[train] vit_base_patch14_dinov2.lvd142m, D=1536, id=1541, device=cuda
[train] дистилляция от weights/hack_dinov2_l_336_cam/best.pt: D учителя 2048, вес 20.0
[train] сэмплер: camera-aware (кадры одной машины — с разных камер)
E:\Хакатон\vreid\train.py:579: UserWarning: Detected call of `lr_scheduler.step()` before `optimizer.step()`. In PyTorch 1.1.0 and later, you should call them in the opposite order: `optimizer.step()` before `lr_scheduler.step()`.  Failure to do this will result in PyTorch skipping the first value of the learning rate schedule. See more details at https://pytorch.org/docs/stable/optim.html#how-to-adjust-learning-rate
  scaler.step(opt); scaler.update(); sched.step(); step += 1
[ep 01] loss=16.418 (270 c)
[ep 02] loss=12.423 (260 c)
[ep 03] loss=8.528 (260 c)
[ep 04] loss=5.931 (261 c)
[ep 05] loss=3.964 (260 c)
[ep 06] loss=2.676 (260 c)
[ep 07] loss=1.932 (261 c)
[ep 08] loss=1.439 (260 c)
[ep 09] loss=1.099 (260 c)
[ep 10] loss=0.878 (260 c)
[ep 11] loss=0.705 (260 c)
[ep 12] loss=0.561 (260 c)
[ep 13] loss=0.504 (260 c)
[ep 14] loss=0.432 (260 c)
[ep 15] loss=0.395 (260 c)
[ep 16] loss=0.363 (260 c)
[ep 17] loss=0.356 (260 c)
[ep 18] loss=0.355 (260 c)
[train] финальная модель: 18 эпох на всех id → weights\hack_dinov2_b_336_all_s2\best.pt (валидации не было)
