[train] ФИНАЛЬНЫЙ режим: все 1541 id в обучении, валидации нет — сохраняется последняя эпоха, число эпох задай по лучшему прогону с валидацией
[train] кропы fit: 9556 (0 c)
[train] vit_base_patch14_dinov2.lvd142m, D=1536, id=1541, device=cuda
[train] дистилляция от weights/hack_dinov2_l_336_cam/best.pt: D учителя 2048, вес 20.0
[train] сэмплер: camera-aware (кадры одной машины — с разных камер)
E:\Хакатон\vreid\train.py:579: UserWarning: Detected call of `lr_scheduler.step()` before `optimizer.step()`. In PyTorch 1.1.0 and later, you should call them in the opposite order: `optimizer.step()` before `lr_scheduler.step()`.  Failure to do this will result in PyTorch skipping the first value of the learning rate schedule. See more details at https://pytorch.org/docs/stable/optim.html#how-to-adjust-learning-rate
  scaler.step(opt); scaler.update(); sched.step(); step += 1
[ep 01] loss=16.358 (261 c)
[ep 02] loss=12.351 (260 c)
[ep 03] loss=8.429 (260 c)
[ep 04] loss=5.917 (260 c)
[ep 05] loss=3.845 (260 c)
[ep 06] loss=2.756 (260 c)
[ep 07] loss=2.019 (260 c)
[ep 08] loss=1.501 (260 c)
[ep 09] loss=1.147 (260 c)
[ep 10] loss=0.852 (261 c)
[ep 11] loss=0.678 (260 c)
[ep 12] loss=0.573 (260 c)
[ep 13] loss=0.503 (260 c)
[ep 14] loss=0.438 (260 c)
[ep 15] loss=0.405 (260 c)
[ep 16] loss=0.370 (260 c)
[ep 17] loss=0.361 (260 c)
[ep 18] loss=0.365 (260 c)
[train] финальная модель: 18 эпох на всех id → weights\hack_dinov2_b_336_all_s3\best.pt (валидации не было)
