[transfer] открытый тест: запросов 1110, галерея 750; порог из релиза 0.6011
[transfer] модель калибровки: weights/soup_b336_val/best.pt
[models] ft:soup_b336_val: vit_base_patch14_dinov2.lvd142m, D=1536, input=336, device=cuda

extract[query]:   0%|          | 0/35 [00:00<?, ?batch/s]
extract[query]:   3%|▎         | 1/35 [00:30<17:28, 30.83s/batch]
extract[query]:   6%|▌         | 2/35 [00:31<07:02, 12.80s/batch]
extract[query]:   9%|▊         | 3/35 [00:31<03:44,  7.03s/batch]
extract[query]:  11%|█▏        | 4/35 [00:31<02:14,  4.33s/batch]
extract[query]:  14%|█▍        | 5/35 [00:31<01:25,  2.84s/batch]
extract[query]:  17%|█▋        | 6/35 [00:31<00:56,  1.95s/batch]
extract[query]:  20%|██        | 7/35 [00:31<00:38,  1.37s/batch]
extract[query]:  23%|██▎       | 8/35 [00:32<00:28,  1.06s/batch]
extract[query]:  26%|██▌       | 9/35 [00:35<00:43,  1.67s/batch]
extract[query]:  29%|██▊       | 10/35 [00:35<00:30,  1.20s/batch]
extract[query]:  31%|███▏      | 11/35 [00:35<00:21,  1.13batch/s]
extract[query]:  34%|███▍      | 12/35 [00:35<00:15,  1.52batch/s]
extract[query]:  37%|███▋      | 13/35 [00:35<00:10,  2.00batch/s]
extract[query]:  40%|████      | 14/35 [00:36<00:08,  2.57batch/s]
extract[query]:  43%|████▎     | 15/35 [00:36<00:06,  3.21batch/s]
extract[query]:  46%|████▌     | 16/35 [00:37<00:13,  1.42batch/s]
extract[query]:  49%|████▊     | 17/35 [00:39<00:18,  1.02s/batch]
extract[query]:  51%|█████▏    | 18/35 [00:39<00:12,  1.32batch/s]
extract[query]:  54%|█████▍    | 19/35 [00:39<00:09,  1.73batch/s]
extract[query]:  57%|█████▋    | 20/35 [00:40<00:06,  2.16batch/s]
extract[query]:  60%|██████    | 21/35 [00:40<00:05,  2.58batch/s]
extract[query]:  63%|██████▎   | 22/35 [00:40<00:04,  2.97batch/s]
extract[query]:  66%|██████▌   | 23/35 [00:40<00:03,  3.30batch/s]
extract[query]:  69%|██████▊   | 24/35 [00:41<00:04,  2.35batch/s]
extract[query]:  71%|███████▏  | 25/35 [00:43<00:09,  1.03batch/s]
extract[query]:  74%|███████▍  | 26/35 [00:43<00:06,  1.35batch/s]
extract[query]:  77%|███████▋  | 27/35 [00:44<00:04,  1.76batch/s]
extract[query]:  80%|████████  | 28/35 [00:44<00:03,  2.22batch/s]
extract[query]:  83%|████████▎ | 29/35 [00:44<00:02,  2.60batch/s]
extract[query]:  86%|████████▌ | 30/35 [00:44<00:01,  3.09batch/s]
extract[query]:  89%|████████▊ | 31/35 [00:44<00:01,  3.59batch/s]
extract[query]:  91%|█████████▏| 32/35 [00:45<00:00,  4.04batch/s]
extract[query]:  94%|█████████▍| 33/35 [00:45<00:00,  2.96batch/s]
extract[query]:  97%|█████████▋| 34/35 [00:45<00:00,  3.62batch/s]
extract[query]: 100%|██████████| 35/35 [00:47<00:00,  1.36s/batch]
[extract] query: 43.0 мс/кроп всего = 6.4 сеть + 36.6 чтение кадров с диска

extract[gallery]:   0%|          | 0/24 [00:00<?, ?batch/s]
extract[gallery]:   4%|▍         | 1/24 [00:21<08:25, 21.96s/batch]
extract[gallery]:   8%|▊         | 2/24 [00:23<03:36,  9.84s/batch]
extract[gallery]:  12%|█▎        | 3/24 [00:23<01:55,  5.48s/batch]
extract[gallery]:  17%|█▋        | 4/24 [00:23<01:08,  3.43s/batch]
extract[gallery]:  21%|██        | 5/24 [00:24<00:43,  2.31s/batch]
extract[gallery]:  25%|██▌       | 6/24 [00:24<00:28,  1.61s/batch]
extract[gallery]:  29%|██▉       | 7/24 [00:24<00:20,  1.18s/batch]
extract[gallery]:  33%|███▎      | 8/24 [00:25<00:17,  1.11s/batch]
extract[gallery]:  38%|███▊      | 9/24 [00:25<00:12,  1.22batch/s]
extract[gallery]:  42%|████▏     | 10/24 [00:27<00:12,  1.08batch/s]
extract[gallery]:  46%|████▌     | 11/24 [00:27<00:08,  1.44batch/s]
extract[gallery]:  50%|█████     | 12/24 [00:28<00:09,  1.26batch/s]
extract[gallery]:  54%|█████▍    | 13/24 [00:28<00:07,  1.52batch/s]
extract[gallery]:  58%|█████▊    | 14/24 [00:28<00:05,  1.76batch/s]
extract[gallery]:  62%|██████▎   | 15/24 [00:29<00:04,  2.13batch/s]
extract[gallery]:  67%|██████▋   | 16/24 [00:30<00:06,  1.16batch/s]
extract[gallery]:  71%|███████   | 17/24 [00:31<00:04,  1.52batch/s]
extract[gallery]:  75%|███████▌  | 18/24 [00:31<00:03,  1.91batch/s]
extract[gallery]:  79%|███████▉  | 19/24 [00:31<00:02,  2.35batch/s]
extract[gallery]:  83%|████████▎ | 20/24 [00:31<00:01,  2.64batch/s]
extract[gallery]:  88%|████████▊ | 21/24 [00:32<00:00,  3.17batch/s]
extract[gallery]:  92%|█████████▏| 22/24 [00:32<00:00,  3.77batch/s]
extract[gallery]:  96%|█████████▌| 23/24 [00:32<00:00,  4.31batch/s]
extract[gallery]: 100%|██████████| 24/24 [00:34<00:00,  1.42s/batch]
[extract] gallery: 45.4 мс/кроп всего = 7.3 сеть + 38.1 чтение кадров с диска
[transfer] модель релиза:    weights/soup_b336_all/best.pt
[models] ft:soup_b336_all: vit_base_patch14_dinov2.lvd142m, D=1536, input=336, device=cuda

extract[query]:   0%|          | 0/35 [00:00<?, ?batch/s]
extract[query]:   3%|▎         | 1/35 [00:18<10:14, 18.07s/batch]
extract[query]:   6%|▌         | 2/35 [00:18<04:11,  7.62s/batch]
extract[query]:   9%|▊         | 3/35 [00:18<02:19,  4.34s/batch]
extract[query]:  11%|█▏        | 4/35 [00:19<01:26,  2.79s/batch]
extract[query]:  14%|█▍        | 5/35 [00:19<00:57,  1.91s/batch]
extract[query]:  17%|█▋        | 6/35 [00:19<00:39,  1.35s/batch]
extract[query]:  20%|██        | 7/35 [00:20<00:27,  1.01batch/s]
extract[query]:  23%|██▎       | 8/35 [00:21<00:33,  1.26s/batch]
extract[query]:  26%|██▌       | 9/35 [00:22<00:24,  1.06batch/s]
extract[query]:  29%|██▊       | 10/35 [00:22<00:18,  1.36batch/s]
extract[query]:  31%|███▏      | 11/35 [00:22<00:13,  1.76batch/s]
extract[query]:  34%|███▍      | 12/35 [00:22<00:10,  2.26batch/s]
extract[query]:  37%|███▋      | 13/35 [00:22<00:08,  2.73batch/s]
extract[query]:  40%|████      | 14/35 [00:23<00:06,  3.02batch/s]
extract[query]:  43%|████▎     | 15/35 [00:23<00:06,  3.14batch/s]
extract[query]:  46%|████▌     | 16/35 [00:23<00:05,  3.23batch/s]
extract[query]:  49%|████▊     | 17/35 [00:23<00:04,  3.71batch/s]
extract[query]:  51%|█████▏    | 18/35 [00:24<00:04,  3.89batch/s]
extract[query]:  54%|█████▍    | 19/35 [00:24<00:03,  4.46batch/s]
extract[query]:  57%|█████▋    | 20/35 [00:24<00:03,  4.45batch/s]
extract[query]:  60%|██████    | 21/35 [00:24<00:03,  4.45batch/s]
extract[query]:  63%|██████▎   | 22/35 [00:25<00:02,  4.45batch/s]
extract[query]:  66%|██████▌   | 23/35 [00:25<00:02,  4.04batch/s]
extract[query]:  69%|██████▊   | 24/35 [00:25<00:02,  3.92batch/s]
extract[query]:  71%|███████▏  | 25/35 [00:25<00:02,  3.92batch/s]
extract[query]:  74%|███████▍  | 26/35 [00:26<00:02,  4.12batch/s]
extract[query]:  77%|███████▋  | 27/35 [00:26<00:01,  4.67batch/s]
extract[query]:  80%|████████  | 28/35 [00:26<00:01,  4.47batch/s]
extract[query]:  83%|████████▎ | 29/35 [00:26<00:01,  3.88batch/s]
extract[query]:  86%|████████▌ | 30/35 [00:27<00:01,  3.71batch/s]
extract[query]:  89%|████████▊ | 31/35 [00:27<00:01,  3.84batch/s]
extract[query]:  91%|█████████▏| 32/35 [00:27<00:00,  3.60batch/s]
extract[query]:  94%|█████████▍| 33/35 [00:27<00:00,  3.75batch/s]
extract[query]:  97%|█████████▋| 34/35 [00:28<00:00,  3.98batch/s]
extract[query]: 100%|██████████| 35/35 [00:28<00:00,  4.60batch/s]
extract[query]: 100%|██████████| 35/35 [00:30<00:00,  1.16batch/s]
[extract] query: 27.2 мс/кроп всего = 8.1 сеть + 19.1 чтение кадров с диска

extract[gallery]:   0%|          | 0/24 [00:00<?, ?batch/s]
extract[gallery]:   4%|▍         | 1/24 [00:17<06:50, 17.85s/batch]
extract[gallery]:   8%|▊         | 2/24 [00:18<02:43,  7.45s/batch]
extract[gallery]:  12%|█▎        | 3/24 [00:18<01:27,  4.16s/batch]
extract[gallery]:  17%|█▋        | 4/24 [00:18<00:51,  2.58s/batch]
extract[gallery]:  21%|██        | 5/24 [00:18<00:33,  1.74s/batch]
extract[gallery]:  25%|██▌       | 6/24 [00:18<00:21,  1.22s/batch]
extract[gallery]:  29%|██▉       | 7/24 [00:19<00:14,  1.14batch/s]
extract[gallery]:  33%|███▎      | 8/24 [00:20<00:16,  1.04s/batch]
extract[gallery]:  38%|███▊      | 9/24 [00:20<00:12,  1.23batch/s]
extract[gallery]:  42%|████▏     | 10/24 [00:21<00:09,  1.50batch/s]
extract[gallery]:  46%|████▌     | 11/24 [00:21<00:07,  1.76batch/s]
extract[gallery]:  50%|█████     | 12/24 [00:21<00:05,  2.05batch/s]
extract[gallery]:  54%|█████▍    | 13/24 [00:21<00:04,  2.44batch/s]
extract[gallery]:  58%|█████▊    | 14/24 [00:22<00:03,  2.88batch/s]
extract[gallery]:  62%|██████▎   | 15/24 [00:22<00:02,  3.48batch/s]
extract[gallery]:  67%|██████▋   | 16/24 [00:22<00:01,  4.15batch/s]
extract[gallery]:  71%|███████   | 17/24 [00:22<00:01,  4.61batch/s]
extract[gallery]:  75%|███████▌  | 18/24 [00:22<00:01,  5.15batch/s]
extract[gallery]:  79%|███████▉  | 19/24 [00:23<00:01,  4.24batch/s]
extract[gallery]:  83%|████████▎ | 20/24 [00:23<00:00,  4.29batch/s]
extract[gallery]:  88%|████████▊ | 21/24 [00:23<00:00,  4.65batch/s]
extract[gallery]:  92%|█████████▏| 22/24 [00:23<00:00,  4.66batch/s]
extract[gallery]:  96%|█████████▌| 23/24 [00:23<00:00,  4.50batch/s]
extract[gallery]: 100%|██████████| 24/24 [00:24<00:00,  5.07batch/s]
extract[gallery]: 100%|██████████| 24/24 [00:26<00:00,  1.10s/batch]
[extract] gallery: 35.0 мс/кроп всего = 7.1 сеть + 28.0 чтение кадров с диска

модель            среднее  медиана      p1      p5     p10     p20     p50     p80     p95   отказов
----------------------------------------------------------------------------------------------------
калибровочная      0.8539   0.9121  0.3714  0.5262  0.6387  0.7573  0.9121  0.9633  0.9828      8.2%
релизная           0.8551   0.9145  0.3849  0.5075  0.6444  0.7634  0.9145  0.9648  0.9829      8.3%

сдвиг медианы релизной модели к калибровочной: +0.0025
корреляция уверенностей по запросам: Пирсон 0.993, Спирмен 0.993
порог, дающий релизной модели ту же долю отказов (8.2%): 0.6007 (отличие от рабочего -0.0004, перевернулось бы решений: 1 из 1110)

В открытом тесте у каждого запроса есть пара (ответ 17), поэтому доля принятых —
это прямая оценка recall: релизная модель принимает 91.7%, а на валидации recall был 92.9%.
Расхождение 1.2 п.п.

[transfer] → results/threshold_transfer.json
[W918 22:30:02.000000000 CudaIPCTypes.cpp:16] Producer process has been terminated before all shared CUDA tensors released. See Note [Sharing CUDA tensors]
